#
# There is insufficient memory for the Java Runtime Environment to continue.
# Native memory allocation (malloc) failed to allocate 1044752 bytes. Error detail: Chunk::new
# Possible reasons:
#   The system is out of physical RAM or swap space
#   This process is running with CompressedOops enabled, and the Java Heap may be blocking the growth of the native heap
# Possible solutions:
#   Reduce memory load on the system
#   Increase physical memory or swap space
#   Check if swap backing store is full
#   Decrease Java heap size (-Xmx/-Xms)
#   Decrease number of Java threads
#   Decrease Java thread stack sizes (-Xss)
#   Set larger code cache with -XX:ReservedCodeCacheSize=
#   JVM is running with Unscaled Compressed Oops mode in which the Java heap is
#     placed in the first 4GB address space. The Java Heap base address is the
#     maximum limit for the native heap growth. Please use -XX:HeapBaseMinAddress
#     to set the Java Heap base and to place the Java Heap above 4GB virtual address.
# This output file may be truncated or incomplete.
#
#  Out of Memory Error (arena.cpp:168), pid=26428, tid=10308
#
# JRE version: OpenJDK Runtime Environment Temurin-21.0.10+7 (21.0.10+7) (build 21.0.10+7-LTS)
# Java VM: OpenJDK 64-Bit Server VM Temurin-21.0.10+7 (21.0.10+7-LTS, mixed mode, sharing, tiered, compressed oops, compressed class ptrs, parallel gc, windows-amd64)
# No core dump will be written. Minidumps are not enabled by default on client versions of Windows
#

---------------  S U M M A R Y ------------

Command Line: --add-modules=ALL-SYSTEM --add-opens=java.base/java.util=ALL-UNNAMED --add-opens=java.base/java.lang=ALL-UNNAMED --add-opens=java.base/sun.nio.fs=ALL-UNNAMED -Declipse.application=org.eclipse.jdt.ls.core.id1 -Dosgi.bundles.defaultStartLevel=4 -Declipse.product=org.eclipse.jdt.ls.core.product -Djava.import.generatesMetadataFilesAtProjectRoot=false -DDetectVMInstallationsJob.disabled=true -Dfile.encoding=utf8 -XX:+UseParallelGC -XX:GCTimeRatio=4 -XX:AdaptiveSizePolicyWeight=90 -Dsun.zip.disableMemoryMapping=true -Xmx2G -Xms100m -Xlog:disable -javaagent:c:\Users\Thinhpa\.vscode\extensions\redhat.java-1.53.0-win32-x64\lombok\lombok-1.18.39-4050.jar -XX:+HeapDumpOnOutOfMemoryError -XX:HeapDumpPath=c:\Users\Thinhpa\AppData\Roaming\Code\User\workspaceStorage\fa1a3e468aabf42a35b8464760eae321\redhat.java -Daether.dependencyCollector.impl=bf c:\Users\Thinhpa\.vscode\extensions\redhat.java-1.53.0-win32-x64\server\plugins\org.eclipse.equinox.launcher_1.7.100.v20251111-0406.jar -configuration c:\Users\Thinhpa\AppData\Roaming\Code\User\globalStorage\redhat.java\1.53.0\config_win -data c:\Users\Thinhpa\AppData\Roaming\Code\User\workspaceStorage\fa1a3e468aabf42a35b8464760eae321\redhat.java\jdt_ws --pipe=\\.\pipe\lsp-f0d57f3d505ab9d4c5c9524f14f2ee7f-sock

Host: 12th Gen Intel(R) Core(TM) i5-12500H, 16 cores, 15G,  Windows 11 , 64 bit Build 26100 (10.0.26100.7920)
Time: Sun Mar 29 23:32:27 2026 SE Asia Standard Time elapsed time: 86676.037569 seconds (1d 0h 4m 36s)

---------------  T H R E A D  ---------------

Current thread (0x000002e8e09d7500):  JavaThread "C2 CompilerThread1" daemon [_thread_in_native, id=10308, stack(0x000000f400600000,0x000000f400700000) (1024K)]


Current CompileTask:
C2:86676037 13686   !   4       org.eclipse.jdt.internal.core.JavaProject$ModuleLookup::getModule (102 bytes)

Stack: [0x000000f400600000,0x000000f400700000]
Native frames: (J=compiled Java code, j=interpreted, Vv=VM code, C=native code)
V  [jvm.dll+0x6d7a39]
V  [jvm.dll+0x8b4b26]
V  [jvm.dll+0x8b70de]
V  [jvm.dll+0x8b77c3]
V  [jvm.dll+0x284346]
V  [jvm.dll+0xc66ed]
V  [jvm.dll+0xc6c31]
V  [jvm.dll+0x3bec3b]
V  [jvm.dll+0x1e3f69]
V  [jvm.dll+0x24c6b3]
V  [jvm.dll+0x24bb40]
V  [jvm.dll+0x1cb34e]
V  [jvm.dll+0x25b85d]
V  [jvm.dll+0x259dea]
V  [jvm.dll+0x3f857e]
V  [jvm.dll+0x85f59d]
V  [jvm.dll+0x6d626d]
C  [ucrtbase.dll+0x37b0]
C  [KERNEL32.DLL+0x2e8d7]
C  [ntdll.dll+0x8c48c]


---------------  P R O C E S S  ---------------

Threads class SMR info:
_java_thread_list=0x000002e8e0cc7180, length=53, elements={
0x000002e8fcdc7470, 0x000002e89633e8f0, 0x000002e8ff2b2df0, 0x000002e8ff2b55a0,
0x000002e8ff2b65b0, 0x000002e8ff2b9520, 0x000002e8ff2b9f80, 0x000002e8ff2c7680,
0x000002e8d89951f0, 0x000002e8d8b2b4f0, 0x000002e8da28c600, 0x000002e8da999b40,
0x000002e8df2cbb20, 0x000002e8da30ff80, 0x000002e8da315b40, 0x000002e8df4d22f0,
0x000002e8da47b720, 0x000002e8df648f70, 0x000002e8df648250, 0x000002e8dfc21990,
0x000002e8dfc1ff50, 0x000002e8dfc240f0, 0x000002e8dfc226b0, 0x000002e8dfc21300,
0x000002e8dfc20c70, 0x000002e8dfc22020, 0x000002e8dfc254a0, 0x000002e8dfc24780,
0x000002e8dfc24e10, 0x000002e8dfc25b30, 0x000002e8dfc261c0, 0x000002e8dfc23a60,
0x000002e8dfc22d40, 0x000002e8dfc233d0, 0x000002e8e2373560, 0x000002e8e2374fa0,
0x000002e8e2373bf0, 0x000002e8e23769e0, 0x000002e8e2374910, 0x000002e8e2375630,
0x000002e8e17b1c10, 0x000002e8e17b22a0, 0x000002e8e17af4b0, 0x000002e8e17aee20,
0x000002e8e17b2fc0, 0x000002e8e17afb40, 0x000002e8e17b3ce0, 0x000002e8e09d7500,
0x000002e8e09d3e80, 0x000002e8e09d6760, 0x000002e8e09d59c0, 0x000002e8e09d6090,
0x000002e8e09d4550
}

Java Threads: ( => current thread )
  0x000002e8fcdc7470 JavaThread "main"                              [_thread_blocked, id=25780, stack(0x000000f47ad00000,0x000000f47ae00000) (1024K)]
  0x000002e89633e8f0 JavaThread "Reference Handler"          daemon [_thread_blocked, id=16776, stack(0x000000f47b100000,0x000000f47b200000) (1024K)]
  0x000002e8ff2b2df0 JavaThread "Finalizer"                  daemon [_thread_blocked, id=21396, stack(0x000000f47b200000,0x000000f47b300000) (1024K)]
  0x000002e8ff2b55a0 JavaThread "Signal Dispatcher"          daemon [_thread_blocked, id=23072, stack(0x000000f47b300000,0x000000f47b400000) (1024K)]
  0x000002e8ff2b65b0 JavaThread "Attach Listener"            daemon [_thread_blocked, id=7256, stack(0x000000f47b400000,0x000000f47b500000) (1024K)]
  0x000002e8ff2b9520 JavaThread "Service Thread"             daemon [_thread_blocked, id=18804, stack(0x000000f47b500000,0x000000f47b600000) (1024K)]
  0x000002e8ff2b9f80 JavaThread "Monitor Deflation Thread"   daemon [_thread_blocked, id=19876, stack(0x000000f47b600000,0x000000f47b700000) (1024K)]
  0x000002e8ff2c7680 JavaThread "C2 CompilerThread0"         daemon [_thread_blocked, id=12176, stack(0x000000f47b700000,0x000000f47b800000) (1024K)]
  0x000002e8d89951f0 JavaThread "C1 CompilerThread0"         daemon [_thread_blocked, id=25656, stack(0x000000f47b800000,0x000000f47b900000) (1024K)]
  0x000002e8d8b2b4f0 JavaThread "Common-Cleaner"             daemon [_thread_blocked, id=26044, stack(0x000000f47bb00000,0x000000f47bc00000) (1024K)]
  0x000002e8da28c600 JavaThread "Notification Thread"        daemon [_thread_blocked, id=8468, stack(0x000000f47be00000,0x000000f47bf00000) (1024K)]
  0x000002e8da999b40 JavaThread "Active Thread: Equinox Container: 48baf097-cec6-4c3b-ad36-abd982c98ade"        [_thread_blocked, id=23340, stack(0x000000f47c800000,0x000000f47c900000) (1024K)]
  0x000002e8df2cbb20 JavaThread "Refresh Thread: Equinox Container: 48baf097-cec6-4c3b-ad36-abd982c98ade" daemon [_thread_blocked, id=26196, stack(0x000000f47b900000,0x000000f47ba00000) (1024K)]
  0x000002e8da30ff80 JavaThread "Framework Event Dispatcher: Equinox Container: 48baf097-cec6-4c3b-ad36-abd982c98ade" daemon [_thread_blocked, id=9188, stack(0x000000f47ba00000,0x000000f47bb00000) (1024K)]
  0x000002e8da315b40 JavaThread "Start Level: Equinox Container: 48baf097-cec6-4c3b-ad36-abd982c98ade" daemon [_thread_blocked, id=15168, stack(0x000000f47bc00000,0x000000f47bd00000) (1024K)]
  0x000002e8df4d22f0 JavaThread "Bundle File Closer"         daemon [_thread_blocked, id=10656, stack(0x000000f47cb00000,0x000000f47cc00000) (1024K)]
  0x000002e8da47b720 JavaThread "SCR Component Actor"        daemon [_thread_blocked, id=1336, stack(0x000000f47bd00000,0x000000f47be00000) (1024K)]
  0x000002e8df648f70 JavaThread "Worker-JM"                         [_thread_blocked, id=23852, stack(0x000000f47d000000,0x000000f47d100000) (1024K)]
  0x000002e8df648250 JavaThread "JNA Cleaner"                daemon [_thread_blocked, id=26124, stack(0x000000f47cc00000,0x000000f47cd00000) (1024K)]
  0x000002e8dfc21990 JavaThread "Java indexing"              daemon [_thread_blocked, id=26304, stack(0x000000f47d600000,0x000000f47d700000) (1024K)]
  0x000002e8dfc1ff50 JavaThread "Thread-1"                   daemon [_thread_in_native, id=26564, stack(0x000000f47dd00000,0x000000f47de00000) (1024K)]
  0x000002e8dfc240f0 JavaThread "Thread-2"                   daemon [_thread_in_native, id=24588, stack(0x000000f47de00000,0x000000f47df00000) (1024K)]
  0x000002e8dfc226b0 JavaThread "Thread-3"                   daemon [_thread_in_native, id=20996, stack(0x000000f47df00000,0x000000f47e000000) (1024K)]
  0x000002e8dfc21300 JavaThread "Thread-4"                   daemon [_thread_in_native, id=25020, stack(0x000000f47e000000,0x000000f47e100000) (1024K)]
  0x000002e8dfc20c70 JavaThread "Thread-5"                   daemon [_thread_in_native, id=20524, stack(0x000000f47e100000,0x000000f47e200000) (1024K)]
  0x000002e8dfc22020 JavaThread "Thread-6"                   daemon [_thread_in_native, id=6032, stack(0x000000f47e200000,0x000000f47e300000) (1024K)]
  0x000002e8dfc254a0 JavaThread "Thread-7"                   daemon [_thread_in_native, id=26116, stack(0x000000f47e300000,0x000000f47e400000) (1024K)]
  0x000002e8dfc24780 JavaThread "Thread-8"                   daemon [_thread_in_native, id=26120, stack(0x000000f47e400000,0x000000f47e500000) (1024K)]
  0x000002e8dfc24e10 JavaThread "Thread-9"                   daemon [_thread_in_native, id=13128, stack(0x000000f47e500000,0x000000f47e600000) (1024K)]
  0x000002e8dfc25b30 JavaThread "Thread-10"                  daemon [_thread_in_native, id=26168, stack(0x000000f47e600000,0x000000f47e700000) (1024K)]
  0x000002e8dfc261c0 JavaThread "Thread-11"                  daemon [_thread_in_native, id=12432, stack(0x000000f47e700000,0x000000f47e800000) (1024K)]
  0x000002e8dfc23a60 JavaThread "Thread-12"                  daemon [_thread_in_native, id=21532, stack(0x000000f47e800000,0x000000f47e900000) (1024K)]
  0x000002e8dfc22d40 JavaThread "Thread-13"                  daemon [_thread_in_native, id=25760, stack(0x000000f47e900000,0x000000f47ea00000) (1024K)]
  0x000002e8dfc233d0 JavaThread "Thread-14"                  daemon [_thread_in_native, id=26516, stack(0x000000f47ea00000,0x000000f47eb00000) (1024K)]
  0x000002e8e2373560 JavaThread "Thread-15"                  daemon [_thread_in_native, id=25800, stack(0x000000f47eb00000,0x000000f47ec00000) (1024K)]
  0x000002e8e2374fa0 JavaThread "Thread-16"                  daemon [_thread_in_native, id=22176, stack(0x000000f47ec00000,0x000000f47ed00000) (1024K)]
  0x000002e8e2373bf0 JavaThread "Thread-17"                  daemon [_thread_in_native, id=25764, stack(0x000000f47ed00000,0x000000f47ee00000) (1024K)]
  0x000002e8e23769e0 JavaThread "pool-2-thread-1"                   [_thread_blocked, id=24984, stack(0x000000f47ee00000,0x000000f47ef00000) (1024K)]
  0x000002e8e2374910 JavaThread "WorkspaceEventsHandler"            [_thread_blocked, id=26192, stack(0x000000f47f100000,0x000000f47f200000) (1024K)]
  0x000002e8e2375630 JavaThread "pool-1-thread-1"                   [_thread_blocked, id=22508, stack(0x000000f47f200000,0x000000f47f300000) (1024K)]
  0x000002e8e17b1c10 JavaThread "Cleaner-0"                  daemon [_thread_blocked, id=25008, stack(0x000000f400a00000,0x000000f400b00000) (1024K)]
  0x000002e8e17b22a0 JavaThread "Worker-8"                          [_thread_blocked, id=20436, stack(0x000000f400100000,0x000000f400200000) (1024K)]
  0x000002e8e17af4b0 JavaThread "Worker-11"                         [_thread_blocked, id=9296, stack(0x000000f400200000,0x000000f400300000) (1024K)]
  0x000002e8e17aee20 JavaThread "ForkJoinPool.commonPool-worker-20" daemon [_thread_blocked, id=16020, stack(0x000000f400000000,0x000000f400100000) (1024K)]
  0x000002e8e17b2fc0 JavaThread "ForkJoinPool.commonPool-worker-21" daemon [_thread_blocked, id=24824, stack(0x000000f400300000,0x000000f400400000) (1024K)]
  0x000002e8e17afb40 JavaThread "ForkJoinPool.commonPool-worker-22" daemon [_thread_blocked, id=20176, stack(0x000000f400400000,0x000000f400500000) (1024K)]
  0x000002e8e17b3ce0 JavaThread "ForkJoinPool.commonPool-worker-23" daemon [_thread_blocked, id=14036, stack(0x000000f400500000,0x000000f400600000) (1024K)]
=>0x000002e8e09d7500 JavaThread "C2 CompilerThread1"         daemon [_thread_in_native, id=10308, stack(0x000000f400600000,0x000000f400700000) (1024K)]
  0x000002e8e09d3e80 JavaThread "C2 CompilerThread2"         daemon [_thread_in_native, id=24944, stack(0x000000f400700000,0x000000f400800000) (1024K)]
  0x000002e8e09d6760 JavaThread "C2 CompilerThread3"         daemon [_thread_blocked, id=26504, stack(0x000000f400800000,0x000000f400900000) (1024K)]
  0x000002e8e09d59c0 JavaThread "C2 CompilerThread4"         daemon [_thread_blocked, id=8672, stack(0x000000f400900000,0x000000f400a00000) (1024K)]
  0x000002e8e09d6090 JavaThread "C1 CompilerThread1"         daemon [_thread_blocked, id=20684, stack(0x000000f400b00000,0x000000f400c00000) (1024K)]
  0x000002e8e09d4550 JavaThread "C1 CompilerThread2"         daemon [_thread_blocked, id=23332, stack(0x000000f400c00000,0x000000f400d00000) (1024K)]
Total: 53

Other Threads:
  0x000002e8963214a0 VMThread "VM Thread"                           [id=4420, stack(0x000000f47b000000,0x000000f47b100000) (1024K)]
  0x000002e89621ca00 WatcherThread "VM Periodic Task Thread"        [id=2532, stack(0x000000f47af00000,0x000000f47b000000) (1024K)]
  0x000002e8ff22b270 WorkerThread "GC Thread#0"                     [id=25748, stack(0x000000f47ae00000,0x000000f47af00000) (1024K)]
  0x000002e8df08a330 WorkerThread "GC Thread#1"                     [id=26416, stack(0x000000f47c000000,0x000000f47c100000) (1024K)]
  0x000002e8da6e8dc0 WorkerThread "GC Thread#2"                     [id=26352, stack(0x000000f47c100000,0x000000f47c200000) (1024K)]
  0x000002e8da6e9170 WorkerThread "GC Thread#3"                     [id=26244, stack(0x000000f47c200000,0x000000f47c300000) (1024K)]
  0x000002e8da6e9520 WorkerThread "GC Thread#4"                     [id=25988, stack(0x000000f47c300000,0x000000f47c400000) (1024K)]
  0x000002e8da6e98d0 WorkerThread "GC Thread#5"                     [id=26388, stack(0x000000f47c400000,0x000000f47c500000) (1024K)]
  0x000002e8da6e3d50 WorkerThread "GC Thread#6"                     [id=26296, stack(0x000000f47c500000,0x000000f47c600000) (1024K)]
  0x000002e8df12a3c0 WorkerThread "GC Thread#7"                     [id=14216, stack(0x000000f47c700000,0x000000f47c800000) (1024K)]
  0x000002e8da4efaa0 WorkerThread "GC Thread#8"                     [id=26264, stack(0x000000f47bf00000,0x000000f47c000000) (1024K)]
  0x000002e8d8be8350 WorkerThread "GC Thread#9"                     [id=24624, stack(0x000000f47c600000,0x000000f47c700000) (1024K)]
  0x000002e8d8bde170 WorkerThread "GC Thread#10"                    [id=25280, stack(0x000000f47c900000,0x000000f47ca00000) (1024K)]
  0x000002e8da7a7ad0 WorkerThread "GC Thread#11"                    [id=26048, stack(0x000000f47d100000,0x000000f47d200000) (1024K)]
  0x000002e8da7a8230 WorkerThread "GC Thread#12"                    [id=26040, stack(0x000000f47d200000,0x000000f47d300000) (1024K)]
Total: 15

Threads with active compile tasks:
C2 CompilerThread1  86677079 13686   !   4       org.eclipse.jdt.internal.core.JavaProject$ModuleLookup::getModule (102 bytes)
C2 CompilerThread2  86677079 13685       4       org.eclipse.jdt.internal.core.JavaProject$ModuleLookup::addTransitive (71 bytes)
Total: 2

VM state: not at safepoint (normal execution)

VM Mutex/Monitor currently owned by a thread: None

Heap address: 0x0000000080000000, size: 2048 MB, Compressed Oops mode: 32-bit

CDS archive(s) mapped at: [0x000002e897000000-0x000002e897ba0000-0x000002e897ba0000), size 12189696, SharedBaseAddress: 0x000002e897000000, ArchiveRelocationMode: 1.
Compressed class space mapped at: 0x000002e898000000-0x000002e8d8000000, reserved size: 1073741824
Narrow klass base: 0x000002e897000000, Narrow klass shift: 0, Narrow klass range: 0x100000000

GC Precious Log:
 CardTable entry size: 512
 CPUs: 16 total, 16 available
 Memory: 16088M
 Large Page Support: Disabled
 NUMA Support: Disabled
 Compressed Oops: Enabled (32-bit)
 Alignments: Space 512K, Generation 512K, Heap 2M
 Heap Min Capacity: 100M
 Heap Initial Capacity: 100M
 Heap Max Capacity: 2G
 Pre-touch: Disabled
 Parallel Workers: 13

Heap:
 PSYoungGen      total 20992K, used 12702K [0x00000000d5580000, 0x00000000d6e80000, 0x0000000100000000)
  eden space 19456K, 57% used [0x00000000d5580000,0x00000000d6067d70,0x00000000d6880000)
  from space 1536K, 99% used [0x00000000d6b80000,0x00000000d6cffb60,0x00000000d6d00000)
  to   space 3072K, 0% used [0x00000000d6880000,0x00000000d6880000,0x00000000d6b80000)
 ParOldGen       total 206848K, used 206552K [0x0000000080000000, 0x000000008ca00000, 0x00000000d5580000)
  object space 206848K, 99% used [0x0000000080000000,0x000000008c9b61c0,0x000000008ca00000)
 Metaspace       used 76255K, committed 78016K, reserved 1179648K
  class space    used 8159K, committed 8896K, reserved 1048576K

Card table byte_map: [0x000002e8febb0000,0x000002e8fefc0000] _byte_map_base: 0x000002e8fe7b0000

Marking Bits: (ParMarkBitMap*) 0x00007ffdc6ef3450
 Begin Bits: [0x000002e892140000, 0x000002e894140000)
 End Bits:   [0x000002e894140000, 0x000002e896140000)

Polling page: 0x000002e8fcd80000

Metaspace:

Usage:
  Non-class:     66.50 MB used.
      Class:      7.97 MB used.
       Both:     74.47 MB used.

Virtual space:
  Non-class space:      128.00 MB reserved,      67.50 MB ( 53%) committed,  2 nodes.
      Class space:        1.00 GB reserved,       8.69 MB ( <1%) committed,  1 nodes.
             Both:        1.12 GB reserved,      76.19 MB (  7%) committed. 

Chunk freelists:
   Non-Class:  12.31 MB
       Class:  7.22 MB
        Both:  19.53 MB

MaxMetaspaceSize: unlimited
CompressedClassSpaceSize: 1.00 GB
Initial GC threshold: 21.00 MB
Current GC threshold: 97.31 MB
CDS: on
 - commit_granule_bytes: 65536.
 - commit_granule_words: 8192.
 - virtual_space_node_default_size: 8388608.
 - enlarge_chunks_in_place: 1.
 - use_allocation_guard: 0.


Internal statistics:

num_allocs_failed_limit: 11.
num_arena_births: 1376.
num_arena_deaths: 20.
num_vsnodes_births: 3.
num_vsnodes_deaths: 0.
num_space_committed: 1219.
num_space_uncommitted: 0.
num_chunks_returned_to_freelist: 31.
num_chunks_taken_from_freelist: 4889.
num_chunk_merges: 9.
num_chunk_splits: 2966.
num_chunks_enlarged: 1635.
num_inconsistent_stats: 0.

CodeHeap 'non-profiled nmethods': size=119168Kb used=11169Kb max_used=11169Kb free=107998Kb
 bounds [0x000002e88ace0000, 0x000002e88b7d0000, 0x000002e892140000]
CodeHeap 'profiled nmethods': size=119104Kb used=30028Kb max_used=30028Kb free=89075Kb
 bounds [0x000002e883140000, 0x000002e884ea0000, 0x000002e88a590000]
CodeHeap 'non-nmethods': size=7488Kb used=2614Kb max_used=3293Kb free=4873Kb
 bounds [0x000002e88a590000, 0x000002e88a900000, 0x000002e88ace0000]
CodeCache: size=245760Kb, used=43811Kb, max_used=44490Kb, free=201946Kb
 total_blobs=13761, nmethods=12949, adapters=714, full_count=0
Compilation: enabled, stopped_count=0, restarted_count=0

Compilation events (20 events):
Event: 86673.881 Thread 0x000002e8e09d6760 13780       4       org.eclipse.jdt.internal.compiler.codegen.ConstantPool::writeU1 (38 bytes)
Event: 86673.884 Thread 0x000002e8e09d6760 nmethod 13780 0x000002e88b7c0f10 code [0x000002e88b7c10a0, 0x000002e88b7c11e8]
Event: 86673.884 Thread 0x000002e8e09d6760 13776       4       org.eclipse.core.internal.resources.Resource::exists (24 bytes)
Event: 86673.888 Thread 0x000002e8ff2c7680 nmethod 13681 0x000002e88b7c1310 code [0x000002e88b7c1500, 0x000002e88b7c1e48]
Event: 86673.889 Thread 0x000002e8e09d6760 nmethod 13776 0x000002e88b7c2410 code [0x000002e88b7c25a0, 0x000002e88b7c26a0]
Event: 86674.891 Thread 0x000002e8e09d6760 13777       4       org.eclipse.jdt.internal.compiler.lookup.ReferenceBinding::isStatic (28 bytes)
Event: 86674.892 Thread 0x000002e8ff2c7680 13774       4       org.eclipse.jdt.internal.compiler.lookup.PlainPackageBinding::<init> (10 bytes)
Event: 86674.894 Thread 0x000002e8e09d6760 nmethod 13777 0x000002e88b7c2790 code [0x000002e88b7c2920, 0x000002e88b7c29c8]
Event: 86674.895 Thread 0x000002e8e09d6760 13682       4       sun.nio.fs.WindowsPath::getParent (5 bytes)
Event: 86674.918 Thread 0x000002e8e09d59c0 nmethod 13690 0x000002e88b7c2a90 code [0x000002e88b7c2e00, 0x000002e88b7c48b8]
Event: 86674.919 Thread 0x000002e8e09d59c0 13767       4       lombok.eclipse.handlers.SetGeneratedByVisitor::fixPositions (25 bytes)
Event: 86674.920 Thread 0x000002e8ff2c7680 nmethod 13774 0x000002e88b7c5a10 code [0x000002e88b7c5be0, 0x000002e88b7c6390]
Event: 86674.921 Thread 0x000002e8e09d59c0 nmethod 13767 0x000002e88b7c6810 code [0x000002e88b7c69a0, 0x000002e88b7c6a58]
Event: 86674.921 Thread 0x000002e8e09d59c0 13722       4       org.eclipse.jdt.internal.compiler.lookup.Scope::environment (8 bytes)
Event: 86674.922 Thread 0x000002e8ff2c7680 13739       4       org.eclipse.jdt.internal.compiler.lookup.TypeBinding::original (53 bytes)
Event: 86674.922 Thread 0x000002e8e09d59c0 nmethod 13722 0x000002e88b7c6b10 code [0x000002e88b7c6ca0, 0x000002e88b7c6d48]
Event: 86674.922 Thread 0x000002e8e09d59c0 13748       4       org.eclipse.jdt.internal.compiler.lookup.TypeBinding::erasure (2 bytes)
Event: 86674.923 Thread 0x000002e8e09d6760 nmethod 13682 0x000002e88b7c6e10 code [0x000002e88b7c7000, 0x000002e88b7c7948]
Event: 86674.923 Thread 0x000002e8e09d59c0 nmethod 13748 0x000002e88b7c7f10 code [0x000002e88b7c80a0, 0x000002e88b7c8128]
Event: 86674.924 Thread 0x000002e8ff2c7680 nmethod 13739 0x000002e88b7c8210 code [0x000002e88b7c83a0, 0x000002e88b7c84e0]

GC Heap History (20 events):
Event: 29.450 GC heap before
{Heap before GC invocations=194 (full 3):
 PSYoungGen      total 21504K, used 20963K [0x00000000d5580000, 0x00000000d6c80000, 0x0000000100000000)
  eden space 19456K, 100% used [0x00000000d5580000,0x00000000d6880000,0x00000000d6880000)
  from space 2048K, 73% used [0x00000000d6a80000,0x00000000d6bf8e70,0x00000000d6c80000)
  to   space 2048K, 0% used [0x00000000d6880000,0x00000000d6880000,0x00000000d6a80000)
 ParOldGen       total 195584K, used 195554K [0x0000000080000000, 0x000000008bf00000, 0x00000000d5580000)
  object space 195584K, 99% used [0x0000000080000000,0x000000008bef8950,0x000000008bf00000)
 Metaspace       used 68653K, committed 70208K, reserved 1114112K
  class space    used 7366K, committed 8000K, reserved 1048576K
}
Event: 29.453 GC heap after
{Heap after GC invocations=194 (full 3):
 PSYoungGen      total 21504K, used 2016K [0x00000000d5580000, 0x00000000d6d80000, 0x0000000100000000)
  eden space 19456K, 0% used [0x00000000d5580000,0x00000000d5580000,0x00000000d6880000)
  from space 2048K, 98% used [0x00000000d6880000,0x00000000d6a78010,0x00000000d6a80000)
  to   space 2560K, 0% used [0x00000000d6b00000,0x00000000d6b00000,0x00000000d6d80000)
 ParOldGen       total 197120K, used 196705K [0x0000000080000000, 0x000000008c080000, 0x00000000d5580000)
  object space 197120K, 99% used [0x0000000080000000,0x000000008c0187d8,0x000000008c080000)
 Metaspace       used 68653K, committed 70208K, reserved 1114112K
  class space    used 7366K, committed 8000K, reserved 1048576K
}
Event: 29.571 GC heap before
{Heap before GC invocations=195 (full 3):
 PSYoungGen      total 21504K, used 21472K [0x00000000d5580000, 0x00000000d6d80000, 0x0000000100000000)
  eden space 19456K, 100% used [0x00000000d5580000,0x00000000d6880000,0x00000000d6880000)
  from space 2048K, 98% used [0x00000000d6880000,0x00000000d6a78010,0x00000000d6a80000)
  to   space 2560K, 0% used [0x00000000d6b00000,0x00000000d6b00000,0x00000000d6d80000)
 ParOldGen       total 197120K, used 196705K [0x0000000080000000, 0x000000008c080000, 0x00000000d5580000)
  object space 197120K, 99% used [0x0000000080000000,0x000000008c0187d8,0x000000008c080000)
 Metaspace       used 69578K, committed 71104K, reserved 1114112K
  class space    used 7473K, committed 8128K, reserved 1048576K
}
Event: 29.573 GC heap after
{Heap after GC invocations=195 (full 3):
 PSYoungGen      total 22016K, used 2337K [0x00000000d5580000, 0x00000000d6d80000, 0x0000000100000000)
  eden space 19456K, 0% used [0x00000000d5580000,0x00000000d5580000,0x00000000d6880000)
  from space 2560K, 91% used [0x00000000d6b00000,0x00000000d6d48438,0x00000000d6d80000)
  to   space 2560K, 0% used [0x00000000d6880000,0x00000000d6880000,0x00000000d6b00000)
 ParOldGen       total 198656K, used 198408K [0x0000000080000000, 0x000000008c200000, 0x00000000d5580000)
  object space 198656K, 99% used [0x0000000080000000,0x000000008c1c21e8,0x000000008c200000)
 Metaspace       used 69578K, committed 71104K, reserved 1114112K
  class space    used 7473K, committed 8128K, reserved 1048576K
}
Event: 29.726 GC heap before
{Heap before GC invocations=196 (full 3):
 PSYoungGen      total 22016K, used 21793K [0x00000000d5580000, 0x00000000d6d80000, 0x0000000100000000)
  eden space 19456K, 100% used [0x00000000d5580000,0x00000000d6880000,0x00000000d6880000)
  from space 2560K, 91% used [0x00000000d6b00000,0x00000000d6d48438,0x00000000d6d80000)
  to   space 2560K, 0% used [0x00000000d6880000,0x00000000d6880000,0x00000000d6b00000)
 ParOldGen       total 198656K, used 198408K [0x0000000080000000, 0x000000008c200000, 0x00000000d5580000)
  object space 198656K, 99% used [0x0000000080000000,0x000000008c1c21e8,0x000000008c200000)
 Metaspace       used 71045K, committed 72576K, reserved 1114112K
  class space    used 7595K, committed 8256K, reserved 1048576K
}
Event: 29.729 GC heap after
{Heap after GC invocations=196 (full 3):
 PSYoungGen      total 22016K, used 2538K [0x00000000d5580000, 0x00000000d7280000, 0x0000000100000000)
  eden space 19456K, 0% used [0x00000000d5580000,0x00000000d5580000,0x00000000d6880000)
  from space 2560K, 99% used [0x00000000d6880000,0x00000000d6afa910,0x00000000d6b00000)
  to   space 5120K, 0% used [0x00000000d6d80000,0x00000000d6d80000,0x00000000d7280000)
 ParOldGen       total 200704K, used 200465K [0x0000000080000000, 0x000000008c400000, 0x00000000d5580000)
  object space 200704K, 99% used [0x0000000080000000,0x000000008c3c4740,0x000000008c400000)
 Metaspace       used 71045K, committed 72576K, reserved 1114112K
  class space    used 7595K, committed 8256K, reserved 1048576K
}
Event: 29.879 GC heap before
{Heap before GC invocations=197 (full 3):
 PSYoungGen      total 22016K, used 21994K [0x00000000d5580000, 0x00000000d7280000, 0x0000000100000000)
  eden space 19456K, 100% used [0x00000000d5580000,0x00000000d6880000,0x00000000d6880000)
  from space 2560K, 99% used [0x00000000d6880000,0x00000000d6afa910,0x00000000d6b00000)
  to   space 5120K, 0% used [0x00000000d6d80000,0x00000000d6d80000,0x00000000d7280000)
 ParOldGen       total 200704K, used 200465K [0x0000000080000000, 0x000000008c400000, 0x00000000d5580000)
  object space 200704K, 99% used [0x0000000080000000,0x000000008c3c4740,0x000000008c400000)
 Metaspace       used 71774K, committed 73344K, reserved 1114112K
  class space    used 7670K, committed 8320K, reserved 1048576K
}
Event: 29.881 GC heap after
{Heap after GC invocations=197 (full 3):
 PSYoungGen      total 20480K, used 576K [0x00000000d5580000, 0x00000000d6e80000, 0x0000000100000000)
  eden space 19456K, 0% used [0x00000000d5580000,0x00000000d5580000,0x00000000d6880000)
  from space 1024K, 56% used [0x00000000d6d80000,0x00000000d6e10000,0x00000000d6e80000)
  to   space 2048K, 0% used [0x00000000d6a80000,0x00000000d6a80000,0x00000000d6c80000)
 ParOldGen       total 202752K, used 202415K [0x0000000080000000, 0x000000008c600000, 0x00000000d5580000)
  object space 202752K, 99% used [0x0000000080000000,0x000000008c5abe78,0x000000008c600000)
 Metaspace       used 71774K, committed 73344K, reserved 1114112K
  class space    used 7670K, committed 8320K, reserved 1048576K
}
Event: 32.248 GC heap before
{Heap before GC invocations=198 (full 3):
 PSYoungGen      total 20480K, used 19789K [0x00000000d5580000, 0x00000000d6e80000, 0x0000000100000000)
  eden space 19456K, 98% used [0x00000000d5580000,0x00000000d6843678,0x00000000d6880000)
  from space 1024K, 56% used [0x00000000d6d80000,0x00000000d6e10000,0x00000000d6e80000)
  to   space 2048K, 0% used [0x00000000d6a80000,0x00000000d6a80000,0x00000000d6c80000)
 ParOldGen       total 202752K, used 202415K [0x0000000080000000, 0x000000008c600000, 0x00000000d5580000)
  object space 202752K, 99% used [0x0000000080000000,0x000000008c5abe78,0x000000008c600000)
 Metaspace       used 72418K, committed 74048K, reserved 1179648K
  class space    used 7745K, committed 8448K, reserved 1048576K
}
Event: 32.249 GC heap after
{Heap after GC invocations=198 (full 3):
 PSYoungGen      total 21504K, used 1184K [0x00000000d5580000, 0x00000000d6e00000, 0x0000000100000000)
  eden space 19456K, 0% used [0x00000000d5580000,0x00000000d5580000,0x00000000d6880000)
  from space 2048K, 57% used [0x00000000d6a80000,0x00000000d6ba83e0,0x00000000d6c80000)
  to   space 1536K, 0% used [0x00000000d6c80000,0x00000000d6c80000,0x00000000d6e00000)
 ParOldGen       total 203264K, used 202783K [0x0000000080000000, 0x000000008c680000, 0x00000000d5580000)
  object space 203264K, 99% used [0x0000000080000000,0x000000008c607e78,0x000000008c680000)
 Metaspace       used 72418K, committed 74048K, reserved 1179648K
  class space    used 7745K, committed 8448K, reserved 1048576K
}
Event: 32.439 GC heap before
{Heap before GC invocations=199 (full 3):
 PSYoungGen      total 21504K, used 20640K [0x00000000d5580000, 0x00000000d6e00000, 0x0000000100000000)
  eden space 19456K, 100% used [0x00000000d5580000,0x00000000d6880000,0x00000000d6880000)
  from space 2048K, 57% used [0x00000000d6a80000,0x00000000d6ba83e0,0x00000000d6c80000)
  to   space 1536K, 0% used [0x00000000d6c80000,0x00000000d6c80000,0x00000000d6e00000)
 ParOldGen       total 203264K, used 202783K [0x0000000080000000, 0x000000008c680000, 0x00000000d5580000)
  object space 203264K, 99% used [0x0000000080000000,0x000000008c607e78,0x000000008c680000)
 Metaspace       used 73019K, committed 74560K, reserved 1179648K
  class space    used 7797K, committed 8448K, reserved 1048576K
}
Event: 32.440 GC heap after
{Heap after GC invocations=199 (full 3):
 PSYoungGen      total 20480K, used 702K [0x00000000d5580000, 0x00000000d6d80000, 0x0000000100000000)
  eden space 19456K, 0% used [0x00000000d5580000,0x00000000d5580000,0x00000000d6880000)
  from space 1024K, 68% used [0x00000000d6c80000,0x00000000d6d2fa10,0x00000000d6d80000)
  to   space 1024K, 0% used [0x00000000d6b80000,0x00000000d6b80000,0x00000000d6c80000)
 ParOldGen       total 203264K, used 203159K [0x0000000080000000, 0x000000008c680000, 0x00000000d5580000)
  object space 203264K, 99% used [0x0000000080000000,0x000000008c665e78,0x000000008c680000)
 Metaspace       used 73019K, committed 74560K, reserved 1179648K
  class space    used 7797K, committed 8448K, reserved 1048576K
}
Event: 36.242 GC heap before
{Heap before GC invocations=200 (full 3):
 PSYoungGen      total 20480K, used 20158K [0x00000000d5580000, 0x00000000d6d80000, 0x0000000100000000)
  eden space 19456K, 100% used [0x00000000d5580000,0x00000000d6880000,0x00000000d6880000)
  from space 1024K, 68% used [0x00000000d6c80000,0x00000000d6d2fa10,0x00000000d6d80000)
  to   space 1024K, 0% used [0x00000000d6b80000,0x00000000d6b80000,0x00000000d6c80000)
 ParOldGen       total 203264K, used 203159K [0x0000000080000000, 0x000000008c680000, 0x00000000d5580000)
  object space 203264K, 99% used [0x0000000080000000,0x000000008c665e78,0x000000008c680000)
 Metaspace       used 75732K, committed 77440K, reserved 1179648K
  class space    used 8145K, committed 8896K, reserved 1048576K
}
Event: 36.244 GC heap after
{Heap after GC invocations=200 (full 3):
 PSYoungGen      total 20480K, used 1005K [0x00000000d5580000, 0x00000000d6d00000, 0x0000000100000000)
  eden space 19456K, 0% used [0x00000000d5580000,0x00000000d5580000,0x00000000d6880000)
  from space 1024K, 98% used [0x00000000d6b80000,0x00000000d6c7b7d8,0x00000000d6c80000)
  to   space 512K, 0% used [0x00000000d6c80000,0x00000000d6c80000,0x00000000d6d00000)
 ParOldGen       total 203776K, used 203690K [0x0000000080000000, 0x000000008c700000, 0x00000000d5580000)
  object space 203776K, 99% used [0x0000000080000000,0x000000008c6ea8a8,0x000000008c700000)
 Metaspace       used 75732K, committed 77440K, reserved 1179648K
  class space    used 8145K, committed 8896K, reserved 1048576K
}
Event: 37.275 GC heap before
{Heap before GC invocations=201 (full 3):
 PSYoungGen      total 20480K, used 20461K [0x00000000d5580000, 0x00000000d6d00000, 0x0000000100000000)
  eden space 19456K, 99% used [0x00000000d5580000,0x00000000d687ffd0,0x00000000d6880000)
  from space 1024K, 98% used [0x00000000d6b80000,0x00000000d6c7b7d8,0x00000000d6c80000)
  to   space 512K, 0% used [0x00000000d6c80000,0x00000000d6c80000,0x00000000d6d00000)
 ParOldGen       total 203776K, used 203690K [0x0000000080000000, 0x000000008c700000, 0x00000000d5580000)
  object space 203776K, 99% used [0x0000000080000000,0x000000008c6ea8a8,0x000000008c700000)
 Metaspace       used 75846K, committed 77568K, reserved 1179648K
  class space    used 8151K, committed 8896K, reserved 1048576K
}
Event: 37.277 GC heap after
{Heap after GC invocations=201 (full 3):
 PSYoungGen      total 19968K, used 500K [0x00000000d5580000, 0x00000000d6d80000, 0x0000000100000000)
  eden space 19456K, 0% used [0x00000000d5580000,0x00000000d5580000,0x00000000d6880000)
  from space 512K, 97% used [0x00000000d6c80000,0x00000000d6cfd200,0x00000000d6d00000)
  to   space 2560K, 0% used [0x00000000d6880000,0x00000000d6880000,0x00000000d6b00000)
 ParOldGen       total 205312K, used 205311K [0x0000000080000000, 0x000000008c880000, 0x00000000d5580000)
  object space 205312K, 99% used [0x0000000080000000,0x000000008c87fd80,0x000000008c880000)
 Metaspace       used 75846K, committed 77568K, reserved 1179648K
  class space    used 8151K, committed 8896K, reserved 1048576K
}
Event: 72133.286 GC heap before
{Heap before GC invocations=202 (full 3):
 PSYoungGen      total 19968K, used 19930K [0x00000000d5580000, 0x00000000d6d80000, 0x0000000100000000)
  eden space 19456K, 99% used [0x00000000d5580000,0x00000000d6879838,0x00000000d6880000)
  from space 512K, 97% used [0x00000000d6c80000,0x00000000d6cfd200,0x00000000d6d00000)
  to   space 2560K, 0% used [0x00000000d6880000,0x00000000d6880000,0x00000000d6b00000)
 ParOldGen       total 205312K, used 205311K [0x0000000080000000, 0x000000008c880000, 0x00000000d5580000)
  object space 205312K, 99% used [0x0000000080000000,0x000000008c87fd80,0x000000008c880000)
 Metaspace       used 76111K, committed 77888K, reserved 1179648K
  class space    used 8159K, committed 8896K, reserved 1048576K
}
Event: 72133.369 GC heap after
{Heap after GC invocations=202 (full 3):
 PSYoungGen      total 22016K, used 496K [0x00000000d5580000, 0x00000000d6d00000, 0x0000000100000000)
  eden space 19456K, 0% used [0x00000000d5580000,0x00000000d5580000,0x00000000d6880000)
  from space 2560K, 19% used [0x00000000d6880000,0x00000000d68fc020,0x00000000d6b00000)
  to   space 1536K, 0% used [0x00000000d6b80000,0x00000000d6b80000,0x00000000d6d00000)
 ParOldGen       total 206336K, used 205835K [0x0000000080000000, 0x000000008c980000, 0x00000000d5580000)
  object space 206336K, 99% used [0x0000000080000000,0x000000008c902f80,0x000000008c980000)
 Metaspace       used 76111K, committed 77888K, reserved 1179648K
  class space    used 8159K, committed 8896K, reserved 1048576K
}
Event: 86672.765 GC heap before
{Heap before GC invocations=203 (full 3):
 PSYoungGen      total 22016K, used 19952K [0x00000000d5580000, 0x00000000d6d00000, 0x0000000100000000)
  eden space 19456K, 100% used [0x00000000d5580000,0x00000000d6880000,0x00000000d6880000)
  from space 2560K, 19% used [0x00000000d6880000,0x00000000d68fc020,0x00000000d6b00000)
  to   space 1536K, 0% used [0x00000000d6b80000,0x00000000d6b80000,0x00000000d6d00000)
 ParOldGen       total 206336K, used 205835K [0x0000000080000000, 0x000000008c980000, 0x00000000d5580000)
  object space 206336K, 99% used [0x0000000080000000,0x000000008c902f80,0x000000008c980000)
 Metaspace       used 76207K, committed 77952K, reserved 1179648K
  class space    used 8159K, committed 8896K, reserved 1048576K
}
Event: 86673.793 GC heap after
{Heap after GC invocations=203 (full 3):
 PSYoungGen      total 20992K, used 1534K [0x00000000d5580000, 0x00000000d6e80000, 0x0000000100000000)
  eden space 19456K, 0% used [0x00000000d5580000,0x00000000d5580000,0x00000000d6880000)
  from space 1536K, 99% used [0x00000000d6b80000,0x00000000d6cffb60,0x00000000d6d00000)
  to   space 3072K, 0% used [0x00000000d6880000,0x00000000d6880000,0x00000000d6b80000)
 ParOldGen       total 206848K, used 206552K [0x0000000080000000, 0x000000008ca00000, 0x00000000d5580000)
  object space 206848K, 99% used [0x0000000080000000,0x000000008c9b61c0,0x000000008ca00000)
 Metaspace       used 76207K, committed 77952K, reserved 1179648K
  class space    used 8159K, committed 8896K, reserved 1048576K
}

Dll operation events (12 events):
Event: 0.011 Loaded shared library c:\Users\Thinhpa\.vscode\extensions\redhat.java-1.53.0-win32-x64\jre\21.0.10-win32-x86_64\bin\java.dll
Event: 0.127 Loaded shared library c:\Users\Thinhpa\.vscode\extensions\redhat.java-1.53.0-win32-x64\jre\21.0.10-win32-x86_64\bin\zip.dll
Event: 0.154 Loaded shared library C:\Users\Thinhpa\.vscode\extensions\redhat.java-1.53.0-win32-x64\jre\21.0.10-win32-x86_64\bin\instrument.dll
Event: 0.160 Loaded shared library C:\Users\Thinhpa\.vscode\extensions\redhat.java-1.53.0-win32-x64\jre\21.0.10-win32-x86_64\bin\net.dll
Event: 0.163 Loaded shared library C:\Users\Thinhpa\.vscode\extensions\redhat.java-1.53.0-win32-x64\jre\21.0.10-win32-x86_64\bin\nio.dll
Event: 0.166 Loaded shared library C:\Users\Thinhpa\.vscode\extensions\redhat.java-1.53.0-win32-x64\jre\21.0.10-win32-x86_64\bin\zip.dll
Event: 0.183 Loaded shared library C:\Users\Thinhpa\.vscode\extensions\redhat.java-1.53.0-win32-x64\jre\21.0.10-win32-x86_64\bin\jimage.dll
Event: 0.285 Loaded shared library c:\Users\Thinhpa\.vscode\extensions\redhat.java-1.53.0-win32-x64\jre\21.0.10-win32-x86_64\bin\verify.dll
Event: 8.540 Loaded shared library C:\Users\Thinhpa\AppData\Roaming\Code\User\globalStorage\redhat.java\1.53.0\config_win\org.eclipse.equinox.launcher\org.eclipse.equinox.launcher.win32.win32.x86_64_1.3.0.v20260203-2149\eclipse_11919.dll
Event: 19.154 Loaded shared library C:\Users\Thinhpa\AppData\Local\Temp\jna-318679808\jna6706560570124034167.dll
Event: 20.574 Loaded shared library C:\Users\Thinhpa\.vscode\extensions\redhat.java-1.53.0-win32-x64\jre\21.0.10-win32-x86_64\bin\sunmscapi.dll
Event: 21.119 Loaded shared library C:\Users\Thinhpa\.vscode\extensions\redhat.java-1.53.0-win32-x64\jre\21.0.10-win32-x86_64\bin\extnet.dll

Deoptimization events (20 events):
Event: 86672.627 Thread 0x000002e8e17aee20 Uncommon trap: reason=unstable_if action=reinterpret pc=0x000002e88b6c65c4 method=lombok.core.configuration.FileSystemSourceCache.cacheClear()V @ 16 c2
Event: 86672.627 Thread 0x000002e8e17b2fc0 Uncommon trap: reason=unstable_if action=reinterpret pc=0x000002e88b6c65c4 method=lombok.core.configuration.FileSystemSourceCache.cacheClear()V @ 16 c2
Event: 86672.642 Thread 0x000002e8e17b2fc0 DEOPT PACKING pc=0x000002e88b6c65c4 sp=0x000000f4003fda30
Event: 86672.642 Thread 0x000002e8e17b2fc0 DEOPT UNPACKING pc=0x000002e88a5e3aa2 sp=0x000000f4003fd9c8 mode 2
Event: 86672.642 Thread 0x000002e8e17aee20 DEOPT PACKING pc=0x000002e88b6c65c4 sp=0x000000f4000fde70
Event: 86672.642 Thread 0x000002e8e17aee20 DEOPT UNPACKING pc=0x000002e88a5e3aa2 sp=0x000000f4000fde08 mode 2
Event: 86673.793 Thread 0x000002e8e17b1c10 Uncommon trap: trap_request=0xffffff45 fr.pc=0x000002e88b7a7c90 relative=0x0000000000000410
Event: 86673.793 Thread 0x000002e8e17b1c10 Uncommon trap: reason=unstable_if action=reinterpret pc=0x000002e88b7a7c90 method=java.util.concurrent.locks.AbstractQueuedSynchronizer$ConditionObject.canReacquire(Ljava/util/concurrent/locks/AbstractQueuedSynchronizer$ConditionNode;)Z @ 10 c2
Event: 86673.793 Thread 0x000002e8e17b1c10 DEOPT PACKING pc=0x000002e88b7a7c90 sp=0x000000f400aff0f0
Event: 86673.793 Thread 0x000002e8e17b1c10 DEOPT UNPACKING pc=0x000002e88a5e3aa2 sp=0x000000f400aff000 mode 2
Event: 86673.793 Thread 0x000002e8e17b1c10 Uncommon trap: trap_request=0xffffff45 fr.pc=0x000002e88b7a989c relative=0x00000000000002dc
Event: 86673.793 Thread 0x000002e8e17b1c10 Uncommon trap: reason=unstable_if action=reinterpret pc=0x000002e88b7a989c method=java.lang.ref.ReferenceQueue.remove0(J)Ljava/lang/ref/Reference; @ 27 c2
Event: 86673.793 Thread 0x000002e8e17b1c10 DEOPT PACKING pc=0x000002e88b7a989c sp=0x000000f400aff170
Event: 86673.793 Thread 0x000002e8e17b1c10 DEOPT UNPACKING pc=0x000002e88a5e3aa2 sp=0x000000f400aff0a8 mode 2
Event: 86673.842 Thread 0x000002e8e17afb40 DEOPT PACKING pc=0x000002e884ac367f sp=0x000000f4004fbc30
Event: 86673.842 Thread 0x000002e8e17afb40 DEOPT UNPACKING pc=0x000002e88a5e4242 sp=0x000000f4004fb0e8 mode 0
Event: 86673.844 Thread 0x000002e8e17b2fc0 Uncommon trap: trap_request=0xffffffde fr.pc=0x000002e88b1a2a98 relative=0x0000000000000078
Event: 86673.845 Thread 0x000002e8e17b2fc0 Uncommon trap: reason=class_check action=maybe_recompile pc=0x000002e88b1a2a98 method=java.util.LinkedHashMap.afterNodeInsertion(Z)V @ 15 c2
Event: 86673.845 Thread 0x000002e8e17b2fc0 DEOPT PACKING pc=0x000002e88b1a2a98 sp=0x000000f4003feb30
Event: 86673.845 Thread 0x000002e8e17b2fc0 DEOPT UNPACKING pc=0x000002e88a5e3aa2 sp=0x000000f4003feaa8 mode 2

Classes loaded (20 events):
Event: 29.354 Loading class java/util/stream/ReduceOps$1ReducingSink
Event: 29.354 Loading class java/util/stream/ReduceOps$1ReducingSink done
Event: 29.520 Loading class java/util/stream/DistinctOps
Event: 29.520 Loading class java/util/stream/DistinctOps done
Event: 29.521 Loading class java/util/stream/DistinctOps$1
Event: 29.521 Loading class java/util/stream/DistinctOps$1 done
Event: 29.526 Loading class java/util/stream/DistinctOps$1$2
Event: 29.526 Loading class java/util/stream/DistinctOps$1$2 done
Event: 29.732 Loading class jdk/internal/ref/CleanerImpl$InnocuousThreadFactory
Event: 29.732 Loading class jdk/internal/ref/CleanerImpl$InnocuousThreadFactory done
Event: 31.580 Loading class sun/nio/cs/ISO_8859_1$Encoder
Event: 31.580 Loading class sun/nio/cs/ISO_8859_1$Encoder done
Event: 31.580 Loading class sun/nio/cs/Surrogate$Parser
Event: 31.580 Loading class sun/nio/cs/Surrogate$Parser done
Event: 31.580 Loading class sun/nio/cs/Surrogate
Event: 31.581 Loading class sun/nio/cs/Surrogate done
Event: 32.509 Loading class java/util/function/IntPredicate
Event: 32.509 Loading class java/util/function/IntPredicate done
Event: 32.544 Loading class java/util/regex/Pattern$Bound
Event: 32.544 Loading class java/util/regex/Pattern$Bound done

Classes unloaded (10 events):
Event: 19.665 Thread 0x000002e8963214a0 Unloading class 0x000002e8981a5400 'java/lang/invoke/LambdaForm$MH+0x000002e8981a5400'
Event: 19.665 Thread 0x000002e8963214a0 Unloading class 0x000002e8981a5000 'java/lang/invoke/LambdaForm$MH+0x000002e8981a5000'
Event: 19.665 Thread 0x000002e8963214a0 Unloading class 0x000002e8981a4c00 'java/lang/invoke/LambdaForm$MH+0x000002e8981a4c00'
Event: 19.665 Thread 0x000002e8963214a0 Unloading class 0x000002e8981a4800 'java/lang/invoke/LambdaForm$MH+0x000002e8981a4800'
Event: 19.665 Thread 0x000002e8963214a0 Unloading class 0x000002e8981a4400 'java/lang/invoke/LambdaForm$BMH+0x000002e8981a4400'
Event: 19.665 Thread 0x000002e8963214a0 Unloading class 0x000002e8981a4000 'java/lang/invoke/LambdaForm$DMH+0x000002e8981a4000'
Event: 19.665 Thread 0x000002e8963214a0 Unloading class 0x000002e8981a2c00 'java/lang/invoke/LambdaForm$DMH+0x000002e8981a2c00'
Event: 24.221 Thread 0x000002e8963214a0 Unloading class 0x000002e8986d9000 'java/lang/invoke/LambdaForm$MH+0x000002e8986d9000'
Event: 24.221 Thread 0x000002e8963214a0 Unloading class 0x000002e8986d8800 'java/lang/invoke/LambdaForm$MH+0x000002e8986d8800'
Event: 24.221 Thread 0x000002e8963214a0 Unloading class 0x000002e8986d8000 'java/lang/invoke/LambdaForm$MH+0x000002e8986d8000'

Classes redefined (0 events):
No events

Internal exceptions (20 events):
Event: 29.500 Thread 0x000002e8e2378ab0 Exception <a 'java/lang/NoSuchMethodError'{0x00000000d5b13940}: 'java.lang.Object java.lang.invoke.DirectMethodHandle$Holder.invokeStatic(java.lang.Object, java.lang.Object, int, java.lang.Object, java.lang.Object)'> (0x00000000d5b13940) 
thrown [s\src\hotspot\share\interpreter\linkResolver.cpp, line 773]
Event: 29.534 Thread 0x000002e8e2377700 Exception <a 'java/lang/LinkageError'{0x00000000d5f54730}: loader lombok.launch.ShadowClassLoader @2227583b attempted duplicate class definition for lombok.eclipse.EcjAugments. (lombok.eclipse.EcjAugments is in unnamed module of loader lombok.launch.ShadowClassLoader @2227583b, parent loader org.eclipse.osgi.internal.loader.EquinoxClassLoader @1161ebb7)> (0x00000000d5f54730) 
thrown [s\src\hotspot\share\classfile\systemDictionary.cpp, line 1672]
Event: 29.534 Thread 0x000002e8e237ab80 Exception <a 'java/lang/LinkageError'{0x00000000d5f0ac20}: loader lombok.launch.ShadowClassLoader @2227583b attempted duplicate class definition for lombok.eclipse.EcjAugments. (lombok.eclipse.EcjAugments is in unnamed module of loader lombok.launch.ShadowClassLoader @2227583b, parent loader org.eclipse.osgi.internal.loader.EquinoxClassLoader @1161ebb7)> (0x00000000d5f0ac20) 
thrown [s\src\hotspot\share\classfile\systemDictionary.cpp, line 1672]
Event: 29.539 Thread 0x000002e8e237ab80 Exception <a 'java/lang/LinkageError'{0x00000000d5fbe5a0}: loader lombok.launch.ShadowClassLoader @2227583b attempted duplicate class definition for lombok.eclipse.agent.PatchDiagnostics. (lombok.eclipse.agent.PatchDiagnostics is in unnamed module of loader lombok.launch.ShadowClassLoader @2227583b, parent loader org.eclipse.osgi.internal.loader.EquinoxClassLoader @1161ebb7)> (0x00000000d5fbe5a0) 
thrown [s\src\hotspot\share\classfile\systemDictionary.cpp, line 1672]
Event: 29.540 Thread 0x000002e8e2377d90 Exception <a 'java/lang/LinkageError'{0x00000000d5f839e0}: loader lombok.launch.ShadowClassLoader @2227583b attempted duplicate class definition for lombok.eclipse.agent.PatchDiagnostics. (lombok.eclipse.agent.PatchDiagnostics is in unnamed module of loader lombok.launch.ShadowClassLoader @2227583b, parent loader org.eclipse.osgi.internal.loader.EquinoxClassLoader @1161ebb7)> (0x00000000d5f839e0) 
thrown [s\src\hotspot\share\classfile\systemDictionary.cpp, line 1672]
Event: 29.550 Thread 0x000002e8e17b22a0 Implicit null exception at 0x000002e88b4875cf to 0x000002e88b48772c
Event: 29.620 Thread 0x000002e8dfc1f230 Exception <a 'java/io/FileNotFoundException'{0x00000000d57ae958}> (0x00000000d57ae958) 
thrown [s\src\hotspot\share\prims\jni.cpp, line 520]
Event: 29.620 Thread 0x000002e8dfc1f230 Exception <a 'java/io/FileNotFoundException'{0x00000000d57afa48}> (0x00000000d57afa48) 
thrown [s\src\hotspot\share\prims\jni.cpp, line 520]
Event: 29.620 Thread 0x000002e8dfc1f230 Exception <a 'java/io/FileNotFoundException'{0x00000000d57b07c0}> (0x00000000d57b07c0) 
thrown [s\src\hotspot\share\prims\jni.cpp, line 520]
Event: 32.180 Thread 0x000002e8e2375630 Exception <a 'java/lang/IncompatibleClassChangeError'{0x00000000d5f768c0}: Found class java.lang.Object, but interface was expected> (0x00000000d5f768c0) 
thrown [s\src\hotspot\share\interpreter\linkResolver.cpp, line 840]
Event: 32.510 Thread 0x000002e8e17b22a0 Exception <a 'java/lang/NoSuchMethodError'{0x00000000d58b46b8}: 'int java.lang.invoke.DirectMethodHandle$Holder.invokeStaticInit(java.lang.Object, int)'> (0x00000000d58b46b8) 
thrown [s\src\hotspot\share\interpreter\linkResolver.cpp, line 773]
Event: 32.757 Thread 0x000002e8e17b22a0 Exception <a 'java/lang/NoSuchMethodError'{0x00000000d640aa88}: 'int java.lang.invoke.DirectMethodHandle$Holder.invokeSpecialIFC(java.lang.Object, java.lang.Object, int)'> (0x00000000d640aa88) 
thrown [s\src\hotspot\share\interpreter\linkResolver.cpp, line 773]
Event: 32.776 Thread 0x000002e8e17b22a0 Exception <a 'sun/nio/fs/WindowsException'{0x00000000d647e060}> (0x00000000d647e060) 
thrown [s\src\hotspot\share\prims\jni.cpp, line 520]
Event: 32.776 Thread 0x000002e8e17b22a0 Exception <a 'sun/nio/fs/WindowsException'{0x00000000d647e778}> (0x00000000d647e778) 
thrown [s\src\hotspot\share\prims\jni.cpp, line 520]
Event: 36.219 Thread 0x000002e8e2375630 Exception <a 'java/lang/IncompatibleClassChangeError'{0x00000000d64f96a8}: Found class java.lang.Object, but interface was expected> (0x00000000d64f96a8) 
thrown [s\src\hotspot\share\interpreter\linkResolver.cpp, line 840]
Event: 36.226 Thread 0x000002e8e17b22a0 Exception <a 'java/lang/NoSuchMethodError'{0x00000000d651f510}: 'java.lang.Object java.lang.invoke.DirectMethodHandle$Holder.invokeSpecial(java.lang.Object, java.lang.Object, java.lang.Object, java.lang.Object, int, java.lang.Object, java.lang.Object)'> (0x00000000d651f510) 
thrown [s\src\hotspot\share\interpreter\linkResolver.cpp, line 773]
Event: 36.366 Thread 0x000002e8dfc1eba0 Exception <a 'sun/nio/fs/WindowsException'{0x00000000d608d3d0}> (0x00000000d608d3d0) 
thrown [s\src\hotspot\share\prims\jni.cpp, line 520]
Event: 36.366 Thread 0x000002e8dfc1eba0 Exception <a 'sun/nio/fs/WindowsException'{0x00000000d608dae8}> (0x00000000d608dae8) 
thrown [s\src\hotspot\share\prims\jni.cpp, line 520]
Event: 36.368 Thread 0x000002e8dfc1eba0 Exception <a 'sun/nio/fs/WindowsException'{0x00000000d60a60a8}> (0x00000000d60a60a8) 
thrown [s\src\hotspot\share\prims\jni.cpp, line 520]
Event: 36.368 Thread 0x000002e8dfc1eba0 Exception <a 'sun/nio/fs/WindowsException'{0x00000000d60a67c0}> (0x00000000d60a67c0) 
thrown [s\src\hotspot\share\prims\jni.cpp, line 520]

ZGC Phase Switch (0 events):
No events

VM Operations (20 events):
Event: 85988.246 Executing non-safepoint VM operation: RendezvousGCThreads
Event: 85988.246 Executing non-safepoint VM operation: RendezvousGCThreads done
Event: 86048.397 Executing non-safepoint VM operation: HandshakeAllThreads (HandshakeForDeflation)
Event: 86048.397 Executing non-safepoint VM operation: HandshakeAllThreads (HandshakeForDeflation) done
Event: 86048.397 Executing non-safepoint VM operation: RendezvousGCThreads
Event: 86048.397 Executing non-safepoint VM operation: RendezvousGCThreads done
Event: 86529.582 Executing non-safepoint VM operation: HandshakeAllThreads (HandshakeForDeflation)
Event: 86529.582 Executing non-safepoint VM operation: HandshakeAllThreads (HandshakeForDeflation) done
Event: 86529.582 Executing non-safepoint VM operation: RendezvousGCThreads
Event: 86529.582 Executing non-safepoint VM operation: RendezvousGCThreads done
Event: 86649.955 Executing non-safepoint VM operation: HandshakeAllThreads (HandshakeForDeflation)
Event: 86649.955 Executing non-safepoint VM operation: HandshakeAllThreads (HandshakeForDeflation) done
Event: 86649.955 Executing non-safepoint VM operation: RendezvousGCThreads
Event: 86649.955 Executing non-safepoint VM operation: RendezvousGCThreads done
Event: 86672.177 Executing safepoint VM operation: Cleanup
Event: 86672.642 Executing safepoint VM operation: Cleanup done
Event: 86672.765 Executing safepoint VM operation: ParallelGCFailedAllocation (Allocation Failure)
Event: 86673.793 Executing safepoint VM operation: ParallelGCFailedAllocation (Allocation Failure) done
Event: 86674.799 Executing safepoint VM operation: Cleanup
Event: 86674.799 Executing safepoint VM operation: Cleanup done

Memory protections (0 events):
No events

Nmethod flushes (20 events):
Event: 24.232 Thread 0x000002e8963214a0 flushing  nmethod 0x000002e883addd10
Event: 24.232 Thread 0x000002e8963214a0 flushing  nmethod 0x000002e883aed410
Event: 24.232 Thread 0x000002e8963214a0 flushing  nmethod 0x000002e883aee210
Event: 24.232 Thread 0x000002e8963214a0 flushing  nmethod 0x000002e883af5790
Event: 24.232 Thread 0x000002e8963214a0 flushing  nmethod 0x000002e883b09a10
Event: 24.232 Thread 0x000002e8963214a0 flushing  nmethod 0x000002e883b0a010
Event: 24.232 Thread 0x000002e8963214a0 flushing  nmethod 0x000002e883b0a710
Event: 24.232 Thread 0x000002e8963214a0 flushing  nmethod 0x000002e883b0af90
Event: 24.232 Thread 0x000002e8963214a0 flushing  nmethod 0x000002e883b0b590
Event: 24.232 Thread 0x000002e8963214a0 flushing  nmethod 0x000002e883b0d690
Event: 24.232 Thread 0x000002e8963214a0 flushing  nmethod 0x000002e883b3cd90
Event: 24.232 Thread 0x000002e8963214a0 flushing  nmethod 0x000002e883b3ec90
Event: 24.232 Thread 0x000002e8963214a0 flushing  nmethod 0x000002e883b48590
Event: 24.232 Thread 0x000002e8963214a0 flushing osr nmethod 0x000002e883b97210
Event: 24.232 Thread 0x000002e8963214a0 flushing  nmethod 0x000002e883c08f10
Event: 24.232 Thread 0x000002e8963214a0 flushing  nmethod 0x000002e883c0a910
Event: 24.232 Thread 0x000002e8963214a0 flushing  nmethod 0x000002e883c0b490
Event: 24.232 Thread 0x000002e8963214a0 flushing  nmethod 0x000002e883c14e10
Event: 24.232 Thread 0x000002e8963214a0 flushing  nmethod 0x000002e883c2e490
Event: 24.232 Thread 0x000002e8963214a0 flushing  nmethod 0x000002e883c30490

Events (20 events):
Event: 72135.904 Thread 0x000002e8e09d7500 Thread exited: 0x000002e8e09d7500
Event: 72135.904 Thread 0x000002e8e09d59c0 Thread exited: 0x000002e8e09d59c0
Event: 72140.924 Thread 0x000002e8e09d6760 Thread exited: 0x000002e8e09d6760
Event: 72195.911 Thread 0x000002e8e17b2fc0 Thread exited: 0x000002e8e17b2fc0
Event: 72255.918 Thread 0x000002e8e17af4b0 Thread exited: 0x000002e8e17af4b0
Event: 72315.931 Thread 0x000002e8e17b0860 Thread exited: 0x000002e8e17b0860
Event: 73220.565 Thread 0x000002e8e17b22a0 Thread added: 0x000002e8e17af4b0
Event: 73220.565 Thread 0x000002e8e17aee20 Thread exited: 0x000002e8e17aee20
Event: 80088.415 Thread 0x000002e8e2375630 Thread added: 0x000002e8e17aee20
Event: 80148.439 Thread 0x000002e8e17aee20 Thread exited: 0x000002e8e17aee20
Event: 86671.520 Thread 0x000002e8e2375630 Thread added: 0x000002e8e17aee20
Event: 86671.530 Thread 0x000002e8e2375630 Thread added: 0x000002e8e17b2fc0
Event: 86671.547 Thread 0x000002e8e2375630 Thread added: 0x000002e8e17afb40
Event: 86671.561 Thread 0x000002e8e17b2fc0 Thread added: 0x000002e8e17b3ce0
Event: 86671.622 Thread 0x000002e8d89951f0 Thread added: 0x000002e8e09d7500
Event: 86671.623 Thread 0x000002e8d89951f0 Thread added: 0x000002e8e09d3e80
Event: 86672.757 Thread 0x000002e8d89951f0 Thread added: 0x000002e8e09d6760
Event: 86673.797 Thread 0x000002e8e09d6760 Thread added: 0x000002e8e09d59c0
Event: 86673.831 Thread 0x000002e8d89951f0 Thread added: 0x000002e8e09d6090
Event: 86673.833 Thread 0x000002e8d89951f0 Thread added: 0x000002e8e09d4550


Dynamic libraries:
0x00007ff69efa0000 - 0x00007ff69efae000 	c:\Users\Thinhpa\.vscode\extensions\redhat.java-1.53.0-win32-x64\jre\21.0.10-win32-x86_64\bin\java.exe
0x00007ffe773e0000 - 0x00007ffe77647000 	C:\WINDOWS\SYSTEM32\ntdll.dll
0x00007ffe76d70000 - 0x00007ffe76e39000 	C:\WINDOWS\System32\KERNEL32.DLL
0x00007ffe74c10000 - 0x00007ffe75001000 	C:\WINDOWS\System32\KERNELBASE.dll
0x00007ffe74a00000 - 0x00007ffe74b4b000 	C:\WINDOWS\System32\ucrtbase.dll
0x00007ffe58a10000 - 0x00007ffe58a2e000 	c:\Users\Thinhpa\.vscode\extensions\redhat.java-1.53.0-win32-x64\jre\21.0.10-win32-x86_64\bin\VCRUNTIME140.dll
0x00007ffe52340000 - 0x00007ffe52358000 	c:\Users\Thinhpa\.vscode\extensions\redhat.java-1.53.0-win32-x64\jre\21.0.10-win32-x86_64\bin\jli.dll
0x00007ffe76ba0000 - 0x00007ffe76d65000 	C:\WINDOWS\System32\USER32.dll
0x00007ffe749d0000 - 0x00007ffe749f7000 	C:\WINDOWS\System32\win32u.dll
0x00007ffe568b0000 - 0x00007ffe56b43000 	C:\WINDOWS\WinSxS\amd64_microsoft.windows.common-controls_6595b64144ccf1df_6.0.26100.8037_none_3e092faae333b53b\COMCTL32.dll
0x00007ffe76360000 - 0x00007ffe7638b000 	C:\WINDOWS\System32\GDI32.dll
0x00007ffe76780000 - 0x00007ffe76829000 	C:\WINDOWS\System32\msvcrt.dll
0x00007ffe748a0000 - 0x00007ffe749cb000 	C:\WINDOWS\System32\gdi32full.dll
0x00007ffe73e40000 - 0x00007ffe73ee3000 	C:\WINDOWS\System32\msvcp_win.dll
0x00007ffe771e0000 - 0x00007ffe77211000 	C:\WINDOWS\System32\IMM32.DLL
0x00007ffe5def0000 - 0x00007ffe5defc000 	c:\Users\Thinhpa\.vscode\extensions\redhat.java-1.53.0-win32-x64\jre\21.0.10-win32-x86_64\bin\vcruntime140_1.dll
0x00007ffdedc80000 - 0x00007ffdedd0d000 	c:\Users\Thinhpa\.vscode\extensions\redhat.java-1.53.0-win32-x64\jre\21.0.10-win32-x86_64\bin\msvcp140.dll
0x00007ffdc6230000 - 0x00007ffdc6fd1000 	c:\Users\Thinhpa\.vscode\extensions\redhat.java-1.53.0-win32-x64\jre\21.0.10-win32-x86_64\bin\server\jvm.dll
0x00007ffe769d0000 - 0x00007ffe76a8b000 	C:\WINDOWS\System32\ADVAPI32.dll
0x00007ffe75e80000 - 0x00007ffe75f27000 	C:\WINDOWS\System32\sechost.dll
0x00007ffe76390000 - 0x00007ffe764a8000 	C:\WINDOWS\System32\RPCRT4.dll
0x00007ffe762e0000 - 0x00007ffe76354000 	C:\WINDOWS\System32\WS2_32.dll
0x00007ffe73b20000 - 0x00007ffe73b7e000 	C:\WINDOWS\SYSTEM32\POWRPROF.dll
0x00007ffe6a790000 - 0x00007ffe6a7c5000 	C:\WINDOWS\SYSTEM32\WINMM.dll
0x00007ffe6a4c0000 - 0x00007ffe6a4cb000 	C:\WINDOWS\SYSTEM32\VERSION.dll
0x00007ffe73b00000 - 0x00007ffe73b14000 	C:\WINDOWS\SYSTEM32\UMPDC.dll
0x00007ffe72a10000 - 0x00007ffe72a2b000 	C:\WINDOWS\SYSTEM32\kernel.appcore.dll
0x00007ffe5d2c0000 - 0x00007ffe5d2ca000 	c:\Users\Thinhpa\.vscode\extensions\redhat.java-1.53.0-win32-x64\jre\21.0.10-win32-x86_64\bin\jimage.dll
0x00007ffe717a0000 - 0x00007ffe719e2000 	C:\WINDOWS\SYSTEM32\DBGHELP.DLL
0x00007ffe76e50000 - 0x00007ffe771d2000 	C:\WINDOWS\System32\combase.dll
0x00007ffe764b0000 - 0x00007ffe76587000 	C:\WINDOWS\System32\OLEAUT32.dll
0x00007ffe4ac50000 - 0x00007ffe4ac8b000 	C:\WINDOWS\SYSTEM32\dbgcore.DLL
0x00007ffe747f0000 - 0x00007ffe74895000 	C:\WINDOWS\System32\bcryptPrimitives.dll
0x00007ffe5d170000 - 0x00007ffe5d17f000 	c:\Users\Thinhpa\.vscode\extensions\redhat.java-1.53.0-win32-x64\jre\21.0.10-win32-x86_64\bin\instrument.dll
0x00007ffe4bf10000 - 0x00007ffe4bf30000 	c:\Users\Thinhpa\.vscode\extensions\redhat.java-1.53.0-win32-x64\jre\21.0.10-win32-x86_64\bin\java.dll
0x00007ffe75640000 - 0x00007ffe75d9f000 	C:\WINDOWS\System32\SHELL32.dll
0x00007ffe75010000 - 0x00007ffe7517a000 	C:\WINDOWS\System32\wintypes.dll
0x00007ffe73f80000 - 0x00007ffe747e4000 	C:\WINDOWS\System32\windows.storage.dll
0x00007ffe772a0000 - 0x00007ffe77397000 	C:\WINDOWS\System32\SHCORE.dll
0x00007ffe76610000 - 0x00007ffe76677000 	C:\WINDOWS\System32\shlwapi.dll
0x00007ffe73be0000 - 0x00007ffe73c09000 	C:\WINDOWS\SYSTEM32\profapi.dll
0x00007ffe4bbd0000 - 0x00007ffe4bbe8000 	c:\Users\Thinhpa\.vscode\extensions\redhat.java-1.53.0-win32-x64\jre\21.0.10-win32-x86_64\bin\zip.dll
0x00007ffe59640000 - 0x00007ffe59650000 	C:\Users\Thinhpa\.vscode\extensions\redhat.java-1.53.0-win32-x64\jre\21.0.10-win32-x86_64\bin\net.dll
0x00007ffe65420000 - 0x00007ffe65547000 	C:\WINDOWS\SYSTEM32\WINHTTP.dll
0x00007ffe72f60000 - 0x00007ffe72fcb000 	C:\WINDOWS\system32\mswsock.dll
0x00007ffe470d0000 - 0x00007ffe470e6000 	C:\Users\Thinhpa\.vscode\extensions\redhat.java-1.53.0-win32-x64\jre\21.0.10-win32-x86_64\bin\nio.dll
0x00007ffe578b0000 - 0x00007ffe578c0000 	c:\Users\Thinhpa\.vscode\extensions\redhat.java-1.53.0-win32-x64\jre\21.0.10-win32-x86_64\bin\verify.dll
0x00007ffe33fc0000 - 0x00007ffe34005000 	C:\Users\Thinhpa\AppData\Roaming\Code\User\globalStorage\redhat.java\1.53.0\config_win\org.eclipse.equinox.launcher\org.eclipse.equinox.launcher.win32.win32.x86_64_1.3.0.v20260203-2149\eclipse_11919.dll
0x00007ffe76830000 - 0x00007ffe769c5000 	C:\WINDOWS\System32\ole32.dll
0x00007ffe73360000 - 0x00007ffe7337b000 	C:\WINDOWS\SYSTEM32\CRYPTSP.dll
0x00007ffe72970000 - 0x00007ffe729a9000 	C:\WINDOWS\system32\rsaenh.dll
0x00007ffe73010000 - 0x00007ffe73042000 	C:\WINDOWS\SYSTEM32\USERENV.dll
0x00007ffe73bb0000 - 0x00007ffe73bda000 	C:\WINDOWS\SYSTEM32\bcrypt.dll
0x00007ffe731c0000 - 0x00007ffe731cc000 	C:\WINDOWS\SYSTEM32\CRYPTBASE.dll
0x00007ffe72400000 - 0x00007ffe72433000 	C:\WINDOWS\SYSTEM32\IPHLPAPI.DLL
0x00007ffe75630000 - 0x00007ffe7563a000 	C:\WINDOWS\System32\NSI.dll
0x00007ffdfca20000 - 0x00007ffdfca69000 	C:\Users\Thinhpa\AppData\Local\Temp\jna-318679808\jna6706560570124034167.dll
0x00007ffe76e40000 - 0x00007ffe76e48000 	C:\WINDOWS\System32\PSAPI.DLL
0x00007ffe6a4d0000 - 0x00007ffe6a4ed000 	C:\WINDOWS\SYSTEM32\dhcpcsvc6.DLL
0x00007ffe69e80000 - 0x00007ffe69ea3000 	C:\WINDOWS\SYSTEM32\dhcpcsvc.DLL
0x00007ffe56e80000 - 0x00007ffe56e8e000 	C:\Users\Thinhpa\.vscode\extensions\redhat.java-1.53.0-win32-x64\jre\21.0.10-win32-x86_64\bin\sunmscapi.dll
0x00007ffe73cc0000 - 0x00007ffe73e37000 	C:\WINDOWS\System32\CRYPT32.dll
0x00007ffe734c0000 - 0x00007ffe734f0000 	C:\WINDOWS\SYSTEM32\ncrypt.dll
0x00007ffe73470000 - 0x00007ffe734af000 	C:\WINDOWS\SYSTEM32\NTASN1.dll
0x00007ffe724f0000 - 0x00007ffe7261a000 	C:\WINDOWS\SYSTEM32\DNSAPI.dll
0x00007ffe6d210000 - 0x00007ffe6d21b000 	C:\Windows\System32\rasadhlp.dll
0x00007ffe64db0000 - 0x00007ffe64e36000 	C:\WINDOWS\System32\fwpuclnt.dll
0x00007ffe552e0000 - 0x00007ffe552e9000 	C:\Users\Thinhpa\.vscode\extensions\redhat.java-1.53.0-win32-x64\jre\21.0.10-win32-x86_64\bin\extnet.dll

JVMTI agents:
c:\Users\Thinhpa\.vscode\extensions\redhat.java-1.53.0-win32-x64\lombok\lombok-1.18.39-4050.jar path:c:\Users\Thinhpa\.vscode\extensions\redhat.java-1.53.0-win32-x64\jre\21.0.10-win32-x86_64\bin\instrument.dll, loaded, initialized, instrumentlib options:none

dbghelp: loaded successfully - version: 4.0.5 - missing functions: none
symbol engine: initialized successfully - sym options: 0x614 - pdb path: .;c:\Users\Thinhpa\.vscode\extensions\redhat.java-1.53.0-win32-x64\jre\21.0.10-win32-x86_64\bin;C:\WINDOWS\SYSTEM32;C:\WINDOWS\WinSxS\amd64_microsoft.windows.common-controls_6595b64144ccf1df_6.0.26100.8037_none_3e092faae333b53b;c:\Users\Thinhpa\.vscode\extensions\redhat.java-1.53.0-win32-x64\jre\21.0.10-win32-x86_64\bin\server;C:\Users\Thinhpa\AppData\Roaming\Code\User\globalStorage\redhat.java\1.53.0\config_win\org.eclipse.equinox.launcher\org.eclipse.equinox.launcher.win32.win32.x86_64_1.3.0.v20260203-2149;C:\Users\Thinhpa\AppData\Local\Temp\jna-318679808

VM Arguments:
jvm_args: --add-modules=ALL-SYSTEM --add-opens=java.base/java.util=ALL-UNNAMED --add-opens=java.base/java.lang=ALL-UNNAMED --add-opens=java.base/sun.nio.fs=ALL-UNNAMED -Declipse.application=org.eclipse.jdt.ls.core.id1 -Dosgi.bundles.defaultStartLevel=4 -Declipse.product=org.eclipse.jdt.ls.core.product -Djava.import.generatesMetadataFilesAtProjectRoot=false -DDetectVMInstallationsJob.disabled=true -Dfile.encoding=utf8 -XX:+UseParallelGC -XX:GCTimeRatio=4 -XX:AdaptiveSizePolicyWeight=90 -Dsun.zip.disableMemoryMapping=true -Xmx2G -Xms100m -Xlog:disable -javaagent:c:\Users\Thinhpa\.vscode\extensions\redhat.java-1.53.0-win32-x64\lombok\lombok-1.18.39-4050.jar -XX:+HeapDumpOnOutOfMemoryError -XX:HeapDumpPath=c:\Users\Thinhpa\AppData\Roaming\Code\User\workspaceStorage\fa1a3e468aabf42a35b8464760eae321\redhat.java -Daether.dependencyCollector.impl=bf 
java_command: c:\Users\Thinhpa\.vscode\extensions\redhat.java-1.53.0-win32-x64\server\plugins\org.eclipse.equinox.launcher_1.7.100.v20251111-0406.jar -configuration c:\Users\Thinhpa\AppData\Roaming\Code\User\globalStorage\redhat.java\1.53.0\config_win -data c:\Users\Thinhpa\AppData\Roaming\Code\User\workspaceStorage\fa1a3e468aabf42a35b8464760eae321\redhat.java\jdt_ws --pipe=\\.\pipe\lsp-f0d57f3d505ab9d4c5c9524f14f2ee7f-sock
java_class_path (initial): c:\Users\Thinhpa\.vscode\extensions\redhat.java-1.53.0-win32-x64\server\plugins\org.eclipse.equinox.launcher_1.7.100.v20251111-0406.jar
Launcher Type: SUN_STANDARD

[Global flags]
    uintx AdaptiveSizePolicyWeight                 = 90                                        {product} {command line}
     intx CICompilerCount                          = 12                                        {product} {ergonomic}
    uintx GCTimeRatio                              = 4                                         {product} {command line}
     bool HeapDumpOnOutOfMemoryError               = true                                   {manageable} {command line}
    ccstr HeapDumpPath                             = c:\Users\Thinhpa\AppData\Roaming\Code\User\workspaceStorage\fa1a3e468aabf42a35b8464760eae321\redhat.java         {manageable} {command line}
   size_t InitialHeapSize                          = 104857600                                 {product} {command line}
   size_t MaxHeapSize                              = 2147483648                                {product} {command line}
   size_t MaxNewSize                               = 715653120                                 {product} {ergonomic}
   size_t MinHeapDeltaBytes                        = 524288                                    {product} {ergonomic}
   size_t MinHeapSize                              = 104857600                                 {product} {command line}
   size_t NewSize                                  = 34603008                                  {product} {ergonomic}
    uintx NonNMethodCodeHeapSize                   = 7602480                                {pd product} {ergonomic}
    uintx NonProfiledCodeHeapSize                  = 122027880                              {pd product} {ergonomic}
   size_t OldSize                                  = 70254592                                  {product} {ergonomic}
    uintx ProfiledCodeHeapSize                     = 122027880                              {pd product} {ergonomic}
    uintx ReservedCodeCacheSize                    = 251658240                              {pd product} {ergonomic}
     bool SegmentedCodeCache                       = true                                      {product} {ergonomic}
   size_t SoftMaxHeapSize                          = 2147483648                             {manageable} {ergonomic}
     bool UseCompressedOops                        = true                           {product lp64_product} {ergonomic}
     bool UseLargePagesIndividualAllocation        = false                                  {pd product} {ergonomic}
     bool UseParallelGC                            = true                                      {product} {command line}

Logging:
Log output configuration:
 #0: stdout all=off uptime,level,tags foldmultilines=false
 #1: stderr all=off uptime,level,tags foldmultilines=false

Release file:
JAVA_VERSION="21.0.10" 
MODULES="java.base java.compiler java.datatransfer java.xml java.prefs java.desktop java.instrument java.logging java.management java.security.sasl java.naming java.rmi java.management.rmi java.net.http java.scripting java.security.jgss java.transaction.xa java.sql java.sql.rowset java.xml.crypto java.se java.smartcardio jdk.accessibility jdk.internal.jvmstat jdk.attach jdk.charsets jdk.internal.opt jdk.zipfs jdk.compiler jdk.crypto.ec jdk.crypto.cryptoki jdk.crypto.mscapi jdk.dynalink jdk.internal.ed jdk.editpad jdk.hotspot.agent jdk.httpserver jdk.internal.le jdk.internal.vm.ci jdk.internal.vm.compiler jdk.internal.vm.compiler.management jdk.jartool jdk.javadoc jdk.jcmd jdk.management jdk.management.agent jdk.jconsole jdk.jdeps jdk.jdwp.agent jdk.jdi jdk.jfr jdk.jshell jdk.jsobject jdk.jstatd jdk.localedata jdk.management.jfr jdk.naming.dns jdk.naming.rmi jdk.net jdk.nio.mapmode jdk.random jdk.sctp jdk.security.auth jdk.security.jgss jdk.unsupported jdk.unsupported.desktop jdk.xml.dom" 

Environment Variables:
JAVA_HOME=C:\Program Files\Eclipse Adoptium\jdk-17.0.14.7-hotspot\
PATH=C:\Users\Thinhpa\AppData\Local\Programs\Microsoft VS Code;D:\D\bin\;C:\Program Files\Common Files\Oracle\Java\javapath;C:\Program Files\Eclipse Adoptium\jdk-17.0.14.7-hotspot\bin;C:\Windows\system32;C:\Windows;C:\Windows\System32\Wbem;C:\Windows\System32\WindowsPowerShell\v1.0\;C:\Windows\System32\OpenSSH\;C:\Program Files (x86)\NVIDIA Corporation\PhysX\Common;C:\xampp\php;C:\ProgramData\ComposerSetup\bin;C:\Program Files\Apache\maven\bin;C:\Program Files\nodejs\;C:\WINDOWS\system32;C:\WINDOWS;C:\WINDOWS\System32\Wbem;C:\WINDOWS\System32\WindowsPowerShell\v1.0\;C:\WINDOWS\System32\OpenSSH\;C:\Program Files\Docker\Docker\resources\bin;C:\Program Files\Git\cmd;C:\Program Files\PostgreSQL\18\bin;$($env:PATH);C:\Users\Thinhpa\AppData\Local\Programs\Python\Python310\;C:\Users\Thinhpa\AppData\Local\Programs\Python\Python310\Scripts\;C:\Users\Thinhpa\AppData\Local\Programs\Microsoft VS Code\bin
USERNAME=Thinhpa
OS=Windows_NT
PROCESSOR_IDENTIFIER=Intel64 Family 6 Model 154 Stepping 3, GenuineIntel
TMP=C:\Users\Thinhpa\AppData\Local\Temp
TEMP=C:\Users\Thinhpa\AppData\Local\Temp




Periodic native trim disabled

---------------  S Y S T E M  ---------------

OS:
 Windows 11 , 64 bit Build 26100 (10.0.26100.7920)
OS uptime: 3 days 3:57 hours
Hyper-V role detected

CPU: total 16 (initial active 16) (8 cores per cpu, 2 threads per core) family 6 model 154 stepping 3 microcode 0x423, cx8, cmov, fxsr, ht, mmx, 3dnowpref, sse, sse2, sse3, ssse3, sse4.1, sse4.2, popcnt, lzcnt, tsc, tscinvbit, avx, avx2, aes, erms, clmul, bmi1, bmi2, adx, sha, fma, vzeroupper, clflush, clflushopt, clwb, hv, serialize, rdtscp, rdpid, fsrm, f16c, cet_ibt, cet_ss
Processor Information for processor 0
  Max Mhz: 3100, Current Mhz: 3100, Mhz Limit: 3100
Processor Information for processor 1
  Max Mhz: 3100, Current Mhz: 3100, Mhz Limit: 3100
Processor Information for processor 2
  Max Mhz: 3100, Current Mhz: 3100, Mhz Limit: 3100
Processor Information for processor 3
  Max Mhz: 3100, Current Mhz: 3100, Mhz Limit: 3100
Processor Information for processor 4
  Max Mhz: 3100, Current Mhz: 3100, Mhz Limit: 3100
Processor Information for processor 5
  Max Mhz: 3100, Current Mhz: 3100, Mhz Limit: 3100
Processor Information for processor 6
  Max Mhz: 3100, Current Mhz: 3100, Mhz Limit: 3100
Processor Information for processor 7
  Max Mhz: 3100, Current Mhz: 3100, Mhz Limit: 3100
Processor Information for processor 8
  Max Mhz: 3100, Current Mhz: 2232, Mhz Limit: 2232
Processor Information for processor 9
  Max Mhz: 3100, Current Mhz: 2232, Mhz Limit: 2232
Processor Information for processor 10
  Max Mhz: 3100, Current Mhz: 2232, Mhz Limit: 2232
Processor Information for processor 11
  Max Mhz: 3100, Current Mhz: 2232, Mhz Limit: 2232
Processor Information for processor 12
  Max Mhz: 3100, Current Mhz: 2232, Mhz Limit: 2232
Processor Information for processor 13
  Max Mhz: 3100, Current Mhz: 2232, Mhz Limit: 2232
Processor Information for processor 14
  Max Mhz: 3100, Current Mhz: 2232, Mhz Limit: 2232
Processor Information for processor 15
  Max Mhz: 3100, Current Mhz: 2232, Mhz Limit: 2232

Memory: 4k page, system-wide physical 16088M (1092M free)
TotalPageFile size 29068M (AvailPageFile size 5M)
current process WorkingSet (physical memory assigned to process): 162M, peak: 619M
current process commit charge ("private bytes"): 583M, peak: 708M

vm_info: OpenJDK 64-Bit Server VM (21.0.10+7-LTS) for windows-amd64 JRE (21.0.10+7-LTS), built on 2026-01-20T00:00:00Z by "admin" with MS VC++ 17.12 (VS2022)

END.
