#
# There is insufficient memory for the Java Runtime Environment to continue.
# Native memory allocation (malloc) failed to allocate 1048576 bytes. Error detail: AllocateHeap
# Possible reasons:
#   The system is out of physical RAM or swap space
#   This process is running with CompressedOops enabled, and the Java Heap may be blocking the growth of the native heap
# Possible solutions:
#   Reduce memory load on the system
#   Increase physical memory or swap space
#   Check if swap backing store is full
#   Decrease Java heap size (-Xmx/-Xms)
#   Decrease number of Java threads
#   Decrease Java thread stack sizes (-Xss)
#   Set larger code cache with -XX:ReservedCodeCacheSize=
#   JVM is running with Unscaled Compressed Oops mode in which the Java heap is
#     placed in the first 4GB address space. The Java Heap base address is the
#     maximum limit for the native heap growth. Please use -XX:HeapBaseMinAddress
#     to set the Java Heap base and to place the Java Heap above 4GB virtual address.
# This output file may be truncated or incomplete.
#
#  Out of Memory Error (allocation.cpp:44), pid=6244, tid=12484
#
# JRE version: OpenJDK Runtime Environment Temurin-21.0.10+7 (21.0.10+7) (build 21.0.10+7-LTS)
# Java VM: OpenJDK 64-Bit Server VM Temurin-21.0.10+7 (21.0.10+7-LTS, mixed mode, sharing, tiered, compressed oops, compressed class ptrs, parallel gc, windows-amd64)
# No core dump will be written. Minidumps are not enabled by default on client versions of Windows
#

---------------  S U M M A R Y ------------

Command Line: --add-modules=ALL-SYSTEM --add-opens=java.base/java.util=ALL-UNNAMED --add-opens=java.base/java.lang=ALL-UNNAMED --add-opens=java.base/sun.nio.fs=ALL-UNNAMED -Declipse.application=org.eclipse.jdt.ls.core.id1 -Dosgi.bundles.defaultStartLevel=4 -Declipse.product=org.eclipse.jdt.ls.core.product -Djava.import.generatesMetadataFilesAtProjectRoot=false -DDetectVMInstallationsJob.disabled=true -Dfile.encoding=utf8 -XX:+UseParallelGC -XX:GCTimeRatio=4 -XX:AdaptiveSizePolicyWeight=90 -Dsun.zip.disableMemoryMapping=true -Xmx2G -Xms100m -Xlog:disable -javaagent:c:\Users\Thinhpa\.vscode\extensions\redhat.java-1.53.0-win32-x64\lombok\lombok-1.18.39-4050.jar -XX:+HeapDumpOnOutOfMemoryError -XX:HeapDumpPath=c:\Users\Thinhpa\AppData\Roaming\Code\User\workspaceStorage\fa1a3e468aabf42a35b8464760eae321\redhat.java -Daether.dependencyCollector.impl=bf c:\Users\Thinhpa\.vscode\extensions\redhat.java-1.53.0-win32-x64\server\plugins\org.eclipse.equinox.launcher_1.7.100.v20251111-0406.jar -configuration c:\Users\Thinhpa\AppData\Roaming\Code\User\globalStorage\redhat.java\1.53.0\config_win -data c:\Users\Thinhpa\AppData\Roaming\Code\User\workspaceStorage\fa1a3e468aabf42a35b8464760eae321\redhat.java\jdt_ws --pipe=\\.\pipe\lsp-87a0fbd197e5a38ea18a9cec5904a91f-sock

Host: 12th Gen Intel(R) Core(TM) i5-12500H, 16 cores, 15G,  Windows 11 , 64 bit Build 26100 (10.0.26100.7920)
Time: Wed Mar 25 23:34:20 2026 SE Asia Standard Time elapsed time: 4190.734224 seconds (0d 1h 9m 50s)

---------------  T H R E A D  ---------------

Current thread (0x00000190c2a6b380):  JavaThread "Attach Listener" daemon [_thread_in_vm, id=12484, stack(0x0000005ef8d00000,0x0000005ef8e00000) (1024K)]

Stack: [0x0000005ef8d00000,0x0000005ef8e00000]
Native frames: (J=compiled Java code, j=interpreted, Vv=VM code, C=native code)
V  [jvm.dll+0x6d7a39]
V  [jvm.dll+0x8b4b26]
V  [jvm.dll+0x8b70de]
V  [jvm.dll+0x8b77c3]
V  [jvm.dll+0x284346]
V  [jvm.dll+0xc1277]
V  [jvm.dll+0x6d82e9]
V  [jvm.dll+0x1334a6]
V  [jvm.dll+0x3f857e]
V  [jvm.dll+0x85f59d]
V  [jvm.dll+0x6d626d]
C  [ucrtbase.dll+0x37b0]
C  [KERNEL32.DLL+0x2e8d7]
C  [ntdll.dll+0x8c48c]


---------------  P R O C E S S  ---------------

Threads class SMR info:
_java_thread_list=0x0000019131ebe930, length=44, elements={
0x00000190c05e8dc0, 0x00000190c296dca0, 0x00000190c2a5fb00, 0x00000190c2a69fd0,
0x00000190c2a6b380, 0x00000190c2a6a660, 0x00000190c2a6c730, 0x00000190c2a78040,
0x00000190c2a79950, 0x00000190c2a6ba10, 0x00000190c2a6acf0, 0x00000190c2a6c0a0,
0x00000190c2a692b0, 0x00000191221dc220, 0x00000191221dfd30, 0x00000191221de2f0,
0x00000191221df6a0, 0x00000191221dcf40, 0x00000191221dd5d0, 0x00000191221e03c0,
0x00000191221ddc60, 0x00000191221e31b0, 0x00000191221e1770, 0x00000191221e3840,
0x00000191221e1e00, 0x00000191221e2490, 0x00000191221e2b20, 0x00000191253ce540,
0x00000191253cdeb0, 0x00000191253cebd0, 0x00000191253ccb00, 0x00000191253cf260,
0x00000191253cd820, 0x00000191253cf8f0, 0x00000191253cc470, 0x00000191253d0610,
0x00000191253cff80, 0x00000191253cd190, 0x00000191253d0ca0, 0x00000191253d2d70,
0x000001912401df90, 0x0000019124020d80, 0x00000191221dc8b0, 0x00000191221e10e0
}

Java Threads: ( => current thread )
  0x00000190c05e8dc0 JavaThread "main"                              [_thread_blocked, id=21912, stack(0x0000005ef8600000,0x0000005ef8700000) (1024K)]
  0x00000190c296dca0 JavaThread "Reference Handler"          daemon [_thread_blocked, id=9960, stack(0x0000005ef8a00000,0x0000005ef8b00000) (1024K)]
  0x00000190c2a5fb00 JavaThread "Finalizer"                  daemon [_thread_blocked, id=16836, stack(0x0000005ef8b00000,0x0000005ef8c00000) (1024K)]
  0x00000190c2a69fd0 JavaThread "Signal Dispatcher"          daemon [_thread_blocked, id=19704, stack(0x0000005ef8c00000,0x0000005ef8d00000) (1024K)]
=>0x00000190c2a6b380 JavaThread "Attach Listener"            daemon [_thread_in_vm, id=12484, stack(0x0000005ef8d00000,0x0000005ef8e00000) (1024K)]
  0x00000190c2a6a660 JavaThread "Service Thread"             daemon [_thread_blocked, id=13836, stack(0x0000005ef8e00000,0x0000005ef8f00000) (1024K)]
  0x00000190c2a6c730 JavaThread "Monitor Deflation Thread"   daemon [_thread_blocked, id=15284, stack(0x0000005ef8f00000,0x0000005ef9000000) (1024K)]
  0x00000190c2a78040 JavaThread "C2 CompilerThread0"         daemon [_thread_blocked, id=15584, stack(0x0000005ef9000000,0x0000005ef9100000) (1024K)]
  0x00000190c2a79950 JavaThread "C1 CompilerThread0"         daemon [_thread_blocked, id=19032, stack(0x0000005ef9100000,0x0000005ef9200000) (1024K)]
  0x00000190c2a6ba10 JavaThread "Common-Cleaner"             daemon [_thread_blocked, id=23844, stack(0x0000005ef9400000,0x0000005ef9500000) (1024K)]
  0x00000190c2a6acf0 JavaThread "Notification Thread"        daemon [_thread_blocked, id=13160, stack(0x0000005ef9700000,0x0000005ef9800000) (1024K)]
  0x00000190c2a6c0a0 JavaThread "Active Thread: Equinox Container: 8b4655ec-54dd-492e-a496-ecef6df1f355"        [_thread_blocked, id=23680, stack(0x0000005efa100000,0x0000005efa200000) (1024K)]
  0x00000190c2a692b0 JavaThread "Refresh Thread: Equinox Container: 8b4655ec-54dd-492e-a496-ecef6df1f355" daemon [_thread_blocked, id=12752, stack(0x0000005efa300000,0x0000005efa400000) (1024K)]
  0x00000191221dc220 JavaThread "Framework Event Dispatcher: Equinox Container: 8b4655ec-54dd-492e-a496-ecef6df1f355" daemon [_thread_blocked, id=14408, stack(0x0000005efa400000,0x0000005efa500000) (1024K)]
  0x00000191221dfd30 JavaThread "Start Level: Equinox Container: 8b4655ec-54dd-492e-a496-ecef6df1f355" daemon [_thread_blocked, id=13236, stack(0x0000005efa500000,0x0000005efa600000) (1024K)]
  0x00000191221de2f0 JavaThread "Bundle File Closer"         daemon [_thread_blocked, id=7800, stack(0x0000005efa900000,0x0000005efaa00000) (1024K)]
  0x00000191221df6a0 JavaThread "SCR Component Actor"        daemon [_thread_blocked, id=8116, stack(0x0000005efaa00000,0x0000005efab00000) (1024K)]
  0x00000191221dcf40 JavaThread "Worker-JM"                         [_thread_blocked, id=1412, stack(0x0000005efab00000,0x0000005efac00000) (1024K)]
  0x00000191221dd5d0 JavaThread "JNA Cleaner"                daemon [_thread_blocked, id=11224, stack(0x0000005efae00000,0x0000005efaf00000) (1024K)]
  0x00000191221e03c0 JavaThread "Java indexing"              daemon [_thread_blocked, id=16716, stack(0x0000005efb100000,0x0000005efb200000) (1024K)]
  0x00000191221ddc60 JavaThread "Thread-1"                   daemon [_thread_in_native, id=15784, stack(0x0000005efb700000,0x0000005efb800000) (1024K)]
  0x00000191221e31b0 JavaThread "Thread-2"                   daemon [_thread_in_native, id=11628, stack(0x0000005efb800000,0x0000005efb900000) (1024K)]
  0x00000191221e1770 JavaThread "Thread-3"                   daemon [_thread_in_native, id=7148, stack(0x0000005efb900000,0x0000005efba00000) (1024K)]
  0x00000191221e3840 JavaThread "Thread-4"                   daemon [_thread_in_native, id=12120, stack(0x0000005efba00000,0x0000005efbb00000) (1024K)]
  0x00000191221e1e00 JavaThread "Thread-5"                   daemon [_thread_in_native, id=21252, stack(0x0000005efbb00000,0x0000005efbc00000) (1024K)]
  0x00000191221e2490 JavaThread "Thread-6"                   daemon [_thread_in_native, id=16168, stack(0x0000005efbc00000,0x0000005efbd00000) (1024K)]
  0x00000191221e2b20 JavaThread "Thread-7"                   daemon [_thread_in_native, id=18312, stack(0x0000005efbd00000,0x0000005efbe00000) (1024K)]
  0x00000191253ce540 JavaThread "Thread-8"                   daemon [_thread_in_native, id=19572, stack(0x0000005efbe00000,0x0000005efbf00000) (1024K)]
  0x00000191253cdeb0 JavaThread "Thread-9"                   daemon [_thread_in_native, id=17172, stack(0x0000005efbf00000,0x0000005efc000000) (1024K)]
  0x00000191253cebd0 JavaThread "Thread-10"                  daemon [_thread_in_native, id=23872, stack(0x0000005efc000000,0x0000005efc100000) (1024K)]
  0x00000191253ccb00 JavaThread "Thread-11"                  daemon [_thread_in_native, id=840, stack(0x0000005efc100000,0x0000005efc200000) (1024K)]
  0x00000191253cf260 JavaThread "Thread-12"                  daemon [_thread_in_native, id=17872, stack(0x0000005efc200000,0x0000005efc300000) (1024K)]
  0x00000191253cd820 JavaThread "Thread-13"                  daemon [_thread_in_native, id=4016, stack(0x0000005efc300000,0x0000005efc400000) (1024K)]
  0x00000191253cf8f0 JavaThread "Thread-14"                  daemon [_thread_in_native, id=7176, stack(0x0000005efc400000,0x0000005efc500000) (1024K)]
  0x00000191253cc470 JavaThread "Thread-15"                  daemon [_thread_in_native, id=6976, stack(0x0000005efc500000,0x0000005efc600000) (1024K)]
  0x00000191253d0610 JavaThread "Thread-16"                  daemon [_thread_in_native, id=16884, stack(0x0000005efc600000,0x0000005efc700000) (1024K)]
  0x00000191253cff80 JavaThread "Thread-17"                  daemon [_thread_in_native, id=4892, stack(0x0000005efc700000,0x0000005efc800000) (1024K)]
  0x00000191253cd190 JavaThread "pool-2-thread-1"                   [_thread_blocked, id=21000, stack(0x0000005efc800000,0x0000005efc900000) (1024K)]
  0x00000191253d0ca0 JavaThread "WorkspaceEventsHandler"            [_thread_blocked, id=23016, stack(0x0000005efca00000,0x0000005efcb00000) (1024K)]
  0x00000191253d2d70 JavaThread "pool-1-thread-1"                   [_thread_blocked, id=14740, stack(0x0000005efcb00000,0x0000005efcc00000) (1024K)]
  0x000001912401df90 JavaThread "Cleaner-0"                  daemon [_thread_blocked, id=23628, stack(0x0000005efde00000,0x0000005efdf00000) (1024K)]
  0x0000019124020d80 JavaThread "Worker-8"                          [_thread_blocked, id=24552, stack(0x0000005ef8400000,0x0000005ef8500000) (1024K)]
  0x00000191221dc8b0 JavaThread "Worker-9"                          [_thread_blocked, id=20176, stack(0x0000005efb200000,0x0000005efb300000) (1024K)]
  0x00000191221e10e0 JavaThread "HttpClient-2-SelectorManager" daemon [_thread_in_native, id=22824, stack(0x0000005ef9600000,0x0000005ef9700000) (1024K)]
Total: 44

Other Threads:
  0x00000190c2952590 VMThread "VM Thread"                           [id=13248, stack(0x0000005ef8900000,0x0000005ef8a00000) (1024K)]
  0x00000190c284ca00 WatcherThread "VM Periodic Task Thread"        [id=1304, stack(0x0000005ef8800000,0x0000005ef8900000) (1024K)]
  0x00000190c29d8f70 WorkerThread "GC Thread#0"                     [id=19152, stack(0x0000005ef8700000,0x0000005ef8800000) (1024K)]
  0x00000191220be930 WorkerThread "GC Thread#1"                     [id=24088, stack(0x0000005ef9900000,0x0000005ef9a00000) (1024K)]
  0x0000019122035710 WorkerThread "GC Thread#2"                     [id=24524, stack(0x0000005ef9a00000,0x0000005ef9b00000) (1024K)]
  0x0000019122035e70 WorkerThread "GC Thread#3"                     [id=24124, stack(0x0000005ef9b00000,0x0000005ef9c00000) (1024K)]
  0x0000019122034850 WorkerThread "GC Thread#4"                     [id=24492, stack(0x0000005ef9c00000,0x0000005ef9d00000) (1024K)]
  0x0000019122035ac0 WorkerThread "GC Thread#5"                     [id=5136, stack(0x0000005ef9d00000,0x0000005ef9e00000) (1024K)]
  0x0000019122034c00 WorkerThread "GC Thread#6"                     [id=16308, stack(0x0000005ef9e00000,0x0000005ef9f00000) (1024K)]
  0x00000191224dd860 WorkerThread "GC Thread#7"                     [id=19996, stack(0x0000005efa200000,0x0000005efa300000) (1024K)]
  0x00000191224dd100 WorkerThread "GC Thread#8"                     [id=8700, stack(0x0000005efa600000,0x0000005efa700000) (1024K)]
  0x00000191224dd4b0 WorkerThread "GC Thread#9"                     [id=12416, stack(0x0000005efa700000,0x0000005efa800000) (1024K)]
  0x00000191224df990 WorkerThread "GC Thread#10"                    [id=19992, stack(0x0000005efa800000,0x0000005efa900000) (1024K)]
  0x00000191224dc9a0 WorkerThread "GC Thread#11"                    [id=1476, stack(0x0000005efac00000,0x0000005efad00000) (1024K)]
  0x00000191224dcd50 WorkerThread "GC Thread#12"                    [id=1676, stack(0x0000005efad00000,0x0000005efae00000) (1024K)]
Total: 15

Threads with active compile tasks:
Total: 0

VM state: not at safepoint (normal execution)

VM Mutex/Monitor currently owned by a thread: None

Heap address: 0x0000000080000000, size: 2048 MB, Compressed Oops mode: 32-bit

CDS archive(s) mapped at: [0x00000190da000000-0x00000190daba0000-0x00000190daba0000), size 12189696, SharedBaseAddress: 0x00000190da000000, ArchiveRelocationMode: 1.
Compressed class space mapped at: 0x00000190db000000-0x000001911b000000, reserved size: 1073741824
Narrow klass base: 0x00000190da000000, Narrow klass shift: 0, Narrow klass range: 0x100000000

GC Precious Log:
 CardTable entry size: 512
 CPUs: 16 total, 16 available
 Memory: 16088M
 Large Page Support: Disabled
 NUMA Support: Disabled
 Compressed Oops: Enabled (32-bit)
 Alignments: Space 512K, Generation 512K, Heap 2M
 Heap Min Capacity: 100M
 Heap Initial Capacity: 100M
 Heap Max Capacity: 2G
 Pre-touch: Disabled
 Parallel Workers: 13

Heap:
 PSYoungGen      total 7680K, used 1493K [0x00000000d5580000, 0x00000000d5e00000, 0x0000000100000000)
  eden space 6656K, 15% used [0x00000000d5580000,0x00000000d5685588,0x00000000d5c00000)
  from space 1024K, 43% used [0x00000000d5c00000,0x00000000d5c70020,0x00000000d5d00000)
  to   space 1024K, 0% used [0x00000000d5d00000,0x00000000d5d00000,0x00000000d5e00000)
 ParOldGen       total 631296K, used 630875K [0x0000000080000000, 0x00000000a6880000, 0x00000000d5580000)
  object space 631296K, 99% used [0x0000000080000000,0x00000000a6816c28,0x00000000a6880000)
 Metaspace       used 89843K, committed 91712K, reserved 1179648K
  class space    used 9411K, committed 10240K, reserved 1048576K

Card table byte_map: [0x00000190c2360000,0x00000190c2770000] _byte_map_base: 0x00000190c1f60000

Marking Bits: (ParMarkBitMap*) 0x00007ffa5e653450
 Begin Bits: [0x00000190d4e70000, 0x00000190d6e70000)
 End Bits:   [0x00000190d6e70000, 0x00000190d8e70000)

Polling page: 0x00000190c05a0000

Metaspace:

Usage:
  Non-class:     78.55 MB used.
      Class:      9.19 MB used.
       Both:     87.74 MB used.

Virtual space:
  Non-class space:      128.00 MB reserved,      79.56 MB ( 62%) committed,  2 nodes.
      Class space:        1.00 GB reserved,      10.00 MB ( <1%) committed,  1 nodes.
             Both:        1.12 GB reserved,      89.56 MB (  8%) committed. 

Chunk freelists:
   Non-Class:  489.00 KB
       Class:  6.03 MB
        Both:  6.51 MB

MaxMetaspaceSize: unlimited
CompressedClassSpaceSize: 1.00 GB
Initial GC threshold: 21.00 MB
Current GC threshold: 141.88 MB
CDS: on
 - commit_granule_bytes: 65536.
 - commit_granule_words: 8192.
 - virtual_space_node_default_size: 8388608.
 - enlarge_chunks_in_place: 1.
 - use_allocation_guard: 0.


Internal statistics:

num_allocs_failed_limit: 9.
num_arena_births: 1808.
num_arena_deaths: 68.
num_vsnodes_births: 3.
num_vsnodes_deaths: 0.
num_space_committed: 1433.
num_space_uncommitted: 0.
num_chunks_returned_to_freelist: 102.
num_chunks_taken_from_freelist: 6158.
num_chunk_merges: 35.
num_chunk_splits: 3699.
num_chunks_enlarged: 2035.
num_inconsistent_stats: 0.

CodeHeap 'non-profiled nmethods': size=119168Kb used=17322Kb max_used=17322Kb free=101845Kb
 bounds [0x00000190cd760000, 0x00000190ce850000, 0x00000190d4bc0000]
CodeHeap 'profiled nmethods': size=119104Kb used=46185Kb max_used=46185Kb free=72918Kb
 bounds [0x00000190c5bc0000, 0x00000190c88e0000, 0x00000190cd010000]
CodeHeap 'non-nmethods': size=7488Kb used=1531Kb max_used=3310Kb free=5956Kb
 bounds [0x00000190cd010000, 0x00000190cd350000, 0x00000190cd760000]
CodeCache: size=245760Kb, used=65038Kb, max_used=66817Kb, free=180719Kb
 total_blobs=18980, nmethods=18129, adapters=752, full_count=0
Compilation: enabled, stopped_count=0, restarted_count=0

Compilation events (20 events):
Event: 2905.510 Thread 0x00000190c2a79950 19767       3       java.lang.ProcessHandleImpl::<init> (15 bytes)
Event: 2905.510 Thread 0x00000190c2a79950 nmethod 19767 0x00000190c88d6190 code [0x00000190c88d6340, 0x00000190c88d64b0]
Event: 2915.524 Thread 0x00000190c2a79950 19768       3       java.lang.ProcessHandleImpl::get (51 bytes)
Event: 2915.524 Thread 0x00000190c2a79950 nmethod 19768 0x00000190c88d6590 code [0x00000190c88d67a0, 0x00000190c88d6da8]
Event: 2935.541 Thread 0x00000190c2a79950 19769       3       java.lang.ProcessHandle::of (5 bytes)
Event: 2935.541 Thread 0x00000190c2a79950 nmethod 19769 0x00000190c88d7010 code [0x00000190c88d71c0, 0x00000190c88d72d8]
Event: 2935.542 Thread 0x00000190c2a79950 19770       3       java.lang.ProcessHandleImpl::isAlive (44 bytes)
Event: 2935.542 Thread 0x00000190c2a79950 nmethod 19770 0x00000190c88d7390 code [0x00000190c88d7540, 0x00000190c88d77a0]
Event: 3002.101 Thread 0x00000190c2a79950 19771   !   3       org.eclipse.core.internal.jobs.InternalJob::setRunCanceled (43 bytes)
Event: 3002.101 Thread 0x00000190c2a79950 nmethod 19771 0x00000190c88d7890 code [0x00000190c88d7a40, 0x00000190c88d7ca8]
Event: 3183.808 Thread 0x00000190c2a79950 19772       3       java.lang.ref.ReferenceQueue::await (15 bytes)
Event: 3183.808 Thread 0x00000190c2a79950 nmethod 19772 0x00000190c88d7d90 code [0x00000190c88d7f40, 0x00000190c88d80e0]
Event: 3273.836 Thread 0x00000190c2a79950 19773       3       java.util.concurrent.locks.AbstractQueuedSynchronizer$ConditionObject::await (202 bytes)
Event: 3273.837 Thread 0x00000190c2a79950 nmethod 19773 0x00000190c88d8210 code [0x00000190c88d8500, 0x00000190c88d9330]
Event: 3511.867 Thread 0x00000190c2a79950 19774       1       org.eclipse.osgi.internal.location.BasicLocation::isReadOnly (5 bytes)
Event: 3511.867 Thread 0x00000190c2a79950 nmethod 19774 0x00000190ce84a510 code [0x00000190ce84a6a0, 0x00000190ce84a770]
Event: 3836.349 Thread 0x00000190c2a79950 19775       3       org.eclipse.jdt.ls.core.internal.ParentProcessWatcher::parentProcessStillRunning (62 bytes)
Event: 3836.349 Thread 0x00000190c2a79950 nmethod 19775 0x00000190c88d9910 code [0x00000190c88d9b40, 0x00000190c88da228]
Event: 3843.992 Thread 0x00000190c2a79950 19776       1       com.sun.jna.internal.Cleaner::access$200 (5 bytes)
Event: 3843.992 Thread 0x00000190c2a79950 nmethod 19776 0x00000190ce84a810 code [0x00000190ce84a9a0, 0x00000190ce84aa50]

GC Heap History (20 events):
Event: 317.781 GC heap before
{Heap before GC invocations=590 (full 4):
 PSYoungGen      total 7680K, used 7584K [0x00000000d5580000, 0x00000000d5f00000, 0x0000000100000000)
  eden space 7168K, 100% used [0x00000000d5580000,0x00000000d5c80000,0x00000000d5c80000)
  from space 512K, 81% used [0x00000000d5e00000,0x00000000d5e68000,0x00000000d5e80000)
  to   space 512K, 0% used [0x00000000d5e80000,0x00000000d5e80000,0x00000000d5f00000)
 ParOldGen       total 626176K, used 625670K [0x0000000080000000, 0x00000000a6380000, 0x00000000d5580000)
  object space 626176K, 99% used [0x0000000080000000,0x00000000a6301be8,0x00000000a6380000)
 Metaspace       used 89463K, committed 91392K, reserved 1179648K
  class space    used 9382K, committed 10240K, reserved 1048576K
}
Event: 317.782 GC heap after
{Heap after GC invocations=590 (full 4):
 PSYoungGen      total 7680K, used 506K [0x00000000d5580000, 0x00000000d5f00000, 0x0000000100000000)
  eden space 7168K, 0% used [0x00000000d5580000,0x00000000d5580000,0x00000000d5c80000)
  from space 512K, 98% used [0x00000000d5e80000,0x00000000d5efe900,0x00000000d5f00000)
  to   space 1024K, 0% used [0x00000000d5d00000,0x00000000d5d00000,0x00000000d5e00000)
 ParOldGen       total 626176K, used 625854K [0x0000000080000000, 0x00000000a6380000, 0x00000000d5580000)
  object space 626176K, 99% used [0x0000000080000000,0x00000000a632fbe8,0x00000000a6380000)
 Metaspace       used 89463K, committed 91392K, reserved 1179648K
  class space    used 9382K, committed 10240K, reserved 1048576K
}
Event: 317.800 GC heap before
{Heap before GC invocations=591 (full 4):
 PSYoungGen      total 7680K, used 7187K [0x00000000d5580000, 0x00000000d5f00000, 0x0000000100000000)
  eden space 7168K, 93% used [0x00000000d5580000,0x00000000d5c063a8,0x00000000d5c80000)
  from space 512K, 98% used [0x00000000d5e80000,0x00000000d5efe900,0x00000000d5f00000)
  to   space 1024K, 0% used [0x00000000d5d00000,0x00000000d5d00000,0x00000000d5e00000)
 ParOldGen       total 626176K, used 625854K [0x0000000080000000, 0x00000000a6380000, 0x00000000d5580000)
  object space 626176K, 99% used [0x0000000080000000,0x00000000a632fbe8,0x00000000a6380000)
 Metaspace       used 89464K, committed 91392K, reserved 1179648K
  class space    used 9382K, committed 10240K, reserved 1048576K
}
Event: 317.801 GC heap after
{Heap after GC invocations=591 (full 4):
 PSYoungGen      total 8192K, used 346K [0x00000000d5580000, 0x00000000d5f00000, 0x0000000100000000)
  eden space 7168K, 0% used [0x00000000d5580000,0x00000000d5580000,0x00000000d5c80000)
  from space 1024K, 33% used [0x00000000d5d00000,0x00000000d5d56900,0x00000000d5e00000)
  to   space 512K, 0% used [0x00000000d5e80000,0x00000000d5e80000,0x00000000d5f00000)
 ParOldGen       total 626176K, used 625926K [0x0000000080000000, 0x00000000a6380000, 0x00000000d5580000)
  object space 626176K, 99% used [0x0000000080000000,0x00000000a6341be8,0x00000000a6380000)
 Metaspace       used 89464K, committed 91392K, reserved 1179648K
  class space    used 9382K, committed 10240K, reserved 1048576K
}
Event: 317.812 GC heap before
{Heap before GC invocations=592 (full 4):
 PSYoungGen      total 8192K, used 7384K [0x00000000d5580000, 0x00000000d5f00000, 0x0000000100000000)
  eden space 7168K, 98% used [0x00000000d5580000,0x00000000d5c5f7b8,0x00000000d5c80000)
  from space 1024K, 33% used [0x00000000d5d00000,0x00000000d5d56900,0x00000000d5e00000)
  to   space 512K, 0% used [0x00000000d5e80000,0x00000000d5e80000,0x00000000d5f00000)
 ParOldGen       total 626176K, used 625926K [0x0000000080000000, 0x00000000a6380000, 0x00000000d5580000)
  object space 626176K, 99% used [0x0000000080000000,0x00000000a6341be8,0x00000000a6380000)
 Metaspace       used 89465K, committed 91392K, reserved 1179648K
  class space    used 9382K, committed 10240K, reserved 1048576K
}
Event: 317.813 GC heap after
{Heap after GC invocations=592 (full 4):
 PSYoungGen      total 7680K, used 395K [0x00000000d5580000, 0x00000000d5f00000, 0x0000000100000000)
  eden space 7168K, 0% used [0x00000000d5580000,0x00000000d5580000,0x00000000d5c80000)
  from space 512K, 77% used [0x00000000d5e80000,0x00000000d5ee2f30,0x00000000d5f00000)
  to   space 512K, 0% used [0x00000000d5e00000,0x00000000d5e00000,0x00000000d5e80000)
 ParOldGen       total 628224K, used 627752K [0x0000000080000000, 0x00000000a6580000, 0x00000000d5580000)
  object space 628224K, 99% used [0x0000000080000000,0x00000000a650a200,0x00000000a6580000)
 Metaspace       used 89465K, committed 91392K, reserved 1179648K
  class space    used 9382K, committed 10240K, reserved 1048576K
}
Event: 317.819 GC heap before
{Heap before GC invocations=593 (full 4):
 PSYoungGen      total 7680K, used 7563K [0x00000000d5580000, 0x00000000d5f00000, 0x0000000100000000)
  eden space 7168K, 100% used [0x00000000d5580000,0x00000000d5c80000,0x00000000d5c80000)
  from space 512K, 77% used [0x00000000d5e80000,0x00000000d5ee2f30,0x00000000d5f00000)
  to   space 512K, 0% used [0x00000000d5e00000,0x00000000d5e00000,0x00000000d5e80000)
 ParOldGen       total 628224K, used 627752K [0x0000000080000000, 0x00000000a6580000, 0x00000000d5580000)
  object space 628224K, 99% used [0x0000000080000000,0x00000000a650a200,0x00000000a6580000)
 Metaspace       used 89466K, committed 91392K, reserved 1179648K
  class space    used 9382K, committed 10240K, reserved 1048576K
}
Event: 317.820 GC heap after
{Heap after GC invocations=593 (full 4):
 PSYoungGen      total 7680K, used 384K [0x00000000d5580000, 0x00000000d5f00000, 0x0000000100000000)
  eden space 7168K, 0% used [0x00000000d5580000,0x00000000d5580000,0x00000000d5c80000)
  from space 512K, 75% used [0x00000000d5e00000,0x00000000d5e60000,0x00000000d5e80000)
  to   space 512K, 0% used [0x00000000d5e80000,0x00000000d5e80000,0x00000000d5f00000)
 ParOldGen       total 628224K, used 627856K [0x0000000080000000, 0x00000000a6580000, 0x00000000d5580000)
  object space 628224K, 99% used [0x0000000080000000,0x00000000a6524200,0x00000000a6580000)
 Metaspace       used 89466K, committed 91392K, reserved 1179648K
  class space    used 9382K, committed 10240K, reserved 1048576K
}
Event: 317.830 GC heap before
{Heap before GC invocations=594 (full 4):
 PSYoungGen      total 7680K, used 7552K [0x00000000d5580000, 0x00000000d5f00000, 0x0000000100000000)
  eden space 7168K, 100% used [0x00000000d5580000,0x00000000d5c80000,0x00000000d5c80000)
  from space 512K, 75% used [0x00000000d5e00000,0x00000000d5e60000,0x00000000d5e80000)
  to   space 512K, 0% used [0x00000000d5e80000,0x00000000d5e80000,0x00000000d5f00000)
 ParOldGen       total 628224K, used 627856K [0x0000000080000000, 0x00000000a6580000, 0x00000000d5580000)
  object space 628224K, 99% used [0x0000000080000000,0x00000000a6524200,0x00000000a6580000)
 Metaspace       used 89478K, committed 91392K, reserved 1179648K
  class space    used 9382K, committed 10240K, reserved 1048576K
}
Event: 317.831 GC heap after
{Heap after GC invocations=594 (full 4):
 PSYoungGen      total 7680K, used 506K [0x00000000d5580000, 0x00000000d5f80000, 0x0000000100000000)
  eden space 7168K, 0% used [0x00000000d5580000,0x00000000d5580000,0x00000000d5c80000)
  from space 512K, 98% used [0x00000000d5e80000,0x00000000d5efe900,0x00000000d5f00000)
  to   space 1536K, 0% used [0x00000000d5c80000,0x00000000d5c80000,0x00000000d5e00000)
 ParOldGen       total 628736K, used 628344K [0x0000000080000000, 0x00000000a6600000, 0x00000000d5580000)
  object space 628736K, 99% used [0x0000000080000000,0x00000000a659e200,0x00000000a6600000)
 Metaspace       used 89478K, committed 91392K, reserved 1179648K
  class space    used 9382K, committed 10240K, reserved 1048576K
}
Event: 320.734 GC heap before
{Heap before GC invocations=595 (full 4):
 PSYoungGen      total 7680K, used 7674K [0x00000000d5580000, 0x00000000d5f80000, 0x0000000100000000)
  eden space 7168K, 100% used [0x00000000d5580000,0x00000000d5c80000,0x00000000d5c80000)
  from space 512K, 98% used [0x00000000d5e80000,0x00000000d5efe900,0x00000000d5f00000)
  to   space 1536K, 0% used [0x00000000d5c80000,0x00000000d5c80000,0x00000000d5e00000)
 ParOldGen       total 628736K, used 628344K [0x0000000080000000, 0x00000000a6600000, 0x00000000d5580000)
  object space 628736K, 99% used [0x0000000080000000,0x00000000a659e200,0x00000000a6600000)
 Metaspace       used 89479K, committed 91392K, reserved 1179648K
  class space    used 9382K, committed 10240K, reserved 1048576K
}
Event: 320.736 GC heap after
{Heap after GC invocations=595 (full 4):
 PSYoungGen      total 8704K, used 938K [0x00000000d5580000, 0x00000000d5f00000, 0x0000000100000000)
  eden space 7168K, 0% used [0x00000000d5580000,0x00000000d5580000,0x00000000d5c80000)
  from space 1536K, 61% used [0x00000000d5c80000,0x00000000d5d6a910,0x00000000d5e00000)
  to   space 1024K, 0% used [0x00000000d5e00000,0x00000000d5e00000,0x00000000d5f00000)
 ParOldGen       total 629248K, used 628865K [0x0000000080000000, 0x00000000a6680000, 0x00000000d5580000)
  object space 629248K, 99% used [0x0000000080000000,0x00000000a66207c0,0x00000000a6680000)
 Metaspace       used 89479K, committed 91392K, reserved 1179648K
  class space    used 9382K, committed 10240K, reserved 1048576K
}
Event: 320.749 GC heap before
{Heap before GC invocations=596 (full 4):
 PSYoungGen      total 8704K, used 8106K [0x00000000d5580000, 0x00000000d5f00000, 0x0000000100000000)
  eden space 7168K, 100% used [0x00000000d5580000,0x00000000d5c80000,0x00000000d5c80000)
  from space 1536K, 61% used [0x00000000d5c80000,0x00000000d5d6a910,0x00000000d5e00000)
  to   space 1024K, 0% used [0x00000000d5e00000,0x00000000d5e00000,0x00000000d5f00000)
 ParOldGen       total 629248K, used 628865K [0x0000000080000000, 0x00000000a6680000, 0x00000000d5580000)
  object space 629248K, 99% used [0x0000000080000000,0x00000000a66207c0,0x00000000a6680000)
 Metaspace       used 89482K, committed 91392K, reserved 1179648K
  class space    used 9382K, committed 10240K, reserved 1048576K
}
Event: 320.750 GC heap after
{Heap after GC invocations=596 (full 4):
 PSYoungGen      total 7680K, used 1018K [0x00000000d5580000, 0x00000000d6080000, 0x0000000100000000)
  eden space 6656K, 0% used [0x00000000d5580000,0x00000000d5580000,0x00000000d5c00000)
  from space 1024K, 99% used [0x00000000d5e00000,0x00000000d5efe900,0x00000000d5f00000)
  to   space 2048K, 0% used [0x00000000d5c00000,0x00000000d5c00000,0x00000000d5e00000)
 ParOldGen       total 629760K, used 629646K [0x0000000080000000, 0x00000000a6700000, 0x00000000d5580000)
  object space 629760K, 99% used [0x0000000080000000,0x00000000a66e39d0,0x00000000a6700000)
 Metaspace       used 89482K, committed 91392K, reserved 1179648K
  class space    used 9382K, committed 10240K, reserved 1048576K
}
Event: 321.178 GC heap before
{Heap before GC invocations=597 (full 4):
 PSYoungGen      total 7680K, used 7674K [0x00000000d5580000, 0x00000000d6080000, 0x0000000100000000)
  eden space 6656K, 100% used [0x00000000d5580000,0x00000000d5c00000,0x00000000d5c00000)
  from space 1024K, 99% used [0x00000000d5e00000,0x00000000d5efe900,0x00000000d5f00000)
  to   space 2048K, 0% used [0x00000000d5c00000,0x00000000d5c00000,0x00000000d5e00000)
 ParOldGen       total 629760K, used 629646K [0x0000000080000000, 0x00000000a6700000, 0x00000000d5580000)
  object space 629760K, 99% used [0x0000000080000000,0x00000000a66e39d0,0x00000000a6700000)
 Metaspace       used 89505K, committed 91392K, reserved 1179648K
  class space    used 9383K, committed 10240K, reserved 1048576K
}
Event: 321.180 GC heap after
{Heap after GC invocations=597 (full 4):
 PSYoungGen      total 7680K, used 826K [0x00000000d5580000, 0x00000000d5f00000, 0x0000000100000000)
  eden space 6656K, 0% used [0x00000000d5580000,0x00000000d5580000,0x00000000d5c00000)
  from space 1024K, 80% used [0x00000000d5c00000,0x00000000d5cce900,0x00000000d5d00000)
  to   space 1536K, 0% used [0x00000000d5d80000,0x00000000d5d80000,0x00000000d5f00000)
 ParOldGen       total 630784K, used 630523K [0x0000000080000000, 0x00000000a6800000, 0x00000000d5580000)
  object space 630784K, 99% used [0x0000000080000000,0x00000000a67bec28,0x00000000a6800000)
 Metaspace       used 89505K, committed 91392K, reserved 1179648K
  class space    used 9383K, committed 10240K, reserved 1048576K
}
Event: 321.189 GC heap before
{Heap before GC invocations=598 (full 4):
 PSYoungGen      total 7680K, used 7482K [0x00000000d5580000, 0x00000000d5f00000, 0x0000000100000000)
  eden space 6656K, 100% used [0x00000000d5580000,0x00000000d5c00000,0x00000000d5c00000)
  from space 1024K, 80% used [0x00000000d5c00000,0x00000000d5cce900,0x00000000d5d00000)
  to   space 1536K, 0% used [0x00000000d5d80000,0x00000000d5d80000,0x00000000d5f00000)
 ParOldGen       total 630784K, used 630523K [0x0000000080000000, 0x00000000a6800000, 0x00000000d5580000)
  object space 630784K, 99% used [0x0000000080000000,0x00000000a67bec28,0x00000000a6800000)
 Metaspace       used 89510K, committed 91392K, reserved 1179648K
  class space    used 9383K, committed 10240K, reserved 1048576K
}
Event: 321.190 GC heap after
{Heap after GC invocations=598 (full 4):
 PSYoungGen      total 7680K, used 586K [0x00000000d5580000, 0x00000000d5e80000, 0x0000000100000000)
  eden space 6656K, 0% used [0x00000000d5580000,0x00000000d5580000,0x00000000d5c00000)
  from space 1024K, 57% used [0x00000000d5d80000,0x00000000d5e12910,0x00000000d5e80000)
  to   space 1024K, 0% used [0x00000000d5c00000,0x00000000d5c00000,0x00000000d5d00000)
 ParOldGen       total 631296K, used 630835K [0x0000000080000000, 0x00000000a6880000, 0x00000000d5580000)
  object space 631296K, 99% used [0x0000000080000000,0x00000000a680cc28,0x00000000a6880000)
 Metaspace       used 89510K, committed 91392K, reserved 1179648K
  class space    used 9383K, committed 10240K, reserved 1048576K
}
Event: 368.819 GC heap before
{Heap before GC invocations=599 (full 4):
 PSYoungGen      total 7680K, used 7242K [0x00000000d5580000, 0x00000000d5e80000, 0x0000000100000000)
  eden space 6656K, 99% used [0x00000000d5580000,0x00000000d5bfffe8,0x00000000d5c00000)
  from space 1024K, 57% used [0x00000000d5d80000,0x00000000d5e12910,0x00000000d5e80000)
  to   space 1024K, 0% used [0x00000000d5c00000,0x00000000d5c00000,0x00000000d5d00000)
 ParOldGen       total 631296K, used 630835K [0x0000000080000000, 0x00000000a6880000, 0x00000000d5580000)
  object space 631296K, 99% used [0x0000000080000000,0x00000000a680cc28,0x00000000a6880000)
 Metaspace       used 89781K, committed 91712K, reserved 1179648K
  class space    used 9411K, committed 10240K, reserved 1048576K
}
Event: 368.820 GC heap after
{Heap after GC invocations=599 (full 4):
 PSYoungGen      total 7680K, used 448K [0x00000000d5580000, 0x00000000d5e00000, 0x0000000100000000)
  eden space 6656K, 0% used [0x00000000d5580000,0x00000000d5580000,0x00000000d5c00000)
  from space 1024K, 43% used [0x00000000d5c00000,0x00000000d5c70020,0x00000000d5d00000)
  to   space 1024K, 0% used [0x00000000d5d00000,0x00000000d5d00000,0x00000000d5e00000)
 ParOldGen       total 631296K, used 630875K [0x0000000080000000, 0x00000000a6880000, 0x00000000d5580000)
  object space 631296K, 99% used [0x0000000080000000,0x00000000a6816c28,0x00000000a6880000)
 Metaspace       used 89781K, committed 91712K, reserved 1179648K
  class space    used 9411K, committed 10240K, reserved 1048576K
}

Dll operation events (12 events):
Event: 0.009 Loaded shared library c:\Users\Thinhpa\.vscode\extensions\redhat.java-1.53.0-win32-x64\jre\21.0.10-win32-x86_64\bin\java.dll
Event: 0.056 Loaded shared library c:\Users\Thinhpa\.vscode\extensions\redhat.java-1.53.0-win32-x64\jre\21.0.10-win32-x86_64\bin\zip.dll
Event: 0.077 Loaded shared library C:\Users\Thinhpa\.vscode\extensions\redhat.java-1.53.0-win32-x64\jre\21.0.10-win32-x86_64\bin\instrument.dll
Event: 0.082 Loaded shared library C:\Users\Thinhpa\.vscode\extensions\redhat.java-1.53.0-win32-x64\jre\21.0.10-win32-x86_64\bin\net.dll
Event: 0.085 Loaded shared library C:\Users\Thinhpa\.vscode\extensions\redhat.java-1.53.0-win32-x64\jre\21.0.10-win32-x86_64\bin\nio.dll
Event: 0.088 Loaded shared library C:\Users\Thinhpa\.vscode\extensions\redhat.java-1.53.0-win32-x64\jre\21.0.10-win32-x86_64\bin\zip.dll
Event: 0.112 Loaded shared library C:\Users\Thinhpa\.vscode\extensions\redhat.java-1.53.0-win32-x64\jre\21.0.10-win32-x86_64\bin\jimage.dll
Event: 0.197 Loaded shared library c:\Users\Thinhpa\.vscode\extensions\redhat.java-1.53.0-win32-x64\jre\21.0.10-win32-x86_64\bin\verify.dll
Event: 1.024 Loaded shared library C:\Users\Thinhpa\AppData\Roaming\Code\User\globalStorage\redhat.java\1.53.0\config_win\org.eclipse.equinox.launcher\org.eclipse.equinox.launcher.win32.win32.x86_64_1.3.0.v20260203-2149\eclipse_11919.dll
Event: 1.942 Loaded shared library C:\Users\Thinhpa\AppData\Local\Temp\jna-318679808\jna15149836289089700673.dll
Event: 95.761 Loaded shared library C:\Users\Thinhpa\.vscode\extensions\redhat.java-1.53.0-win32-x64\jre\21.0.10-win32-x86_64\bin\sunmscapi.dll
Event: 95.793 Loaded shared library C:\Users\Thinhpa\.vscode\extensions\redhat.java-1.53.0-win32-x64\jre\21.0.10-win32-x86_64\bin\extnet.dll

Deoptimization events (20 events):
Event: 368.685 Thread 0x0000019124020d80 Uncommon trap: trap_request=0xffffffde fr.pc=0x00000190ce20ef7c relative=0x0000000000000b3c
Event: 368.685 Thread 0x0000019124020d80 Uncommon trap: reason=class_check action=maybe_recompile pc=0x00000190ce20ef7c method=java.io.DataOutputStream.write([BII)V @ 7 c2
Event: 368.685 Thread 0x0000019124020d80 DEOPT PACKING pc=0x00000190ce20ef7c sp=0x0000005ef84fee20
Event: 368.685 Thread 0x0000019124020d80 DEOPT UNPACKING pc=0x00000190cd063aa2 sp=0x0000005ef84fed50 mode 2
Event: 368.685 Thread 0x0000019124020d80 Uncommon trap: trap_request=0xffffffde fr.pc=0x00000190ce20ef7c relative=0x0000000000000b3c
Event: 368.685 Thread 0x0000019124020d80 Uncommon trap: reason=class_check action=maybe_recompile pc=0x00000190ce20ef7c method=java.io.DataOutputStream.write([BII)V @ 7 c2
Event: 368.685 Thread 0x0000019124020d80 DEOPT PACKING pc=0x00000190ce20ef7c sp=0x0000005ef84fed70
Event: 368.685 Thread 0x0000019124020d80 DEOPT UNPACKING pc=0x00000190cd063aa2 sp=0x0000005ef84feca0 mode 2
Event: 368.686 Thread 0x0000019124020d80 Uncommon trap: trap_request=0xffffffde fr.pc=0x00000190ce20bdf4 relative=0x00000000000003b4
Event: 368.686 Thread 0x0000019124020d80 Uncommon trap: reason=class_check action=maybe_recompile pc=0x00000190ce20bdf4 method=java.io.DataOutputStream.writeInt(I)V @ 19 c2
Event: 368.686 Thread 0x0000019124020d80 DEOPT PACKING pc=0x00000190ce20bdf4 sp=0x0000005ef84fe7f0
Event: 368.686 Thread 0x0000019124020d80 DEOPT UNPACKING pc=0x00000190cd063aa2 sp=0x0000005ef84fe798 mode 2
Event: 368.695 Thread 0x0000019124020d80 Uncommon trap: trap_request=0xffffffde fr.pc=0x00000190cdac2d58 relative=0x0000000000000578
Event: 368.695 Thread 0x0000019124020d80 Uncommon trap: reason=class_check action=maybe_recompile pc=0x00000190cdac2d58 method=java.io.InputStream.read([BII)I @ 15 c2
Event: 368.695 Thread 0x0000019124020d80 DEOPT PACKING pc=0x00000190cdac2d58 sp=0x0000005ef84fee90
Event: 368.695 Thread 0x0000019124020d80 DEOPT UNPACKING pc=0x00000190cd063aa2 sp=0x0000005ef84fee18 mode 2
Event: 368.695 Thread 0x0000019124020d80 Uncommon trap: trap_request=0xffffffde fr.pc=0x00000190cdac2d58 relative=0x0000000000000578
Event: 368.695 Thread 0x0000019124020d80 Uncommon trap: reason=class_check action=maybe_recompile pc=0x00000190cdac2d58 method=java.io.InputStream.read([BII)I @ 15 c2
Event: 368.695 Thread 0x0000019124020d80 DEOPT PACKING pc=0x00000190cdac2d58 sp=0x0000005ef84fee90
Event: 368.695 Thread 0x0000019124020d80 DEOPT UNPACKING pc=0x00000190cd063aa2 sp=0x0000005ef84fee18 mode 2

Classes loaded (20 events):
Event: 259.604 Loading class jdk/internal/module/IllegalAccessLogger
Event: 259.604 Loading class jdk/internal/module/IllegalAccessLogger done
Event: 264.704 Loading class jdk/internal/module/IllegalAccessLogger
Event: 264.704 Loading class jdk/internal/module/IllegalAccessLogger done
Event: 368.653 Loading class java/util/stream/Nodes$CollectorTask$OfRef
Event: 368.653 Loading class java/util/stream/Nodes$CollectorTask
Event: 368.653 Loading class java/util/stream/Nodes$CollectorTask done
Event: 368.653 Loading class java/util/stream/Nodes$CollectorTask$OfRef done
Event: 368.656 Loading class java/util/function/LongFunction
Event: 368.656 Loading class java/util/function/LongFunction done
Event: 368.656 Loading class java/util/stream/Nodes$ConcNode
Event: 368.656 Loading class java/util/stream/Nodes$AbstractConcNode
Event: 368.656 Loading class java/util/stream/Nodes$AbstractConcNode done
Event: 368.656 Loading class java/util/stream/Nodes$ConcNode done
Event: 368.667 Loading class java/io/ObjectOutputStream$BlockDataOutputStream
Event: 368.668 Loading class java/io/ObjectOutputStream$BlockDataOutputStream done
Event: 368.668 Loading class java/io/ObjectOutputStream$HandleTable
Event: 368.668 Loading class java/io/ObjectOutputStream$HandleTable done
Event: 368.668 Loading class java/io/ObjectOutputStream$ReplaceTable
Event: 368.668 Loading class java/io/ObjectOutputStream$ReplaceTable done

Classes unloaded (20 events):
Event: 97.022 Thread 0x00000190c2952590 Unloading class 0x00000190db788400 'java/lang/invoke/LambdaForm$MH+0x00000190db788400'
Event: 97.022 Thread 0x00000190c2952590 Unloading class 0x00000190db759c00 'java/lang/invoke/LambdaForm$MH+0x00000190db759c00'
Event: 97.022 Thread 0x00000190c2952590 Unloading class 0x00000190db75a000 'java/lang/invoke/LambdaForm$MH+0x00000190db75a000'
Event: 97.022 Thread 0x00000190c2952590 Unloading class 0x00000190db759800 'java/lang/invoke/LambdaForm$MH+0x00000190db759800'
Event: 97.022 Thread 0x00000190c2952590 Unloading class 0x00000190db759000 'java/lang/invoke/LambdaForm$MH+0x00000190db759000'
Event: 97.022 Thread 0x00000190c2952590 Unloading class 0x00000190db758c00 'java/lang/invoke/LambdaForm$MH+0x00000190db758c00'
Event: 97.022 Thread 0x00000190c2952590 Unloading class 0x00000190db758800 'java/lang/invoke/LambdaForm$MH+0x00000190db758800'
Event: 97.022 Thread 0x00000190c2952590 Unloading class 0x00000190db758400 'java/lang/invoke/LambdaForm$MH+0x00000190db758400'
Event: 97.022 Thread 0x00000190c2952590 Unloading class 0x00000190db753800 'java/lang/invoke/LambdaForm$MH+0x00000190db753800'
Event: 97.022 Thread 0x00000190c2952590 Unloading class 0x00000190db753c00 'java/lang/invoke/LambdaForm$MH+0x00000190db753c00'
Event: 97.022 Thread 0x00000190c2952590 Unloading class 0x00000190db753000 'java/lang/invoke/LambdaForm$MH+0x00000190db753000'
Event: 97.022 Thread 0x00000190c2952590 Unloading class 0x00000190db752c00 'java/lang/invoke/LambdaForm$MH+0x00000190db752c00'
Event: 97.022 Thread 0x00000190c2952590 Unloading class 0x00000190db752800 'java/lang/invoke/LambdaForm$MH+0x00000190db752800'
Event: 97.022 Thread 0x00000190c2952590 Unloading class 0x00000190db73cc00 'java/lang/invoke/LambdaForm$DMH+0x00000190db73cc00'
Event: 97.022 Thread 0x00000190c2952590 Unloading class 0x00000190db73c800 'java/lang/invoke/LambdaForm$DMH+0x00000190db73c800'
Event: 97.022 Thread 0x00000190c2952590 Unloading class 0x00000190db73c000 'java/lang/invoke/LambdaForm$DMH+0x00000190db73c000'
Event: 97.022 Thread 0x00000190c2952590 Unloading class 0x00000190db710400 'java/lang/invoke/LambdaForm$DMH+0x00000190db710400'
Event: 97.022 Thread 0x00000190c2952590 Unloading class 0x00000190db709c00 'java/lang/invoke/LambdaForm$DMH+0x00000190db709c00'
Event: 97.022 Thread 0x00000190c2952590 Unloading class 0x00000190db710000 'java/lang/invoke/LambdaForm$DMH+0x00000190db710000'
Event: 97.022 Thread 0x00000190c2952590 Unloading class 0x00000190db709800 'java/lang/invoke/LambdaForm$DMH+0x00000190db709800'

Classes redefined (0 events):
No events

Internal exceptions (20 events):
Event: 317.644 Thread 0x00000191253d1330 Exception <a 'sun/nio/fs/WindowsException'{0x00000000d5a518c0}> (0x00000000d5a518c0) 
thrown [s\src\hotspot\share\prims\jni.cpp, line 520]
Event: 317.686 Thread 0x00000191253d1330 Exception <a 'sun/nio/fs/WindowsException'{0x00000000d5763ab8}> (0x00000000d5763ab8) 
thrown [s\src\hotspot\share\prims\jni.cpp, line 520]
Event: 317.686 Thread 0x00000191253d1330 Exception <a 'sun/nio/fs/WindowsException'{0x00000000d5764480}> (0x00000000d5764480) 
thrown [s\src\hotspot\share\prims\jni.cpp, line 520]
Event: 317.736 Thread 0x00000191253d1330 Exception <a 'sun/nio/fs/WindowsException'{0x00000000d5c7ea40}> (0x00000000d5c7ea40) 
thrown [s\src\hotspot\share\prims\jni.cpp, line 520]
Event: 317.736 Thread 0x00000191253d1330 Exception <a 'sun/nio/fs/WindowsException'{0x00000000d5c7f408}> (0x00000000d5c7f408) 
thrown [s\src\hotspot\share\prims\jni.cpp, line 520]
Event: 317.750 Thread 0x00000191253d1330 Exception <a 'sun/nio/fs/WindowsException'{0x00000000d5a7b420}> (0x00000000d5a7b420) 
thrown [s\src\hotspot\share\prims\jni.cpp, line 520]
Event: 317.750 Thread 0x00000191253d1330 Exception <a 'sun/nio/fs/WindowsException'{0x00000000d5a7bde8}> (0x00000000d5a7bde8) 
thrown [s\src\hotspot\share\prims\jni.cpp, line 520]
Event: 317.773 Thread 0x00000191253d1330 Exception <a 'sun/nio/fs/WindowsException'{0x00000000d573b508}> (0x00000000d573b508) 
thrown [s\src\hotspot\share\prims\jni.cpp, line 520]
Event: 317.773 Thread 0x00000191253d1330 Exception <a 'sun/nio/fs/WindowsException'{0x00000000d573bed0}> (0x00000000d573bed0) 
thrown [s\src\hotspot\share\prims\jni.cpp, line 520]
Event: 317.783 Thread 0x00000191253d1330 Exception <a 'sun/nio/fs/WindowsException'{0x00000000d55a9280}> (0x00000000d55a9280) 
thrown [s\src\hotspot\share\prims\jni.cpp, line 520]
Event: 317.783 Thread 0x00000191253d1330 Exception <a 'sun/nio/fs/WindowsException'{0x00000000d55a9c48}> (0x00000000d55a9c48) 
thrown [s\src\hotspot\share\prims\jni.cpp, line 520]
Event: 317.791 Thread 0x00000191253d1330 Exception <a 'sun/nio/fs/WindowsException'{0x00000000d5b2b230}> (0x00000000d5b2b230) 
thrown [s\src\hotspot\share\prims\jni.cpp, line 520]
Event: 317.791 Thread 0x00000191253d1330 Exception <a 'sun/nio/fs/WindowsException'{0x00000000d5b2bbf8}> (0x00000000d5b2bbf8) 
thrown [s\src\hotspot\share\prims\jni.cpp, line 520]
Event: 317.833 Thread 0x00000191253d1330 Exception <a 'sun/nio/fs/WindowsException'{0x00000000d56296d8}> (0x00000000d56296d8) 
thrown [s\src\hotspot\share\prims\jni.cpp, line 520]
Event: 317.833 Thread 0x00000191253d1330 Exception <a 'sun/nio/fs/WindowsException'{0x00000000d562a0a0}> (0x00000000d562a0a0) 
thrown [s\src\hotspot\share\prims\jni.cpp, line 520]
Event: 368.663 Thread 0x0000019124020d80 Exception <a 'sun/nio/fs/WindowsException'{0x00000000d5a13940}> (0x00000000d5a13940) 
thrown [s\src\hotspot\share\prims\jni.cpp, line 520]
Event: 368.663 Thread 0x0000019124020d80 Exception <a 'sun/nio/fs/WindowsException'{0x00000000d5a14308}> (0x00000000d5a14308) 
thrown [s\src\hotspot\share\prims\jni.cpp, line 520]
Event: 368.664 Thread 0x0000019124020d80 Implicit null exception at 0x00000190cdf42821 to 0x00000190cdf42b88
Event: 368.683 Thread 0x0000019124020d80 Exception <a 'java/lang/NoSuchMethodError'{0x00000000d5ab3258}: static [J.<clinit>()V> (0x00000000d5ab3258) 
thrown [s\src\hotspot\share\prims\jni.cpp, line 1111]
Event: 368.688 Thread 0x0000019124020d80 Exception <a 'java/lang/NoSuchMethodError'{0x00000000d5ae5068}: 'java.lang.Object java.lang.invoke.DirectMethodHandle$Holder.newInvokeSpecial(java.lang.Object, java.lang.Object, java.lang.Object, java.lang.Object, java.lang.Object, java.lang.Object, java.lang.Object, java.lang.Object)'> (0x00000000d5ae5068) 
thrown [s\src\hotspot\share\interpreter\linkResolver.cpp, line 773]

ZGC Phase Switch (0 events):
No events

VM Operations (20 events):
Event: 3848.747 Executing non-safepoint VM operation: HandshakeAllThreads (HandshakeForDeflation)
Event: 3848.747 Executing non-safepoint VM operation: HandshakeAllThreads (HandshakeForDeflation) done
Event: 3848.747 Executing non-safepoint VM operation: RendezvousGCThreads
Event: 3848.747 Executing non-safepoint VM operation: RendezvousGCThreads done
Event: 3908.921 Executing non-safepoint VM operation: HandshakeAllThreads (HandshakeForDeflation)
Event: 3908.921 Executing non-safepoint VM operation: HandshakeAllThreads (HandshakeForDeflation) done
Event: 3908.921 Executing non-safepoint VM operation: RendezvousGCThreads
Event: 3908.921 Executing non-safepoint VM operation: RendezvousGCThreads done
Event: 3969.132 Executing non-safepoint VM operation: HandshakeAllThreads (HandshakeForDeflation)
Event: 3969.132 Executing non-safepoint VM operation: HandshakeAllThreads (HandshakeForDeflation) done
Event: 3969.132 Executing non-safepoint VM operation: RendezvousGCThreads
Event: 3969.132 Executing non-safepoint VM operation: RendezvousGCThreads done
Event: 4089.432 Executing non-safepoint VM operation: HandshakeAllThreads (HandshakeForDeflation)
Event: 4089.432 Executing non-safepoint VM operation: HandshakeAllThreads (HandshakeForDeflation) done
Event: 4089.433 Executing non-safepoint VM operation: RendezvousGCThreads
Event: 4089.433 Executing non-safepoint VM operation: RendezvousGCThreads done
Event: 4149.460 Executing non-safepoint VM operation: HandshakeAllThreads (HandshakeForDeflation)
Event: 4149.460 Executing non-safepoint VM operation: HandshakeAllThreads (HandshakeForDeflation) done
Event: 4149.460 Executing non-safepoint VM operation: RendezvousGCThreads
Event: 4149.460 Executing non-safepoint VM operation: RendezvousGCThreads done

Memory protections (0 events):
No events

Nmethod flushes (20 events):
Event: 97.046 Thread 0x00000190c2952590 flushing  nmethod 0x00000190c6b2e390
Event: 97.046 Thread 0x00000190c2952590 flushing  nmethod 0x00000190c6b37390
Event: 97.046 Thread 0x00000190c2952590 flushing  nmethod 0x00000190c6b37a10
Event: 97.046 Thread 0x00000190c2952590 flushing  nmethod 0x00000190c6b38390
Event: 97.046 Thread 0x00000190c2952590 flushing  nmethod 0x00000190c6bde710
Event: 97.046 Thread 0x00000190c2952590 flushing  nmethod 0x00000190c6c62410
Event: 97.046 Thread 0x00000190c2952590 flushing  nmethod 0x00000190c6ca7410
Event: 97.046 Thread 0x00000190c2952590 flushing  nmethod 0x00000190c6cc9d90
Event: 97.046 Thread 0x00000190c2952590 flushing  nmethod 0x00000190c6cca190
Event: 97.046 Thread 0x00000190c2952590 flushing  nmethod 0x00000190c6ccb290
Event: 97.046 Thread 0x00000190c2952590 flushing  nmethod 0x00000190c6ccf490
Event: 97.046 Thread 0x00000190c2952590 flushing  nmethod 0x00000190c6cdfd10
Event: 97.046 Thread 0x00000190c2952590 flushing  nmethod 0x00000190c6ce5490
Event: 97.046 Thread 0x00000190c2952590 flushing  nmethod 0x00000190c6ce6710
Event: 97.046 Thread 0x00000190c2952590 flushing  nmethod 0x00000190c6cf8710
Event: 97.046 Thread 0x00000190c2952590 flushing  nmethod 0x00000190c6cf8b90
Event: 97.046 Thread 0x00000190c2952590 flushing  nmethod 0x00000190c6d13c10
Event: 97.046 Thread 0x00000190c2952590 flushing  nmethod 0x00000190c6d46490
Event: 97.046 Thread 0x00000190c2952590 flushing  nmethod 0x00000190c6d4b590
Event: 97.046 Thread 0x00000190c2952590 flushing  nmethod 0x00000190c6d66c10

Events (20 events):
Event: 441.035 Thread 0x00000191266ebf00 Thread exited: 0x00000191266ebf00
Event: 486.591 Thread 0x000001912401ecb0 Thread exited: 0x000001912401ecb0
Event: 501.037 Thread 0x00000191266e9e30 Thread exited: 0x00000191266e9e30
Event: 503.944 Thread 0x00000191236da360 Thread exited: 0x00000191236da360
Event: 514.195 Thread 0x00000191236da9f0 Thread exited: 0x00000191236da9f0
Event: 520.199 Thread 0x00000191236d9640 Thread exited: 0x00000191236d9640
Event: 559.588 Thread 0x00000191236d8290 Thread exited: 0x00000191236d8290
Event: 561.042 Thread 0x00000191253d3400 Thread exited: 0x00000191253d3400
Event: 564.691 Thread 0x00000191236dbda0 Thread exited: 0x00000191236dbda0
Event: 621.049 Thread 0x00000191253d26e0 Thread exited: 0x00000191253d26e0
Event: 681.065 Thread 0x00000191266ec590 Thread exited: 0x00000191266ec590
Event: 741.070 Thread 0x00000191266e8a80 Thread exited: 0x00000191266e8a80
Event: 801.083 Thread 0x00000191266e9110 Thread exited: 0x00000191266e9110
Event: 861.088 Thread 0x00000191253d3a90 Thread exited: 0x00000191253d3a90
Event: 921.092 Thread 0x00000191266ea4c0 Thread exited: 0x00000191266ea4c0
Event: 981.102 Thread 0x00000191266eb870 Thread exited: 0x00000191266eb870
Event: 1041.104 Thread 0x00000191266eb1e0 Thread exited: 0x00000191266eb1e0
Event: 1101.107 Thread 0x00000191266eab50 Thread exited: 0x00000191266eab50
Event: 1161.111 Thread 0x00000191253d19c0 Thread exited: 0x00000191253d19c0
Event: 1221.120 Thread 0x00000191266e83f0 Thread exited: 0x00000191266e83f0


Dynamic libraries:
0x00007ff626a30000 - 0x00007ff626a3e000 	c:\Users\Thinhpa\.vscode\extensions\redhat.java-1.53.0-win32-x64\jre\21.0.10-win32-x86_64\bin\java.exe
0x00007ffae06e0000 - 0x00007ffae0947000 	C:\WINDOWS\SYSTEM32\ntdll.dll
0x00007ffadecf0000 - 0x00007ffadedb9000 	C:\WINDOWS\System32\KERNEL32.DLL
0x00007ffadd1c0000 - 0x00007ffadd5b1000 	C:\WINDOWS\System32\KERNELBASE.dll
0x00007ffadcfc0000 - 0x00007ffadd10b000 	C:\WINDOWS\System32\ucrtbase.dll
0x00007ffab0160000 - 0x00007ffab0178000 	c:\Users\Thinhpa\.vscode\extensions\redhat.java-1.53.0-win32-x64\jre\21.0.10-win32-x86_64\bin\jli.dll
0x00007ffaa9fe0000 - 0x00007ffaa9ffe000 	c:\Users\Thinhpa\.vscode\extensions\redhat.java-1.53.0-win32-x64\jre\21.0.10-win32-x86_64\bin\VCRUNTIME140.dll
0x00007ffade490000 - 0x00007ffade655000 	C:\WINDOWS\System32\USER32.dll
0x00007ffabd820000 - 0x00007ffabdab3000 	C:\WINDOWS\WinSxS\amd64_microsoft.windows.common-controls_6595b64144ccf1df_6.0.26100.8037_none_3e092faae333b53b\COMCTL32.dll
0x00007ffadd7d0000 - 0x00007ffadd7f7000 	C:\WINDOWS\System32\win32u.dll
0x00007ffae03c0000 - 0x00007ffae0469000 	C:\WINDOWS\System32\msvcrt.dll
0x00007ffae01b0000 - 0x00007ffae01db000 	C:\WINDOWS\System32\GDI32.dll
0x00007ffadd800000 - 0x00007ffadd92b000 	C:\WINDOWS\System32\gdi32full.dll
0x00007ffadd110000 - 0x00007ffadd1b3000 	C:\WINDOWS\System32\msvcp_win.dll
0x00007ffae0660000 - 0x00007ffae0691000 	C:\WINDOWS\System32\IMM32.DLL
0x00007ffac4830000 - 0x00007ffac483c000 	c:\Users\Thinhpa\.vscode\extensions\redhat.java-1.53.0-win32-x64\jre\21.0.10-win32-x86_64\bin\vcruntime140_1.dll
0x00007ffa5e740000 - 0x00007ffa5e7cd000 	c:\Users\Thinhpa\.vscode\extensions\redhat.java-1.53.0-win32-x64\jre\21.0.10-win32-x86_64\bin\msvcp140.dll
0x00007ffa5d990000 - 0x00007ffa5e731000 	c:\Users\Thinhpa\.vscode\extensions\redhat.java-1.53.0-win32-x64\jre\21.0.10-win32-x86_64\bin\server\jvm.dll
0x00007ffadea30000 - 0x00007ffadeaeb000 	C:\WINDOWS\System32\ADVAPI32.dll
0x00007ffadee50000 - 0x00007ffadeef7000 	C:\WINDOWS\System32\sechost.dll
0x00007ffade790000 - 0x00007ffade8a8000 	C:\WINDOWS\System32\RPCRT4.dll
0x00007ffae01f0000 - 0x00007ffae0264000 	C:\WINDOWS\System32\WS2_32.dll
0x00007ffadce20000 - 0x00007ffadce7e000 	C:\WINDOWS\SYSTEM32\POWRPROF.dll
0x00007ffad36b0000 - 0x00007ffad36e5000 	C:\WINDOWS\SYSTEM32\WINMM.dll
0x00007ffad3660000 - 0x00007ffad366b000 	C:\WINDOWS\SYSTEM32\VERSION.dll
0x00007ffadce00000 - 0x00007ffadce14000 	C:\WINDOWS\SYSTEM32\UMPDC.dll
0x00007ffadbd10000 - 0x00007ffadbd2b000 	C:\WINDOWS\SYSTEM32\kernel.appcore.dll
0x00007ffac4230000 - 0x00007ffac423a000 	c:\Users\Thinhpa\.vscode\extensions\redhat.java-1.53.0-win32-x64\jre\21.0.10-win32-x86_64\bin\jimage.dll
0x00007ffada990000 - 0x00007ffadabd2000 	C:\WINDOWS\SYSTEM32\DBGHELP.DLL
0x00007ffadfd40000 - 0x00007ffae00c2000 	C:\WINDOWS\System32\combase.dll
0x00007ffae00d0000 - 0x00007ffae01a7000 	C:\WINDOWS\System32\OLEAUT32.dll
0x00007ffac6010000 - 0x00007ffac604b000 	C:\WINDOWS\SYSTEM32\dbgcore.DLL
0x00007ffade3d0000 - 0x00007ffade475000 	C:\WINDOWS\System32\bcryptPrimitives.dll
0x00007ffabbc30000 - 0x00007ffabbc3f000 	c:\Users\Thinhpa\.vscode\extensions\redhat.java-1.53.0-win32-x64\jre\21.0.10-win32-x86_64\bin\instrument.dll
0x00007ffaa9ea0000 - 0x00007ffaa9ec0000 	c:\Users\Thinhpa\.vscode\extensions\redhat.java-1.53.0-win32-x64\jre\21.0.10-win32-x86_64\bin\java.dll
0x00007ffadf140000 - 0x00007ffadf89f000 	C:\WINDOWS\System32\SHELL32.dll
0x00007ffadd930000 - 0x00007ffadda9a000 	C:\WINDOWS\System32\wintypes.dll
0x00007ffaddb60000 - 0x00007ffade3c4000 	C:\WINDOWS\System32\windows.storage.dll
0x00007ffade660000 - 0x00007ffade757000 	C:\WINDOWS\System32\SHCORE.dll
0x00007ffae0340000 - 0x00007ffae03a7000 	C:\WINDOWS\System32\shlwapi.dll
0x00007ffadcee0000 - 0x00007ffadcf09000 	C:\WINDOWS\SYSTEM32\profapi.dll
0x00007ffaa9ab0000 - 0x00007ffaa9ac8000 	c:\Users\Thinhpa\.vscode\extensions\redhat.java-1.53.0-win32-x64\jre\21.0.10-win32-x86_64\bin\zip.dll
0x00007ffabba70000 - 0x00007ffabba80000 	C:\Users\Thinhpa\.vscode\extensions\redhat.java-1.53.0-win32-x64\jre\21.0.10-win32-x86_64\bin\net.dll
0x00007ffad2790000 - 0x00007ffad28b7000 	C:\WINDOWS\SYSTEM32\WINHTTP.dll
0x00007ffadc260000 - 0x00007ffadc2cb000 	C:\WINDOWS\system32\mswsock.dll
0x00007ffaa8d00000 - 0x00007ffaa8d16000 	C:\Users\Thinhpa\.vscode\extensions\redhat.java-1.53.0-win32-x64\jre\21.0.10-win32-x86_64\bin\nio.dll
0x00007ffab8180000 - 0x00007ffab8190000 	c:\Users\Thinhpa\.vscode\extensions\redhat.java-1.53.0-win32-x64\jre\21.0.10-win32-x86_64\bin\verify.dll
0x00007ffa97780000 - 0x00007ffa977c5000 	C:\Users\Thinhpa\AppData\Roaming\Code\User\globalStorage\redhat.java\1.53.0\config_win\org.eclipse.equinox.launcher\org.eclipse.equinox.launcher.win32.win32.x86_64_1.3.0.v20260203-2149\eclipse_11919.dll
0x00007ffadeaf0000 - 0x00007ffadec85000 	C:\WINDOWS\System32\ole32.dll
0x00007ffadc660000 - 0x00007ffadc67b000 	C:\WINDOWS\SYSTEM32\CRYPTSP.dll
0x00007ffadbc70000 - 0x00007ffadbca9000 	C:\WINDOWS\system32\rsaenh.dll
0x00007ffadc310000 - 0x00007ffadc342000 	C:\WINDOWS\SYSTEM32\USERENV.dll
0x00007ffadceb0000 - 0x00007ffadceda000 	C:\WINDOWS\SYSTEM32\bcrypt.dll
0x00007ffadc4c0000 - 0x00007ffadc4cc000 	C:\WINDOWS\SYSTEM32\CRYPTBASE.dll
0x00007ffadb700000 - 0x00007ffadb733000 	C:\WINDOWS\SYSTEM32\IPHLPAPI.DLL
0x00007ffade480000 - 0x00007ffade48a000 	C:\WINDOWS\System32\NSI.dll
0x00007ffa5d940000 - 0x00007ffa5d989000 	C:\Users\Thinhpa\AppData\Local\Temp\jna-318679808\jna15149836289089700673.dll
0x00007ffae01e0000 - 0x00007ffae01e8000 	C:\WINDOWS\System32\PSAPI.DLL
0x00007ffad2770000 - 0x00007ffad278d000 	C:\WINDOWS\SYSTEM32\dhcpcsvc6.DLL
0x00007ffad2740000 - 0x00007ffad2763000 	C:\WINDOWS\SYSTEM32\dhcpcsvc.DLL
0x00007ffab1130000 - 0x00007ffab113e000 	C:\Users\Thinhpa\.vscode\extensions\redhat.java-1.53.0-win32-x64\jre\21.0.10-win32-x86_64\bin\sunmscapi.dll
0x00007ffadd650000 - 0x00007ffadd7c7000 	C:\WINDOWS\System32\CRYPT32.dll
0x00007ffadc7c0000 - 0x00007ffadc7f0000 	C:\WINDOWS\SYSTEM32\ncrypt.dll
0x00007ffadc770000 - 0x00007ffadc7af000 	C:\WINDOWS\SYSTEM32\NTASN1.dll
0x00007ffab3380000 - 0x00007ffab3388000 	C:\WINDOWS\system32\wshunix.dll
0x00007ffa97770000 - 0x00007ffa97779000 	C:\Users\Thinhpa\.vscode\extensions\redhat.java-1.53.0-win32-x64\jre\21.0.10-win32-x86_64\bin\extnet.dll
0x00007ffadb790000 - 0x00007ffadb8ba000 	C:\WINDOWS\SYSTEM32\DNSAPI.dll
0x00007ffad6470000 - 0x00007ffad647b000 	C:\Windows\System32\rasadhlp.dll
0x00007ffacdaf0000 - 0x00007ffacdb76000 	C:\WINDOWS\System32\fwpuclnt.dll

JVMTI agents:
c:\Users\Thinhpa\.vscode\extensions\redhat.java-1.53.0-win32-x64\lombok\lombok-1.18.39-4050.jar path:c:\Users\Thinhpa\.vscode\extensions\redhat.java-1.53.0-win32-x64\jre\21.0.10-win32-x86_64\bin\instrument.dll, loaded, initialized, instrumentlib options:none

dbghelp: loaded successfully - version: 4.0.5 - missing functions: none
symbol engine: initialized successfully - sym options: 0x614 - pdb path: .;c:\Users\Thinhpa\.vscode\extensions\redhat.java-1.53.0-win32-x64\jre\21.0.10-win32-x86_64\bin;C:\WINDOWS\SYSTEM32;C:\WINDOWS\WinSxS\amd64_microsoft.windows.common-controls_6595b64144ccf1df_6.0.26100.8037_none_3e092faae333b53b;c:\Users\Thinhpa\.vscode\extensions\redhat.java-1.53.0-win32-x64\jre\21.0.10-win32-x86_64\bin\server;C:\Users\Thinhpa\AppData\Roaming\Code\User\globalStorage\redhat.java\1.53.0\config_win\org.eclipse.equinox.launcher\org.eclipse.equinox.launcher.win32.win32.x86_64_1.3.0.v20260203-2149;C:\Users\Thinhpa\AppData\Local\Temp\jna-318679808

VM Arguments:
jvm_args: --add-modules=ALL-SYSTEM --add-opens=java.base/java.util=ALL-UNNAMED --add-opens=java.base/java.lang=ALL-UNNAMED --add-opens=java.base/sun.nio.fs=ALL-UNNAMED -Declipse.application=org.eclipse.jdt.ls.core.id1 -Dosgi.bundles.defaultStartLevel=4 -Declipse.product=org.eclipse.jdt.ls.core.product -Djava.import.generatesMetadataFilesAtProjectRoot=false -DDetectVMInstallationsJob.disabled=true -Dfile.encoding=utf8 -XX:+UseParallelGC -XX:GCTimeRatio=4 -XX:AdaptiveSizePolicyWeight=90 -Dsun.zip.disableMemoryMapping=true -Xmx2G -Xms100m -Xlog:disable -javaagent:c:\Users\Thinhpa\.vscode\extensions\redhat.java-1.53.0-win32-x64\lombok\lombok-1.18.39-4050.jar -XX:+HeapDumpOnOutOfMemoryError -XX:HeapDumpPath=c:\Users\Thinhpa\AppData\Roaming\Code\User\workspaceStorage\fa1a3e468aabf42a35b8464760eae321\redhat.java -Daether.dependencyCollector.impl=bf 
java_command: c:\Users\Thinhpa\.vscode\extensions\redhat.java-1.53.0-win32-x64\server\plugins\org.eclipse.equinox.launcher_1.7.100.v20251111-0406.jar -configuration c:\Users\Thinhpa\AppData\Roaming\Code\User\globalStorage\redhat.java\1.53.0\config_win -data c:\Users\Thinhpa\AppData\Roaming\Code\User\workspaceStorage\fa1a3e468aabf42a35b8464760eae321\redhat.java\jdt_ws --pipe=\\.\pipe\lsp-87a0fbd197e5a38ea18a9cec5904a91f-sock
java_class_path (initial): c:\Users\Thinhpa\.vscode\extensions\redhat.java-1.53.0-win32-x64\server\plugins\org.eclipse.equinox.launcher_1.7.100.v20251111-0406.jar
Launcher Type: SUN_STANDARD

[Global flags]
    uintx AdaptiveSizePolicyWeight                 = 90                                        {product} {command line}
     intx CICompilerCount                          = 12                                        {product} {ergonomic}
    uintx GCTimeRatio                              = 4                                         {product} {command line}
     bool HeapDumpOnOutOfMemoryError               = true                                   {manageable} {command line}
    ccstr HeapDumpPath                             = c:\Users\Thinhpa\AppData\Roaming\Code\User\workspaceStorage\fa1a3e468aabf42a35b8464760eae321\redhat.java         {manageable} {command line}
   size_t InitialHeapSize                          = 104857600                                 {product} {command line}
   size_t MaxHeapSize                              = 2147483648                                {product} {command line}
   size_t MaxNewSize                               = 715653120                                 {product} {ergonomic}
   size_t MinHeapDeltaBytes                        = 524288                                    {product} {ergonomic}
   size_t MinHeapSize                              = 104857600                                 {product} {command line}
   size_t NewSize                                  = 34603008                                  {product} {ergonomic}
    uintx NonNMethodCodeHeapSize                   = 7602480                                {pd product} {ergonomic}
    uintx NonProfiledCodeHeapSize                  = 122027880                              {pd product} {ergonomic}
   size_t OldSize                                  = 70254592                                  {product} {ergonomic}
    uintx ProfiledCodeHeapSize                     = 122027880                              {pd product} {ergonomic}
    uintx ReservedCodeCacheSize                    = 251658240                              {pd product} {ergonomic}
     bool SegmentedCodeCache                       = true                                      {product} {ergonomic}
   size_t SoftMaxHeapSize                          = 2147483648                             {manageable} {ergonomic}
     bool UseCompressedOops                        = true                           {product lp64_product} {ergonomic}
     bool UseLargePagesIndividualAllocation        = false                                  {pd product} {ergonomic}
     bool UseParallelGC                            = true                                      {product} {command line}

Logging:
Log output configuration:
 #0: stdout all=off uptime,level,tags foldmultilines=false
 #1: stderr all=off uptime,level,tags foldmultilines=false

Release file:
JAVA_VERSION="21.0.10" 
MODULES="java.base java.compiler java.datatransfer java.xml java.prefs java.desktop java.instrument java.logging java.management java.security.sasl java.naming java.rmi java.management.rmi java.net.http java.scripting java.security.jgss java.transaction.xa java.sql java.sql.rowset java.xml.crypto java.se java.smartcardio jdk.accessibility jdk.internal.jvmstat jdk.attach jdk.charsets jdk.internal.opt jdk.zipfs jdk.compiler jdk.crypto.ec jdk.crypto.cryptoki jdk.crypto.mscapi jdk.dynalink jdk.internal.ed jdk.editpad jdk.hotspot.agent jdk.httpserver jdk.internal.le jdk.internal.vm.ci jdk.internal.vm.compiler jdk.internal.vm.compiler.management jdk.jartool jdk.javadoc jdk.jcmd jdk.management jdk.management.agent jdk.jconsole jdk.jdeps jdk.jdwp.agent jdk.jdi jdk.jfr jdk.jshell jdk.jsobject jdk.jstatd jdk.localedata jdk.management.jfr jdk.naming.dns jdk.naming.rmi jdk.net jdk.nio.mapmode jdk.random jdk.sctp jdk.security.auth jdk.security.jgss jdk.unsupported jdk.unsupported.desktop jdk.xml.dom" 

Environment Variables:
JAVA_HOME=C:\Program Files\Eclipse Adoptium\jdk-17.0.14.7-hotspot\
PATH=C:\Users\Thinhpa\AppData\Local\Programs\Microsoft VS Code;D:\D\bin\;C:\Program Files\Common Files\Oracle\Java\javapath;C:\Program Files\Eclipse Adoptium\jdk-17.0.14.7-hotspot\bin;C:\Windows\system32;C:\Windows;C:\Windows\System32\Wbem;C:\Windows\System32\WindowsPowerShell\v1.0\;C:\Windows\System32\OpenSSH\;C:\Program Files (x86)\NVIDIA Corporation\PhysX\Common;C:\xampp\php;C:\ProgramData\ComposerSetup\bin;C:\Program Files\Apache\maven\bin;C:\Program Files\nodejs\;C:\WINDOWS\system32;C:\WINDOWS;C:\WINDOWS\System32\Wbem;C:\WINDOWS\System32\WindowsPowerShell\v1.0\;C:\WINDOWS\System32\OpenSSH\;C:\Program Files\Docker\Docker\resources\bin;C:\Program Files\Git\cmd;C:\Program Files\PostgreSQL\18\bin;$($env:PATH);C:\Users\Thinhpa\AppData\Local\Programs\Python\Python310\;C:\Users\Thinhpa\AppData\Local\Programs\Python\Python310\Scripts\;C:\Users\Thinhpa\AppData\Local\Programs\Microsoft VS Code\bin
USERNAME=Thinhpa
OS=Windows_NT
PROCESSOR_IDENTIFIER=Intel64 Family 6 Model 154 Stepping 3, GenuineIntel
TMP=C:\Users\Thinhpa\AppData\Local\Temp
TEMP=C:\Users\Thinhpa\AppData\Local\Temp




Periodic native trim disabled

---------------  S Y S T E M  ---------------

OS:
 Windows 11 , 64 bit Build 26100 (10.0.26100.7920)
OS uptime: 0 days 9:31 hours
Hyper-V role detected

CPU: total 16 (initial active 16) (8 cores per cpu, 2 threads per core) family 6 model 154 stepping 3 microcode 0x423, cx8, cmov, fxsr, ht, mmx, 3dnowpref, sse, sse2, sse3, ssse3, sse4.1, sse4.2, popcnt, lzcnt, tsc, tscinvbit, avx, avx2, aes, erms, clmul, bmi1, bmi2, adx, sha, fma, vzeroupper, clflush, clflushopt, clwb, hv, serialize, rdtscp, rdpid, fsrm, f16c, cet_ibt, cet_ss
Processor Information for processor 0
  Max Mhz: 3100, Current Mhz: 3100, Mhz Limit: 3100
Processor Information for processor 1
  Max Mhz: 3100, Current Mhz: 3100, Mhz Limit: 3100
Processor Information for processor 2
  Max Mhz: 3100, Current Mhz: 3100, Mhz Limit: 3100
Processor Information for processor 3
  Max Mhz: 3100, Current Mhz: 3100, Mhz Limit: 3100
Processor Information for processor 4
  Max Mhz: 3100, Current Mhz: 3100, Mhz Limit: 3100
Processor Information for processor 5
  Max Mhz: 3100, Current Mhz: 3100, Mhz Limit: 3100
Processor Information for processor 6
  Max Mhz: 3100, Current Mhz: 3100, Mhz Limit: 3100
Processor Information for processor 7
  Max Mhz: 3100, Current Mhz: 3100, Mhz Limit: 3100
Processor Information for processor 8
  Max Mhz: 3100, Current Mhz: 2232, Mhz Limit: 2232
Processor Information for processor 9
  Max Mhz: 3100, Current Mhz: 2232, Mhz Limit: 2232
Processor Information for processor 10
  Max Mhz: 3100, Current Mhz: 2232, Mhz Limit: 2232
Processor Information for processor 11
  Max Mhz: 3100, Current Mhz: 2232, Mhz Limit: 2232
Processor Information for processor 12
  Max Mhz: 3100, Current Mhz: 2232, Mhz Limit: 2232
Processor Information for processor 13
  Max Mhz: 3100, Current Mhz: 2232, Mhz Limit: 2232
Processor Information for processor 14
  Max Mhz: 3100, Current Mhz: 2232, Mhz Limit: 2232
Processor Information for processor 15
  Max Mhz: 3100, Current Mhz: 2232, Mhz Limit: 2232

Memory: 4k page, system-wide physical 16088M (545M free)
TotalPageFile size 29068M (AvailPageFile size 7M)
current process WorkingSet (physical memory assigned to process): 10M, peak: 976M
current process commit charge ("private bytes"): 1036M, peak: 1040M

vm_info: OpenJDK 64-Bit Server VM (21.0.10+7-LTS) for windows-amd64 JRE (21.0.10+7-LTS), built on 2026-01-20T00:00:00Z by "admin" with MS VC++ 17.12 (VS2022)

END.
