#
# There is insufficient memory for the Java Runtime Environment to continue.
# Native memory allocation (malloc) failed to allocate 1486096 bytes. Error detail: Chunk::new
# Possible reasons:
#   The system is out of physical RAM or swap space
#   This process is running with CompressedOops enabled, and the Java Heap may be blocking the growth of the native heap
# Possible solutions:
#   Reduce memory load on the system
#   Increase physical memory or swap space
#   Check if swap backing store is full
#   Decrease Java heap size (-Xmx/-Xms)
#   Decrease number of Java threads
#   Decrease Java thread stack sizes (-Xss)
#   Set larger code cache with -XX:ReservedCodeCacheSize=
#   JVM is running with Unscaled Compressed Oops mode in which the Java heap is
#     placed in the first 4GB address space. The Java Heap base address is the
#     maximum limit for the native heap growth. Please use -XX:HeapBaseMinAddress
#     to set the Java Heap base and to place the Java Heap above 4GB virtual address.
# This output file may be truncated or incomplete.
#
#  Out of Memory Error (arena.cpp:168), pid=18948, tid=29352
#
# JRE version: OpenJDK Runtime Environment Temurin-21.0.10+7 (21.0.10+7) (build 21.0.10+7-LTS)
# Java VM: OpenJDK 64-Bit Server VM Temurin-21.0.10+7 (21.0.10+7-LTS, mixed mode, sharing, tiered, compressed oops, compressed class ptrs, parallel gc, windows-amd64)
# No core dump will be written. Minidumps are not enabled by default on client versions of Windows
#

---------------  S U M M A R Y ------------

Command Line: --add-modules=ALL-SYSTEM --add-opens=java.base/java.util=ALL-UNNAMED --add-opens=java.base/java.lang=ALL-UNNAMED --add-opens=java.base/sun.nio.fs=ALL-UNNAMED -Declipse.application=org.eclipse.jdt.ls.core.id1 -Dosgi.bundles.defaultStartLevel=4 -Declipse.product=org.eclipse.jdt.ls.core.product -Djava.import.generatesMetadataFilesAtProjectRoot=false -DDetectVMInstallationsJob.disabled=true -Dfile.encoding=utf8 -XX:+UseParallelGC -XX:GCTimeRatio=4 -XX:AdaptiveSizePolicyWeight=90 -Dsun.zip.disableMemoryMapping=true -Xmx2G -Xms100m -Xlog:disable -javaagent:c:\Users\Thinhpa\.vscode\extensions\redhat.java-1.54.0-win32-x64\lombok\lombok-1.18.39-4050.jar -XX:+HeapDumpOnOutOfMemoryError -XX:HeapDumpPath=c:\Users\Thinhpa\AppData\Roaming\Code\User\workspaceStorage\fa1a3e468aabf42a35b8464760eae321\redhat.java -Daether.dependencyCollector.impl=bf c:\Users\Thinhpa\.vscode\extensions\redhat.java-1.54.0-win32-x64\server\plugins\org.eclipse.equinox.launcher_1.7.100.v20251111-0406.jar -configuration c:\Users\Thinhpa\AppData\Roaming\Code\User\globalStorage\redhat.java\1.54.0\config_win -data c:\Users\Thinhpa\AppData\Roaming\Code\User\workspaceStorage\fa1a3e468aabf42a35b8464760eae321\redhat.java\jdt_ws --pipe=\\.\pipe\lsp-7206bcf4ef98dba4133f1000c2b80a1d-sock

Host: 12th Gen Intel(R) Core(TM) i5-12500H, 16 cores, 15G,  Windows 11 , 64 bit Build 26100 (10.0.26100.8246)
Time: Mon May  4 10:36:56 2026 SE Asia Standard Time elapsed time: 99209.177429 seconds (1d 3h 33m 29s)

---------------  T H R E A D  ---------------

Current thread (0x0000019e48bd3fa0):  JavaThread "C2 CompilerThread1" daemon [_thread_in_native, id=29352, stack(0x000000971d600000,0x000000971d700000) (1024K)]


Current CompileTask:
C2:99209177 22961   !   4       org.codehaus.plexus.interpolation.StringSearchInterpolator::interpolate (692 bytes)

Stack: [0x000000971d600000,0x000000971d700000]
Native frames: (J=compiled Java code, j=interpreted, Vv=VM code, C=native code)
V  [jvm.dll+0x6d7a39]
V  [jvm.dll+0x8b4b26]
V  [jvm.dll+0x8b70de]
V  [jvm.dll+0x8b77c3]
V  [jvm.dll+0x284346]
V  [jvm.dll+0xc66ed]
V  [jvm.dll+0xc6c31]
V  [jvm.dll+0x3bec01]
V  [jvm.dll+0x38b162]
V  [jvm.dll+0x38a5aa]
V  [jvm.dll+0x24c560]
V  [jvm.dll+0x24bb40]
V  [jvm.dll+0x1cb34e]
V  [jvm.dll+0x25b85d]
V  [jvm.dll+0x259dea]
V  [jvm.dll+0x3f857e]
V  [jvm.dll+0x85f59d]
V  [jvm.dll+0x6d626d]
C  [ucrtbase.dll+0x37b0]
C  [KERNEL32.DLL+0x2e8d7]
C  [ntdll.dll+0x8c3fc]


---------------  P R O C E S S  ---------------

Threads class SMR info:
_java_thread_list=0x0000019e481e8f70, length=45, elements={
0x0000019e5fb4b0f0, 0x0000019e61e2e080, 0x0000019e61f24600, 0x0000019e61f28170,
0x0000019e61f28dd0, 0x0000019e61f2d2d0, 0x0000019e61f2ddd0, 0x0000019e61f37e40,
0x0000019e79bfe760, 0x0000019e79dfc880, 0x0000019e450415b0, 0x0000019e459d7270,
0x0000019e79e60f00, 0x0000019e457fcfd0, 0x0000019e4559dad0, 0x0000019e45ac1c40,
0x0000019e45e0a2d0, 0x0000019e45290730, 0x0000019e4528fa10, 0x0000019e452900a0,
0x0000019e4528dfd0, 0x0000019e480e1970, 0x0000019e480e2000, 0x0000019e480e2690,
0x0000019e480e2d20, 0x0000019e480e0c50, 0x0000019e480df8a0, 0x0000019e480e12e0,
0x0000019e480e33b0, 0x0000019e480dff30, 0x0000019e480e3a40, 0x0000019e480e05c0,
0x0000019e480e5b10, 0x0000019e480e6ec0, 0x0000019e480e6830, 0x0000019e480e5480,
0x0000019e480e4760, 0x0000019e480e40d0, 0x0000019e480e4df0, 0x0000019e488f1da0,
0x0000019e46547380, 0x0000019e488efcd0, 0x0000019e46544590, 0x0000019e48bd1d90,
0x0000019e48bd3fa0
}

Java Threads: ( => current thread )
  0x0000019e5fb4b0f0 JavaThread "main"                              [_thread_blocked, id=15992, stack(0x000000971b700000,0x000000971b800000) (1024K)]
  0x0000019e61e2e080 JavaThread "Reference Handler"          daemon [_thread_blocked, id=19768, stack(0x000000971bb00000,0x000000971bc00000) (1024K)]
  0x0000019e61f24600 JavaThread "Finalizer"                  daemon [_thread_blocked, id=20252, stack(0x000000971bc00000,0x000000971bd00000) (1024K)]
  0x0000019e61f28170 JavaThread "Signal Dispatcher"          daemon [_thread_blocked, id=20188, stack(0x000000971bd00000,0x000000971be00000) (1024K)]
  0x0000019e61f28dd0 JavaThread "Attach Listener"            daemon [_thread_blocked, id=15948, stack(0x000000971be00000,0x000000971bf00000) (1024K)]
  0x0000019e61f2d2d0 JavaThread "Service Thread"             daemon [_thread_blocked, id=15972, stack(0x000000971bf00000,0x000000971c000000) (1024K)]
  0x0000019e61f2ddd0 JavaThread "Monitor Deflation Thread"   daemon [_thread_blocked, id=15928, stack(0x000000971c000000,0x000000971c100000) (1024K)]
  0x0000019e61f37e40 JavaThread "C2 CompilerThread0"         daemon [_thread_blocked, id=8976, stack(0x000000971c100000,0x000000971c200000) (1024K)]
  0x0000019e79bfe760 JavaThread "C1 CompilerThread0"         daemon [_thread_blocked, id=20072, stack(0x000000971c200000,0x000000971c300000) (1024K)]
  0x0000019e79dfc880 JavaThread "Common-Cleaner"             daemon [_thread_blocked, id=20044, stack(0x000000971c500000,0x000000971c600000) (1024K)]
  0x0000019e450415b0 JavaThread "Notification Thread"        daemon [_thread_blocked, id=19340, stack(0x000000971c800000,0x000000971c900000) (1024K)]
  0x0000019e459d7270 JavaThread "Active Thread: Equinox Container: b189fb47-54d3-446c-a9f7-34280be3250a"        [_thread_blocked, id=20056, stack(0x000000971d200000,0x000000971d300000) (1024K)]
  0x0000019e79e60f00 JavaThread "Refresh Thread: Equinox Container: b189fb47-54d3-446c-a9f7-34280be3250a" daemon [_thread_blocked, id=11968, stack(0x000000971c300000,0x000000971c400000) (1024K)]
  0x0000019e457fcfd0 JavaThread "Framework Event Dispatcher: Equinox Container: b189fb47-54d3-446c-a9f7-34280be3250a" daemon [_thread_blocked, id=19236, stack(0x000000971c600000,0x000000971c700000) (1024K)]
  0x0000019e4559dad0 JavaThread "Start Level: Equinox Container: b189fb47-54d3-446c-a9f7-34280be3250a" daemon [_thread_blocked, id=832, stack(0x000000971c700000,0x000000971c800000) (1024K)]
  0x0000019e45ac1c40 JavaThread "Bundle File Closer"         daemon [_thread_blocked, id=19736, stack(0x000000971d400000,0x000000971d500000) (1024K)]
  0x0000019e45e0a2d0 JavaThread "SCR Component Actor"        daemon [_thread_blocked, id=5452, stack(0x000000971d500000,0x000000971d600000) (1024K)]
  0x0000019e45290730 JavaThread "Worker-JM"                         [_thread_blocked, id=11612, stack(0x000000971da00000,0x000000971db00000) (1024K)]
  0x0000019e4528fa10 JavaThread "JNA Cleaner"                daemon [_thread_blocked, id=5932, stack(0x000000971dd00000,0x000000971de00000) (1024K)]
  0x0000019e452900a0 JavaThread "Java indexing"              daemon [_thread_blocked, id=9468, stack(0x000000971e100000,0x000000971e200000) (1024K)]
  0x0000019e4528dfd0 JavaThread "Thread-1"                   daemon [_thread_in_native, id=3200, stack(0x000000971e700000,0x000000971e800000) (1024K)]
  0x0000019e480e1970 JavaThread "Thread-2"                   daemon [_thread_in_native, id=16368, stack(0x000000971e800000,0x000000971e900000) (1024K)]
  0x0000019e480e2000 JavaThread "Thread-3"                   daemon [_thread_in_native, id=1412, stack(0x000000971e900000,0x000000971ea00000) (1024K)]
  0x0000019e480e2690 JavaThread "Thread-4"                   daemon [_thread_in_native, id=15960, stack(0x000000971ea00000,0x000000971eb00000) (1024K)]
  0x0000019e480e2d20 JavaThread "Thread-5"                   daemon [_thread_in_native, id=17476, stack(0x000000971eb00000,0x000000971ec00000) (1024K)]
  0x0000019e480e0c50 JavaThread "Thread-6"                   daemon [_thread_in_native, id=17480, stack(0x000000971ec00000,0x000000971ed00000) (1024K)]
  0x0000019e480df8a0 JavaThread "Thread-7"                   daemon [_thread_in_native, id=19252, stack(0x000000971ed00000,0x000000971ee00000) (1024K)]
  0x0000019e480e12e0 JavaThread "Thread-8"                   daemon [_thread_in_native, id=18892, stack(0x000000971ee00000,0x000000971ef00000) (1024K)]
  0x0000019e480e33b0 JavaThread "Thread-9"                   daemon [_thread_in_native, id=20220, stack(0x000000971ef00000,0x000000971f000000) (1024K)]
  0x0000019e480dff30 JavaThread "Thread-10"                  daemon [_thread_in_native, id=19188, stack(0x000000971f000000,0x000000971f100000) (1024K)]
  0x0000019e480e3a40 JavaThread "Thread-11"                  daemon [_thread_in_native, id=5032, stack(0x000000971f100000,0x000000971f200000) (1024K)]
  0x0000019e480e05c0 JavaThread "Thread-12"                  daemon [_thread_in_native, id=19492, stack(0x000000971f200000,0x000000971f300000) (1024K)]
  0x0000019e480e5b10 JavaThread "Thread-13"                  daemon [_thread_in_native, id=5844, stack(0x000000971f300000,0x000000971f400000) (1024K)]
  0x0000019e480e6ec0 JavaThread "Thread-14"                  daemon [_thread_in_native, id=9900, stack(0x000000971f400000,0x000000971f500000) (1024K)]
  0x0000019e480e6830 JavaThread "Thread-15"                  daemon [_thread_in_native, id=19640, stack(0x000000971f500000,0x000000971f600000) (1024K)]
  0x0000019e480e5480 JavaThread "Thread-16"                  daemon [_thread_in_native, id=19476, stack(0x000000971f600000,0x000000971f700000) (1024K)]
  0x0000019e480e4760 JavaThread "Thread-17"                  daemon [_thread_in_native, id=16852, stack(0x000000971f700000,0x000000971f800000) (1024K)]
  0x0000019e480e40d0 JavaThread "pool-2-thread-1"                   [_thread_blocked, id=16680, stack(0x000000971f800000,0x000000971f900000) (1024K)]
  0x0000019e480e4df0 JavaThread "WorkspaceEventsHandler"            [_thread_blocked, id=11740, stack(0x000000971fc00000,0x000000971fd00000) (1024K)]
  0x0000019e488f1da0 JavaThread "pool-1-thread-1"                   [_thread_blocked, id=11192, stack(0x000000971fd00000,0x000000971fe00000) (1024K)]
  0x0000019e46547380 JavaThread "Worker-42"                         [_thread_blocked, id=29172, stack(0x000000971b400000,0x000000971b500000) (1024K)]
  0x0000019e488efcd0 JavaThread "Worker-47"                         [_thread_blocked, id=23388, stack(0x000000971b500000,0x000000971b600000) (1024K)]
  0x0000019e46544590 JavaThread "Worker-51: Building"               [_thread_in_native, id=17808, stack(0x000000971b600000,0x000000971b700000) (1024K)]
  0x0000019e48bd1d90 JavaThread "C1 CompilerThread1"         daemon [_thread_blocked, id=19560, stack(0x000000971c400000,0x000000971c500000) (1024K)]
=>0x0000019e48bd3fa0 JavaThread "C2 CompilerThread1"         daemon [_thread_in_native, id=29352, stack(0x000000971d600000,0x000000971d700000) (1024K)]
Total: 45

Other Threads:
  0x0000019e61e14ab0 VMThread "VM Thread"                           [id=19508, stack(0x000000971ba00000,0x000000971bb00000) (1024K)]
  0x0000019e61d0ba00 WatcherThread "VM Periodic Task Thread"        [id=19752, stack(0x000000971b900000,0x000000971ba00000) (1024K)]
  0x0000019e61e9b720 WorkerThread "GC Thread#0"                     [id=19716, stack(0x000000971b800000,0x000000971b900000) (1024K)]
  0x0000019e45722000 WorkerThread "GC Thread#1"                     [id=19292, stack(0x000000971ca00000,0x000000971cb00000) (1024K)]
  0x0000019e4568dd40 WorkerThread "GC Thread#2"                     [id=15344, stack(0x000000971cb00000,0x000000971cc00000) (1024K)]
  0x0000019e4568e0f0 WorkerThread "GC Thread#3"                     [id=19372, stack(0x000000971cc00000,0x000000971cd00000) (1024K)]
  0x0000019e4568e4a0 WorkerThread "GC Thread#4"                     [id=19248, stack(0x000000971cd00000,0x000000971ce00000) (1024K)]
  0x0000019e4557e8a0 WorkerThread "GC Thread#5"                     [id=11532, stack(0x000000971ce00000,0x000000971cf00000) (1024K)]
  0x0000019e4557fb10 WorkerThread "GC Thread#6"                     [id=10640, stack(0x000000971cf00000,0x000000971d000000) (1024K)]
  0x0000019e4557fec0 WorkerThread "GC Thread#7"                     [id=20176, stack(0x000000971d300000,0x000000971d400000) (1024K)]
  0x0000019e4557ec50 WorkerThread "GC Thread#8"                     [id=8924, stack(0x000000971c900000,0x000000971ca00000) (1024K)]
  0x0000019e4557f000 WorkerThread "GC Thread#9"                     [id=19244, stack(0x000000971d000000,0x000000971d100000) (1024K)]
  0x0000019e4557f3b0 WorkerThread "GC Thread#10"                    [id=1832, stack(0x000000971d100000,0x000000971d200000) (1024K)]
  0x0000019e4557f760 WorkerThread "GC Thread#11"                    [id=18660, stack(0x000000971db00000,0x000000971dc00000) (1024K)]
  0x0000019e45367b20 WorkerThread "GC Thread#12"                    [id=2924, stack(0x000000971dc00000,0x000000971dd00000) (1024K)]
Total: 15

Threads with active compile tasks:
C2 CompilerThread1  99209221 22961   !   4       org.codehaus.plexus.interpolation.StringSearchInterpolator::interpolate (692 bytes)
Total: 1

VM state: not at safepoint (normal execution)

VM Mutex/Monitor currently owned by a thread: None

Heap address: 0x0000000080000000, size: 2048 MB, Compressed Oops mode: 32-bit

CDS archive(s) mapped at: [0x0000019e00000000-0x0000019e00ba0000-0x0000019e00ba0000), size 12189696, SharedBaseAddress: 0x0000019e00000000, ArchiveRelocationMode: 1.
Compressed class space mapped at: 0x0000019e01000000-0x0000019e41000000, reserved size: 1073741824
Narrow klass base: 0x0000019e00000000, Narrow klass shift: 0, Narrow klass range: 0x100000000

GC Precious Log:
 CardTable entry size: 512
 CPUs: 16 total, 16 available
 Memory: 16088M
 Large Page Support: Disabled
 NUMA Support: Disabled
 Compressed Oops: Enabled (32-bit)
 Alignments: Space 512K, Generation 512K, Heap 2M
 Heap Min Capacity: 100M
 Heap Initial Capacity: 100M
 Heap Max Capacity: 2G
 Pre-touch: Disabled
 Parallel Workers: 13

Heap:
 PSYoungGen      total 9216K, used 4865K [0x00000000d5580000, 0x00000000d6300000, 0x0000000100000000)
  eden space 8192K, 47% used [0x00000000d5580000,0x00000000d59445b0,0x00000000d5d80000)
  from space 1024K, 98% used [0x00000000d6000000,0x00000000d60fc030,0x00000000d6100000)
  to   space 2560K, 0% used [0x00000000d5d80000,0x00000000d5d80000,0x00000000d6000000)
 ParOldGen       total 1344000K, used 1343984K [0x0000000080000000, 0x00000000d2080000, 0x00000000d5580000)
  object space 1344000K, 99% used [0x0000000080000000,0x00000000d207c388,0x00000000d2080000)
 Metaspace       used 76740K, committed 78208K, reserved 1179648K
  class space    used 7460K, committed 8128K, reserved 1048576K

Card table byte_map: [0x0000019e61820000,0x0000019e61c30000] _byte_map_base: 0x0000019e61420000

Marking Bits: (ParMarkBitMap*) 0x00007ff952a03450
 Begin Bits: [0x0000019e74330000, 0x0000019e76330000)
 End Bits:   [0x0000019e76330000, 0x0000019e78330000)

Polling page: 0x0000019e5fdd0000

Metaspace:

Usage:
  Non-class:     67.66 MB used.
      Class:      7.29 MB used.
       Both:     74.94 MB used.

Virtual space:
  Non-class space:      128.00 MB reserved,      68.44 MB ( 53%) committed,  2 nodes.
      Class space:        1.00 GB reserved,       7.94 MB ( <1%) committed,  1 nodes.
             Both:        1.12 GB reserved,      76.38 MB (  7%) committed. 

Chunk freelists:
   Non-Class:  11.16 MB
       Class:  7.96 MB
        Both:  19.13 MB

MaxMetaspaceSize: unlimited
CompressedClassSpaceSize: 1.00 GB
Initial GC threshold: 21.00 MB
Current GC threshold: 121.56 MB
CDS: on
 - commit_granule_bytes: 65536.
 - commit_granule_words: 8192.
 - virtual_space_node_default_size: 8388608.
 - enlarge_chunks_in_place: 1.
 - use_allocation_guard: 0.


Internal statistics:

num_allocs_failed_limit: 9.
num_arena_births: 1796.
num_arena_deaths: 514.
num_vsnodes_births: 3.
num_vsnodes_deaths: 0.
num_space_committed: 1222.
num_space_uncommitted: 0.
num_chunks_returned_to_freelist: 634.
num_chunks_taken_from_freelist: 5875.
num_chunk_merges: 176.
num_chunk_splits: 3332.
num_chunks_enlarged: 1828.
num_inconsistent_stats: 0.

CodeHeap 'non-profiled nmethods': size=119168Kb used=19010Kb max_used=22588Kb free=100157Kb
 bounds [0x0000019e6cc20000, 0x0000019e6e230000, 0x0000019e74080000]
CodeHeap 'profiled nmethods': size=119104Kb used=33968Kb max_used=47004Kb free=85135Kb
 bounds [0x0000019e65080000, 0x0000019e67e70000, 0x0000019e6c4d0000]
CodeHeap 'non-nmethods': size=7488Kb used=2025Kb max_used=3232Kb free=5462Kb
 bounds [0x0000019e6c4d0000, 0x0000019e6c840000, 0x0000019e6cc20000]
CodeCache: size=245760Kb, used=55003Kb, max_used=72824Kb, free=190754Kb
 total_blobs=15596, nmethods=14822, adapters=677, full_count=0
Compilation: enabled, stopped_count=0, restarted_count=0

Compilation events (20 events):
Event: 99208.129 Thread 0x0000019e79bfe760 nmethod 22985 0x0000019e67518490 code [0x0000019e67518ce0, 0x0000019e6751d648]
Event: 99208.130 Thread 0x0000019e61f37e40 22987       4       org.codehaus.plexus.util.xml.Xpp3Dom::setAttribute (62 bytes)
Event: 99208.146 Thread 0x0000019e61f37e40 nmethod 22987 0x0000019e6d3f3b10 code [0x0000019e6d3f3d40, 0x0000019e6d3f44e8]
Event: 99208.176 Thread 0x0000019e48bd1d90 22989       1       org.apache.maven.project.ReactorModelCache$CacheKey::hashCode (5 bytes)
Event: 99208.177 Thread 0x0000019e48bd1d90 nmethod 22989 0x0000019e6cd13c10 code [0x0000019e6cd13da0, 0x0000019e6cd13e68]
Event: 99208.279 Thread 0x0000019e48bd1d90 22990       3       org.eclipse.aether.AbstractForwardingRepositorySystemSession::getArtifactTypeRegistry (10 bytes)
Event: 99208.279 Thread 0x0000019e48bd1d90 nmethod 22990 0x0000019e65d26310 code [0x0000019e65d264c0, 0x0000019e65d266c0]
Event: 99208.306 Thread 0x0000019e61f37e40 22991       4       java.util.concurrent.ConcurrentHashMap::tableSizeFor (32 bytes)
Event: 99208.306 Thread 0x0000019e61f37e40 nmethod 22991 0x0000019e6cd13890 code [0x0000019e6cd13a20, 0x0000019e6cd13ac0]
Event: 99208.355 Thread 0x0000019e48bd1d90 22992       1       org.apache.maven.model.Activation::setActiveByDefault (6 bytes)
Event: 99208.355 Thread 0x0000019e48bd1d90 nmethod 22992 0x0000019e6d6ee390 code [0x0000019e6d6ee520, 0x0000019e6d6ee5f0]
Event: 99208.377 Thread 0x0000019e48bd1d90 22993       3       org.apache.maven.model.Developer::<init> (5 bytes)
Event: 99208.378 Thread 0x0000019e48bd1d90 nmethod 22993 0x0000019e65d5c390 code [0x0000019e65d5c540, 0x0000019e65d5c708]
Event: 99208.378 Thread 0x0000019e48bd1d90 22994       3       org.apache.maven.model.Contributor::<init> (5 bytes)
Event: 99208.378 Thread 0x0000019e48bd1d90 nmethod 22994 0x0000019e65b99c90 code [0x0000019e65b99e40, 0x0000019e65b99fa8]
Event: 99208.378 Thread 0x0000019e48bd1d90 22995       1       org.apache.maven.model.Contributor::setName (6 bytes)
Event: 99208.378 Thread 0x0000019e48bd1d90 nmethod 22995 0x0000019e6d6ee090 code [0x0000019e6d6ee220, 0x0000019e6d6ee300]
Event: 99208.378 Thread 0x0000019e48bd1d90 22996       3       org.apache.maven.model.io.xpp3.MavenXpp3ReaderEx::parseContributor (845 bytes)
Event: 99209.171 Thread 0x0000019e79bfe760 22988       3       org.apache.maven.model.Model::<init> (17 bytes)
Event: 99209.172 Thread 0x0000019e48bd1d90 nmethod 22996 0x0000019e655ebb90 code [0x0000019e655ec500, 0x0000019e655f1ec8]

GC Heap History (20 events):
Event: 94410.724 GC heap before
{Heap before GC invocations=1409 (full 6):
 PSYoungGen      total 11776K, used 10880K [0x00000000d5580000, 0x00000000d6580000, 0x0000000100000000)
  eden space 7168K, 100% used [0x00000000d5580000,0x00000000d5c80000,0x00000000d5c80000)
  from space 4608K, 80% used [0x00000000d6100000,0x00000000d64a0000,0x00000000d6580000)
  to   space 4608K, 0% used [0x00000000d5c80000,0x00000000d5c80000,0x00000000d6100000)
 ParOldGen       total 1327104K, used 1326666K [0x0000000080000000, 0x00000000d1000000, 0x00000000d5580000)
  object space 1327104K, 99% used [0x0000000080000000,0x00000000d0f92a40,0x00000000d1000000)
 Metaspace       used 75403K, committed 76928K, reserved 1179648K
  class space    used 7343K, committed 8064K, reserved 1048576K
}
Event: 94410.729 GC heap after
{Heap after GC invocations=1409 (full 6):
 PSYoungGen      total 11776K, used 4288K [0x00000000d5580000, 0x00000000d6700000, 0x0000000100000000)
  eden space 7168K, 0% used [0x00000000d5580000,0x00000000d5580000,0x00000000d5c80000)
  from space 4608K, 93% used [0x00000000d5c80000,0x00000000d60b0000,0x00000000d6100000)
  to   space 4608K, 0% used [0x00000000d6280000,0x00000000d6280000,0x00000000d6700000)
 ParOldGen       total 1330688K, used 1330213K [0x0000000080000000, 0x00000000d1380000, 0x00000000d5580000)
  object space 1330688K, 99% used [0x0000000080000000,0x00000000d1309520,0x00000000d1380000)
 Metaspace       used 75403K, committed 76928K, reserved 1179648K
  class space    used 7343K, committed 8064K, reserved 1048576K
}
Event: 94410.798 GC heap before
{Heap before GC invocations=1410 (full 6):
 PSYoungGen      total 11776K, used 11439K [0x00000000d5580000, 0x00000000d6700000, 0x0000000100000000)
  eden space 7168K, 99% used [0x00000000d5580000,0x00000000d5c7bff8,0x00000000d5c80000)
  from space 4608K, 93% used [0x00000000d5c80000,0x00000000d60b0000,0x00000000d6100000)
  to   space 4608K, 0% used [0x00000000d6280000,0x00000000d6280000,0x00000000d6700000)
 ParOldGen       total 1330688K, used 1330213K [0x0000000080000000, 0x00000000d1380000, 0x00000000d5580000)
  object space 1330688K, 99% used [0x0000000080000000,0x00000000d1309520,0x00000000d1380000)
 Metaspace       used 75579K, committed 77056K, reserved 1179648K
  class space    used 7354K, committed 8064K, reserved 1048576K
}
Event: 94410.803 GC heap after
{Heap after GC invocations=1410 (full 6):
 PSYoungGen      total 11776K, used 2656K [0x00000000d5580000, 0x00000000d6580000, 0x0000000100000000)
  eden space 8704K, 0% used [0x00000000d5580000,0x00000000d5580000,0x00000000d5e00000)
  from space 3072K, 86% used [0x00000000d6280000,0x00000000d6518000,0x00000000d6580000)
  to   space 3584K, 0% used [0x00000000d5e80000,0x00000000d5e80000,0x00000000d6200000)
 ParOldGen       total 1334784K, used 1334309K [0x0000000080000000, 0x00000000d1780000, 0x00000000d5580000)
  object space 1334784K, 99% used [0x0000000080000000,0x00000000d1709520,0x00000000d1780000)
 Metaspace       used 75579K, committed 77056K, reserved 1179648K
  class space    used 7354K, committed 8064K, reserved 1048576K
}
Event: 94410.974 GC heap before
{Heap before GC invocations=1411 (full 6):
 PSYoungGen      total 11776K, used 11360K [0x00000000d5580000, 0x00000000d6580000, 0x0000000100000000)
  eden space 8704K, 100% used [0x00000000d5580000,0x00000000d5e00000,0x00000000d5e00000)
  from space 3072K, 86% used [0x00000000d6280000,0x00000000d6518000,0x00000000d6580000)
  to   space 3584K, 0% used [0x00000000d5e80000,0x00000000d5e80000,0x00000000d6200000)
 ParOldGen       total 1334784K, used 1334309K [0x0000000080000000, 0x00000000d1780000, 0x00000000d5580000)
  object space 1334784K, 99% used [0x0000000080000000,0x00000000d1709520,0x00000000d1780000)
 Metaspace       used 76356K, committed 77824K, reserved 1179648K
  class space    used 7417K, committed 8128K, reserved 1048576K
}
Event: 94410.979 GC heap after
{Heap after GC invocations=1411 (full 6):
 PSYoungGen      total 10240K, used 1312K [0x00000000d5580000, 0x00000000d6300000, 0x0000000100000000)
  eden space 8704K, 0% used [0x00000000d5580000,0x00000000d5580000,0x00000000d5e00000)
  from space 1536K, 85% used [0x00000000d5e80000,0x00000000d5fc8398,0x00000000d6000000)
  to   space 2048K, 0% used [0x00000000d6100000,0x00000000d6100000,0x00000000d6300000)
 ParOldGen       total 1336832K, used 1336707K [0x0000000080000000, 0x00000000d1980000, 0x00000000d5580000)
  object space 1336832K, 99% used [0x0000000080000000,0x00000000d1960cb8,0x00000000d1980000)
 Metaspace       used 76356K, committed 77824K, reserved 1179648K
  class space    used 7417K, committed 8128K, reserved 1048576K
}
Event: 94411.048 GC heap before
{Heap before GC invocations=1412 (full 6):
 PSYoungGen      total 10240K, used 10016K [0x00000000d5580000, 0x00000000d6300000, 0x0000000100000000)
  eden space 8704K, 100% used [0x00000000d5580000,0x00000000d5e00000,0x00000000d5e00000)
  from space 1536K, 85% used [0x00000000d5e80000,0x00000000d5fc8398,0x00000000d6000000)
  to   space 2048K, 0% used [0x00000000d6100000,0x00000000d6100000,0x00000000d6300000)
 ParOldGen       total 1336832K, used 1336707K [0x0000000080000000, 0x00000000d1980000, 0x00000000d5580000)
  object space 1336832K, 99% used [0x0000000080000000,0x00000000d1960cb8,0x00000000d1980000)
 Metaspace       used 76380K, committed 77952K, reserved 1179648K
  class space    used 7417K, committed 8128K, reserved 1048576K
}
Event: 94411.050 GC heap after
{Heap after GC invocations=1412 (full 6):
 PSYoungGen      total 9728K, used 965K [0x00000000d5580000, 0x00000000d6200000, 0x0000000100000000)
  eden space 8704K, 0% used [0x00000000d5580000,0x00000000d5580000,0x00000000d5e00000)
  from space 1024K, 94% used [0x00000000d6100000,0x00000000d61f1420,0x00000000d6200000)
  to   space 1536K, 0% used [0x00000000d5f00000,0x00000000d5f00000,0x00000000d6080000)
 ParOldGen       total 1337856K, used 1337855K [0x0000000080000000, 0x00000000d1a80000, 0x00000000d5580000)
  object space 1337856K, 99% used [0x0000000080000000,0x00000000d1a7fd10,0x00000000d1a80000)
 Metaspace       used 76380K, committed 77952K, reserved 1179648K
  class space    used 7417K, committed 8128K, reserved 1048576K
}
Event: 94411.113 GC heap before
{Heap before GC invocations=1413 (full 6):
 PSYoungGen      total 9728K, used 9669K [0x00000000d5580000, 0x00000000d6200000, 0x0000000100000000)
  eden space 8704K, 100% used [0x00000000d5580000,0x00000000d5e00000,0x00000000d5e00000)
  from space 1024K, 94% used [0x00000000d6100000,0x00000000d61f1420,0x00000000d6200000)
  to   space 1536K, 0% used [0x00000000d5f00000,0x00000000d5f00000,0x00000000d6080000)
 ParOldGen       total 1337856K, used 1337855K [0x0000000080000000, 0x00000000d1a80000, 0x00000000d5580000)
  object space 1337856K, 99% used [0x0000000080000000,0x00000000d1a7fd10,0x00000000d1a80000)
 Metaspace       used 76447K, committed 78016K, reserved 1179648K
  class space    used 7422K, committed 8128K, reserved 1048576K
}
Event: 94411.116 GC heap after
{Heap after GC invocations=1413 (full 6):
 PSYoungGen      total 10240K, used 1529K [0x00000000d5580000, 0x00000000d6200000, 0x0000000100000000)
  eden space 8704K, 0% used [0x00000000d5580000,0x00000000d5580000,0x00000000d5e00000)
  from space 1536K, 99% used [0x00000000d5f00000,0x00000000d607e4f0,0x00000000d6080000)
  to   space 1536K, 0% used [0x00000000d6080000,0x00000000d6080000,0x00000000d6200000)
 ParOldGen       total 1338880K, used 1338512K [0x0000000080000000, 0x00000000d1b80000, 0x00000000d5580000)
  object space 1338880K, 99% used [0x0000000080000000,0x00000000d1b241d8,0x00000000d1b80000)
 Metaspace       used 76447K, committed 78016K, reserved 1179648K
  class space    used 7422K, committed 8128K, reserved 1048576K
}
Event: 94411.152 GC heap before
{Heap before GC invocations=1414 (full 6):
 PSYoungGen      total 10240K, used 10233K [0x00000000d5580000, 0x00000000d6200000, 0x0000000100000000)
  eden space 8704K, 100% used [0x00000000d5580000,0x00000000d5e00000,0x00000000d5e00000)
  from space 1536K, 99% used [0x00000000d5f00000,0x00000000d607e4f0,0x00000000d6080000)
  to   space 1536K, 0% used [0x00000000d6080000,0x00000000d6080000,0x00000000d6200000)
 ParOldGen       total 1338880K, used 1338512K [0x0000000080000000, 0x00000000d1b80000, 0x00000000d5580000)
  object space 1338880K, 99% used [0x0000000080000000,0x00000000d1b241d8,0x00000000d1b80000)
 Metaspace       used 76490K, committed 78016K, reserved 1179648K
  class space    used 7424K, committed 8128K, reserved 1048576K
}
Event: 94411.154 GC heap after
{Heap after GC invocations=1414 (full 6):
 PSYoungGen      total 9728K, used 656K [0x00000000d5580000, 0x00000000d6180000, 0x0000000100000000)
  eden space 8704K, 0% used [0x00000000d5580000,0x00000000d5580000,0x00000000d5e00000)
  from space 1024K, 64% used [0x00000000d6080000,0x00000000d6124010,0x00000000d6180000)
  to   space 1024K, 0% used [0x00000000d5f80000,0x00000000d5f80000,0x00000000d6080000)
 ParOldGen       total 1339904K, used 1339828K [0x0000000080000000, 0x00000000d1c80000, 0x00000000d5580000)
  object space 1339904K, 99% used [0x0000000080000000,0x00000000d1c6d0b8,0x00000000d1c80000)
 Metaspace       used 76490K, committed 78016K, reserved 1179648K
  class space    used 7424K, committed 8128K, reserved 1048576K
}
Event: 94411.182 GC heap before
{Heap before GC invocations=1415 (full 6):
 PSYoungGen      total 9728K, used 9360K [0x00000000d5580000, 0x00000000d6180000, 0x0000000100000000)
  eden space 8704K, 100% used [0x00000000d5580000,0x00000000d5e00000,0x00000000d5e00000)
  from space 1024K, 64% used [0x00000000d6080000,0x00000000d6124010,0x00000000d6180000)
  to   space 1024K, 0% used [0x00000000d5f80000,0x00000000d5f80000,0x00000000d6080000)
 ParOldGen       total 1339904K, used 1339828K [0x0000000080000000, 0x00000000d1c80000, 0x00000000d5580000)
  object space 1339904K, 99% used [0x0000000080000000,0x00000000d1c6d0b8,0x00000000d1c80000)
 Metaspace       used 76501K, committed 78016K, reserved 1179648K
  class space    used 7425K, committed 8128K, reserved 1048576K
}
Event: 94411.183 GC heap after
{Heap after GC invocations=1415 (full 6):
 PSYoungGen      total 9728K, used 1024K [0x00000000d5580000, 0x00000000d6300000, 0x0000000100000000)
  eden space 8704K, 0% used [0x00000000d5580000,0x00000000d5580000,0x00000000d5e00000)
  from space 1024K, 100% used [0x00000000d5f80000,0x00000000d6080000,0x00000000d6080000)
  to   space 2560K, 0% used [0x00000000d6080000,0x00000000d6080000,0x00000000d6300000)
 ParOldGen       total 1340928K, used 1340867K [0x0000000080000000, 0x00000000d1d80000, 0x00000000d5580000)
  object space 1340928K, 99% used [0x0000000080000000,0x00000000d1d70dd8,0x00000000d1d80000)
 Metaspace       used 76501K, committed 78016K, reserved 1179648K
  class space    used 7425K, committed 8128K, reserved 1048576K
}
Event: 94411.196 GC heap before
{Heap before GC invocations=1416 (full 6):
 PSYoungGen      total 9728K, used 9728K [0x00000000d5580000, 0x00000000d6300000, 0x0000000100000000)
  eden space 8704K, 100% used [0x00000000d5580000,0x00000000d5e00000,0x00000000d5e00000)
  from space 1024K, 100% used [0x00000000d5f80000,0x00000000d6080000,0x00000000d6080000)
  to   space 2560K, 0% used [0x00000000d6080000,0x00000000d6080000,0x00000000d6300000)
 ParOldGen       total 1340928K, used 1340867K [0x0000000080000000, 0x00000000d1d80000, 0x00000000d5580000)
  object space 1340928K, 99% used [0x0000000080000000,0x00000000d1d70dd8,0x00000000d1d80000)
 Metaspace       used 76507K, committed 78016K, reserved 1179648K
  class space    used 7425K, committed 8128K, reserved 1048576K
}
Event: 94411.197 GC heap after
{Heap after GC invocations=1416 (full 6):
 PSYoungGen      total 9728K, used 928K [0x00000000d5580000, 0x00000000d6180000, 0x0000000100000000)
  eden space 8704K, 0% used [0x00000000d5580000,0x00000000d5580000,0x00000000d5e00000)
  from space 1024K, 90% used [0x00000000d6080000,0x00000000d6168040,0x00000000d6180000)
  to   space 1536K, 0% used [0x00000000d5e80000,0x00000000d5e80000,0x00000000d6000000)
 ParOldGen       total 1341952K, used 1341921K [0x0000000080000000, 0x00000000d1e80000, 0x00000000d5580000)
  object space 1341952K, 99% used [0x0000000080000000,0x00000000d1e78518,0x00000000d1e80000)
 Metaspace       used 76507K, committed 78016K, reserved 1179648K
  class space    used 7425K, committed 8128K, reserved 1048576K
}
Event: 94530.564 GC heap before
{Heap before GC invocations=1417 (full 6):
 PSYoungGen      total 9728K, used 9632K [0x00000000d5580000, 0x00000000d6180000, 0x0000000100000000)
  eden space 8704K, 100% used [0x00000000d5580000,0x00000000d5e00000,0x00000000d5e00000)
  from space 1024K, 90% used [0x00000000d6080000,0x00000000d6168040,0x00000000d6180000)
  to   space 1536K, 0% used [0x00000000d5e80000,0x00000000d5e80000,0x00000000d6000000)
 ParOldGen       total 1341952K, used 1341921K [0x0000000080000000, 0x00000000d1e80000, 0x00000000d5580000)
  object space 1341952K, 99% used [0x0000000080000000,0x00000000d1e78518,0x00000000d1e80000)
 Metaspace       used 76564K, committed 78080K, reserved 1179648K
  class space    used 7431K, committed 8128K, reserved 1048576K
}
Event: 94530.568 GC heap after
{Heap after GC invocations=1417 (full 6):
 PSYoungGen      total 10240K, used 1344K [0x00000000d5580000, 0x00000000d6100000, 0x0000000100000000)
  eden space 8704K, 0% used [0x00000000d5580000,0x00000000d5580000,0x00000000d5e00000)
  from space 1536K, 87% used [0x00000000d5e80000,0x00000000d5fd0000,0x00000000d6000000)
  to   space 1024K, 0% used [0x00000000d6000000,0x00000000d6000000,0x00000000d6100000)
 ParOldGen       total 1342976K, used 1342689K [0x0000000080000000, 0x00000000d1f80000, 0x00000000d5580000)
  object space 1342976K, 99% used [0x0000000080000000,0x00000000d1f38578,0x00000000d1f80000)
 Metaspace       used 76564K, committed 78080K, reserved 1179648K
  class space    used 7431K, committed 8128K, reserved 1048576K
}
Event: 99208.059 GC heap before
{Heap before GC invocations=1418 (full 6):
 PSYoungGen      total 10240K, used 10041K [0x00000000d5580000, 0x00000000d6100000, 0x0000000100000000)
  eden space 8704K, 99% used [0x00000000d5580000,0x00000000d5dfe5d0,0x00000000d5e00000)
  from space 1536K, 87% used [0x00000000d5e80000,0x00000000d5fd0000,0x00000000d6000000)
  to   space 1024K, 0% used [0x00000000d6000000,0x00000000d6000000,0x00000000d6100000)
 ParOldGen       total 1342976K, used 1342689K [0x0000000080000000, 0x00000000d1f80000, 0x00000000d5580000)
  object space 1342976K, 99% used [0x0000000080000000,0x00000000d1f38578,0x00000000d1f80000)
 Metaspace       used 76739K, committed 78208K, reserved 1179648K
  class space    used 7460K, committed 8128K, reserved 1048576K
}
Event: 99208.116 GC heap after
{Heap after GC invocations=1418 (full 6):
 PSYoungGen      total 9216K, used 1008K [0x00000000d5580000, 0x00000000d6300000, 0x0000000100000000)
  eden space 8192K, 0% used [0x00000000d5580000,0x00000000d5580000,0x00000000d5d80000)
  from space 1024K, 98% used [0x00000000d6000000,0x00000000d60fc030,0x00000000d6100000)
  to   space 2560K, 0% used [0x00000000d5d80000,0x00000000d5d80000,0x00000000d6000000)
 ParOldGen       total 1344000K, used 1343984K [0x0000000080000000, 0x00000000d2080000, 0x00000000d5580000)
  object space 1344000K, 99% used [0x0000000080000000,0x00000000d207c388,0x00000000d2080000)
 Metaspace       used 76739K, committed 78208K, reserved 1179648K
  class space    used 7460K, committed 8128K, reserved 1048576K
}

Dll operation events (11 events):
Event: 0.016 Loaded shared library c:\Users\Thinhpa\.vscode\extensions\redhat.java-1.54.0-win32-x64\jre\21.0.10-win32-x86_64\bin\java.dll
Event: 0.108 Loaded shared library c:\Users\Thinhpa\.vscode\extensions\redhat.java-1.54.0-win32-x64\jre\21.0.10-win32-x86_64\bin\zip.dll
Event: 0.135 Loaded shared library C:\Users\Thinhpa\.vscode\extensions\redhat.java-1.54.0-win32-x64\jre\21.0.10-win32-x86_64\bin\instrument.dll
Event: 0.141 Loaded shared library C:\Users\Thinhpa\.vscode\extensions\redhat.java-1.54.0-win32-x64\jre\21.0.10-win32-x86_64\bin\net.dll
Event: 0.146 Loaded shared library C:\Users\Thinhpa\.vscode\extensions\redhat.java-1.54.0-win32-x64\jre\21.0.10-win32-x86_64\bin\nio.dll
Event: 0.148 Loaded shared library C:\Users\Thinhpa\.vscode\extensions\redhat.java-1.54.0-win32-x64\jre\21.0.10-win32-x86_64\bin\zip.dll
Event: 0.167 Loaded shared library C:\Users\Thinhpa\.vscode\extensions\redhat.java-1.54.0-win32-x64\jre\21.0.10-win32-x86_64\bin\jimage.dll
Event: 0.242 Loaded shared library c:\Users\Thinhpa\.vscode\extensions\redhat.java-1.54.0-win32-x64\jre\21.0.10-win32-x86_64\bin\verify.dll
Event: 7.373 Loaded shared library C:\Users\Thinhpa\AppData\Roaming\Code\User\globalStorage\redhat.java\1.54.0\config_win\org.eclipse.equinox.launcher\org.eclipse.equinox.launcher.win32.win32.x86_64_1.3.0.v20260203-2149\eclipse_11919.dll
Event: 23.788 Loaded shared library C:\Users\Thinhpa\AppData\Local\Temp\jna-318679808\jna15543658087358283561.dll
Event: 94410.317 Loaded shared library C:\Users\Thinhpa\.vscode\extensions\redhat.java-1.54.0-win32-x64\jre\21.0.10-win32-x86_64\bin\sunmscapi.dll

Deoptimization events (20 events):
Event: 99207.820 Thread 0x0000019e46544590 Uncommon trap: trap_request=0xffffff45 fr.pc=0x0000019e6d184cc0 relative=0x0000000000000380
Event: 99207.820 Thread 0x0000019e46544590 Uncommon trap: reason=unstable_if action=reinterpret pc=0x0000019e6d184cc0 method=org.apache.maven.model.Dependency.setLocation(Ljava/lang/Object;Lorg/apache/maven/model/InputLocation;)V @ 19 c2
Event: 99207.820 Thread 0x0000019e46544590 DEOPT PACKING pc=0x0000019e6d184cc0 sp=0x000000971b6fd470
Event: 99207.820 Thread 0x0000019e46544590 DEOPT UNPACKING pc=0x0000019e6c523aa2 sp=0x000000971b6fd420 mode 2
Event: 99207.908 Thread 0x0000019e46544590 Uncommon trap: trap_request=0xffffffde fr.pc=0x0000019e6d1f5c38 relative=0x0000000000007f18
Event: 99207.909 Thread 0x0000019e46544590 Uncommon trap: reason=class_check action=maybe_recompile pc=0x0000019e6d1f5c38 method=org.codehaus.plexus.interpolation.StringSearchInterpolator.interpolate(Ljava/lang/String;Lorg/codehaus/plexus/interpolation/RecursionInterceptor;Ljava/util/Set;)Ljava/la
Event: 99207.909 Thread 0x0000019e46544590 DEOPT PACKING pc=0x0000019e6d1f5c38 sp=0x000000971b6fd4f0
Event: 99207.909 Thread 0x0000019e46544590 DEOPT UNPACKING pc=0x0000019e6c523aa2 sp=0x000000971b6fd4e0 mode 2
Event: 99207.909 Thread 0x0000019e46544590 Uncommon trap: trap_request=0xffffffde fr.pc=0x0000019e6d1f5c38 relative=0x0000000000007f18
Event: 99207.909 Thread 0x0000019e46544590 Uncommon trap: reason=class_check action=maybe_recompile pc=0x0000019e6d1f5c38 method=org.codehaus.plexus.interpolation.StringSearchInterpolator.interpolate(Ljava/lang/String;Lorg/codehaus/plexus/interpolation/RecursionInterceptor;Ljava/util/Set;)Ljava/la
Event: 99207.909 Thread 0x0000019e46544590 DEOPT PACKING pc=0x0000019e6d1f5c38 sp=0x000000971b6fd470
Event: 99207.909 Thread 0x0000019e46544590 DEOPT UNPACKING pc=0x0000019e6c523aa2 sp=0x000000971b6fd460 mode 2
Event: 99207.909 Thread 0x0000019e46544590 Uncommon trap: trap_request=0xffffffde fr.pc=0x0000019e6d1f5c38 relative=0x0000000000007f18
Event: 99207.909 Thread 0x0000019e46544590 Uncommon trap: reason=class_check action=maybe_recompile pc=0x0000019e6d1f5c38 method=org.codehaus.plexus.interpolation.StringSearchInterpolator.interpolate(Ljava/lang/String;Lorg/codehaus/plexus/interpolation/RecursionInterceptor;Ljava/util/Set;)Ljava/la
Event: 99207.909 Thread 0x0000019e46544590 DEOPT PACKING pc=0x0000019e6d1f5c38 sp=0x000000971b6fd470
Event: 99207.909 Thread 0x0000019e46544590 DEOPT UNPACKING pc=0x0000019e6c523aa2 sp=0x000000971b6fd460 mode 2
Event: 99207.909 Thread 0x0000019e46544590 Uncommon trap: trap_request=0xffffffde fr.pc=0x0000019e6d1f5c38 relative=0x0000000000007f18
Event: 99207.909 Thread 0x0000019e46544590 Uncommon trap: reason=class_check action=maybe_recompile pc=0x0000019e6d1f5c38 method=org.codehaus.plexus.interpolation.StringSearchInterpolator.interpolate(Ljava/lang/String;Lorg/codehaus/plexus/interpolation/RecursionInterceptor;Ljava/util/Set;)Ljava/la
Event: 99207.909 Thread 0x0000019e46544590 DEOPT PACKING pc=0x0000019e6d1f5c38 sp=0x000000971b6fd470
Event: 99207.909 Thread 0x0000019e46544590 DEOPT UNPACKING pc=0x0000019e6c523aa2 sp=0x000000971b6fd460 mode 2

Classes loaded (20 events):
Event: 94410.426 Loading class com/sun/crypto/provider/CipherBlockChaining
Event: 94410.427 Loading class com/sun/crypto/provider/CipherBlockChaining done
Event: 94410.428 Loading class javax/crypto/NullCipher
Event: 94410.428 Loading class javax/crypto/NullCipher done
Event: 94410.428 Loading class sun/security/util/ArrayUtil
Event: 94410.428 Loading class sun/security/util/ArrayUtil done
Event: 94410.462 Loading class java/lang/UnsupportedClassVersionError
Event: 94410.463 Loading class java/lang/UnsupportedClassVersionError done
Event: 94410.510 Loading class java/util/zip/GZIPInputStream$1
Event: 94410.510 Loading class java/util/zip/GZIPInputStream$1 done
Event: 99207.267 Loading class org/xml/sax/SAXNotRecognizedException
Event: 99207.270 Loading class org/xml/sax/SAXNotRecognizedException done
Event: 99207.270 Loading class org/xml/sax/SAXNotSupportedException
Event: 99207.271 Loading class org/xml/sax/SAXNotSupportedException done
Event: 99207.281 Loading class com/sun/org/apache/xerces/internal/util/URI
Event: 99207.288 Loading class com/sun/org/apache/xerces/internal/util/URI done
Event: 99207.293 Loading class com/sun/org/apache/xerces/internal/xni/XNIException
Event: 99207.294 Loading class com/sun/org/apache/xerces/internal/xni/XNIException done
Event: 99207.337 Loading class com/sun/org/apache/xerces/internal/xni/parser/XMLParseException
Event: 99207.338 Loading class com/sun/org/apache/xerces/internal/xni/parser/XMLParseException done

Classes unloaded (20 events):
Event: 53480.175 Thread 0x0000019e61e14ab0 Unloading class 0x0000019e01220000 'java/lang/invoke/LambdaForm$MH+0x0000019e01220000'
Event: 53480.175 Thread 0x0000019e61e14ab0 Unloading class 0x0000019e0121d400 'java/lang/invoke/LambdaForm$MH+0x0000019e0121d400'
Event: 53480.176 Thread 0x0000019e61e14ab0 Unloading class 0x0000019e01215400 'java/lang/invoke/LambdaForm$BMH+0x0000019e01215400'
Event: 53480.176 Thread 0x0000019e61e14ab0 Unloading class 0x0000019e01179800 'java/lang/invoke/LambdaForm$MH+0x0000019e01179800'
Event: 53480.176 Thread 0x0000019e61e14ab0 Unloading class 0x0000019e0116f800 'java/lang/invoke/LambdaForm$MH+0x0000019e0116f800'
Event: 53480.176 Thread 0x0000019e61e14ab0 Unloading class 0x0000019e01118000 'java/lang/invoke/LambdaForm$MH+0x0000019e01118000'
Event: 53480.176 Thread 0x0000019e61e14ab0 Unloading class 0x0000019e01082400 'java/lang/invoke/LambdaForm$MH+0x0000019e01082400'
Event: 53480.176 Thread 0x0000019e61e14ab0 Unloading class 0x0000019e01081c00 'java/lang/invoke/LambdaForm$MH+0x0000019e01081c00'
Event: 53480.176 Thread 0x0000019e61e14ab0 Unloading class 0x0000019e01081800 'java/lang/invoke/LambdaForm$MH+0x0000019e01081800'
Event: 53480.176 Thread 0x0000019e61e14ab0 Unloading class 0x0000019e01081400 'java/lang/invoke/LambdaForm$MH+0x0000019e01081400'
Event: 53480.176 Thread 0x0000019e61e14ab0 Unloading class 0x0000019e01081000 'java/lang/invoke/LambdaForm$MH+0x0000019e01081000'
Event: 53480.176 Thread 0x0000019e61e14ab0 Unloading class 0x0000019e01080800 'java/lang/invoke/LambdaForm$MH+0x0000019e01080800'
Event: 53480.176 Thread 0x0000019e61e14ab0 Unloading class 0x0000019e01080400 'java/lang/invoke/LambdaForm$MH+0x0000019e01080400'
Event: 53480.176 Thread 0x0000019e61e14ab0 Unloading class 0x0000019e01080000 'java/lang/invoke/LambdaForm$MH+0x0000019e01080000'
Event: 53480.176 Thread 0x0000019e61e14ab0 Unloading class 0x0000019e0101f800 'java/lang/invoke/LambdaForm$MH+0x0000019e0101f800'
Event: 53480.176 Thread 0x0000019e61e14ab0 Unloading class 0x0000019e0101e800 'java/lang/invoke/LambdaForm$MH+0x0000019e0101e800'
Event: 53480.176 Thread 0x0000019e61e14ab0 Unloading class 0x0000019e0101e400 'java/lang/invoke/LambdaForm$MH+0x0000019e0101e400'
Event: 53480.176 Thread 0x0000019e61e14ab0 Unloading class 0x0000019e0101dc00 'java/lang/invoke/LambdaForm$MH+0x0000019e0101dc00'
Event: 53480.176 Thread 0x0000019e61e14ab0 Unloading class 0x0000019e0101d400 'java/lang/invoke/LambdaForm$MH+0x0000019e0101d400'
Event: 53480.176 Thread 0x0000019e61e14ab0 Unloading class 0x0000019e01000400 'java/lang/invoke/LambdaForm$MH+0x0000019e01000400'

Classes redefined (0 events):
No events

Internal exceptions (20 events):
Event: 94264.427 Thread 0x0000019e452900a0 Implicit null exception at 0x0000019e6d36b773 to 0x0000019e6d36bdb4
Event: 94272.251 Thread 0x0000019e452900a0 Exception <a 'sun/nio/fs/WindowsException'{0x00000000d57af5a0}> (0x00000000d57af5a0) 
thrown [s\src\hotspot\share\prims\jni.cpp, line 520]
Event: 94272.535 Thread 0x0000019e452900a0 Exception <a 'sun/nio/fs/WindowsException'{0x00000000d5a4dec8}> (0x00000000d5a4dec8) 
thrown [s\src\hotspot\share\prims\jni.cpp, line 520]
Event: 94409.958 Thread 0x0000019e488f1da0 Implicit null exception at 0x0000019e6d817235 to 0x0000019e6d817440
Event: 94409.959 Thread 0x0000019e488f1da0 Implicit null exception at 0x0000019e6d3e9709 to 0x0000019e6d3eaa44
Event: 94409.962 Thread 0x0000019e488f1da0 Exception <a 'java/lang/NoSuchMethodError'{0x00000000d5a5a628}: 'void java.lang.invoke.DelegatingMethodHandle$Holder.reinvoke_L(java.lang.Object, java.lang.Object, int)'> (0x00000000d5a5a628) 
thrown [s\src\hotspot\share\interpreter\linkResolver.cpp, line 773]
Event: 94410.022 Thread 0x0000019e488f1da0 Exception <a 'java/lang/IncompatibleClassChangeError'{0x00000000d5bd3f40}: Found class java.lang.Object, but interface was expected> (0x00000000d5bd3f40) 
thrown [s\src\hotspot\share\interpreter\linkResolver.cpp, line 840]
Event: 94410.023 Thread 0x0000019e488f1da0 Implicit null exception at 0x0000019e6d6081e4 to 0x0000019e6d60b938
Event: 94410.111 Thread 0x0000019e488f1da0 Exception <a 'java/lang/IncompatibleClassChangeError'{0x00000000d5892858}: Found class java.lang.Object, but interface was expected> (0x00000000d5892858) 
thrown [s\src\hotspot\share\interpreter\linkResolver.cpp, line 840]
Event: 94410.150 Thread 0x0000019e488f1da0 Exception <a 'java/lang/IncompatibleClassChangeError'{0x00000000d58f9b08}: Found class java.lang.Object, but interface was expected> (0x00000000d58f9b08) 
thrown [s\src\hotspot\share\interpreter\linkResolver.cpp, line 840]
Event: 94410.366 Thread 0x0000019e4d1f00b0 Exception <a 'sun/nio/fs/WindowsException'{0x00000000d55aa618}> (0x00000000d55aa618) 
thrown [s\src\hotspot\share\prims\jni.cpp, line 520]
Event: 94410.366 Thread 0x0000019e488f1da0 Exception <a 'java/lang/IncompatibleClassChangeError'{0x00000000d55b7a00}: Found class java.lang.Object, but interface was expected> (0x00000000d55b7a00) 
thrown [s\src\hotspot\share\interpreter\linkResolver.cpp, line 840]
Event: 94410.396 Thread 0x0000019e488f1da0 Exception <a 'java/lang/IncompatibleClassChangeError'{0x00000000d55f5fe0}: Found class java.lang.Object, but interface was expected> (0x00000000d55f5fe0) 
thrown [s\src\hotspot\share\interpreter\linkResolver.cpp, line 840]
Event: 94410.424 Thread 0x0000019e4d1ec5a0 Exception <a 'java/lang/NoSuchMethodError'{0x00000000d57a1358}: 'java.lang.Object java.lang.invoke.DirectMethodHandle$Holder.invokeSpecial(java.lang.Object, java.lang.Object, java.lang.Object, java.lang.Object, int, java.lang.Object, java.lang.Object)'> (0x00000000d57a1358) 
thrown [s\src\hotspot\share\interpreter\linkResolver.cpp, line 773]
Event: 94410.424 Thread 0x0000019e46545940 Exception <a 'java/lang/NoSuchMethodError'{0x00000000d5795de0}: 'java.lang.Object java.lang.invoke.DirectMethodHandle$Holder.invokeSpecial(java.lang.Object, java.lang.Object, java.lang.Object, java.lang.Object, int, java.lang.Object, java.lang.Object)'> (0x00000000d5795de0) 
thrown [s\src\hotspot\share\interpreter\linkResolver.cpp, line 773]
Event: 94410.489 Thread 0x0000019e4d1f0dd0 Exception <a 'java/lang/NoSuchMethodError'{0x00000000d55b03d0}: 'int java.lang.invoke.Invokers$Holder.invokeExact_MT(java.lang.Object, java.lang.Object)'> (0x00000000d55b03d0) 
thrown [s\src\hotspot\share\interpreter\linkResolver.cpp, line 773]
Event: 94410.921 Thread 0x0000019e4d1efa20 Implicit null exception at 0x0000019e6d49e15a to 0x0000019e6d49e1b3
Event: 94530.569 Thread 0x0000019e46547380 Exception <a 'sun/nio/fs/WindowsException'{0x00000000d5584118}> (0x00000000d5584118) 
thrown [s\src\hotspot\share\prims\jni.cpp, line 520]
Event: 94530.569 Thread 0x0000019e46547380 Exception <a 'sun/nio/fs/WindowsException'{0x00000000d55848b0}> (0x00000000d55848b0) 
thrown [s\src\hotspot\share\prims\jni.cpp, line 520]
Event: 99207.440 Thread 0x0000019e480e4df0 Implicit null exception at 0x0000019e6d9f6541 to 0x0000019e6d9f68f8

ZGC Phase Switch (0 events):
No events

VM Operations (20 events):
Event: 94947.596 Executing non-safepoint VM operation: HandshakeAllThreads (HandshakeForDeflation) done
Event: 94947.596 Executing non-safepoint VM operation: RendezvousGCThreads
Event: 94947.596 Executing non-safepoint VM operation: RendezvousGCThreads done
Event: 95187.915 Executing non-safepoint VM operation: HandshakeAllThreads (HandshakeForDeflation)
Event: 95187.915 Executing non-safepoint VM operation: HandshakeAllThreads (HandshakeForDeflation) done
Event: 95187.915 Executing non-safepoint VM operation: RendezvousGCThreads
Event: 95187.915 Executing non-safepoint VM operation: RendezvousGCThreads done
Event: 95729.081 Executing non-safepoint VM operation: HandshakeAllThreads (HandshakeForDeflation)
Event: 95729.081 Executing non-safepoint VM operation: HandshakeAllThreads (HandshakeForDeflation) done
Event: 95729.081 Executing non-safepoint VM operation: RendezvousGCThreads
Event: 95729.081 Executing non-safepoint VM operation: RendezvousGCThreads done
Event: 99207.223 Executing safepoint VM operation: Cleanup
Event: 99207.223 Executing safepoint VM operation: Cleanup done
Event: 99207.336 Executing non-safepoint VM operation: HandshakeAllThreads (Deoptimize)
Event: 99207.336 Executing non-safepoint VM operation: HandshakeAllThreads (Deoptimize) done
Event: 99207.381 Executing non-safepoint VM operation: HandshakeAllThreads (Deoptimize)
Event: 99207.381 Executing non-safepoint VM operation: HandshakeAllThreads (Deoptimize) done
Event: 99208.059 Executing safepoint VM operation: ParallelGCFailedAllocation (Allocation Failure)
Event: 99208.116 Executing safepoint VM operation: ParallelGCFailedAllocation (Allocation Failure) done
Event: 99209.130 Executing safepoint VM operation: Cleanup

Memory protections (0 events):
No events

Nmethod flushes (20 events):
Event: 91891.443 Thread 0x0000019e61e14ab0 flushing  nmethod 0x0000019e67c9f990
Event: 91891.443 Thread 0x0000019e61e14ab0 flushing  nmethod 0x0000019e67ca5990
Event: 91891.443 Thread 0x0000019e61e14ab0 flushing  nmethod 0x0000019e67cb5d90
Event: 91891.443 Thread 0x0000019e61e14ab0 flushing  nmethod 0x0000019e67cb7d10
Event: 91891.443 Thread 0x0000019e61e14ab0 flushing  nmethod 0x0000019e67cd6190
Event: 91891.443 Thread 0x0000019e61e14ab0 flushing  nmethod 0x0000019e67ce7a90
Event: 91891.443 Thread 0x0000019e61e14ab0 flushing  nmethod 0x0000019e67cf2190
Event: 91891.443 Thread 0x0000019e61e14ab0 flushing  nmethod 0x0000019e67d1ff90
Event: 91891.443 Thread 0x0000019e61e14ab0 flushing osr nmethod 0x0000019e67d57610
Event: 91891.443 Thread 0x0000019e61e14ab0 flushing  nmethod 0x0000019e67d61110
Event: 91891.443 Thread 0x0000019e61e14ab0 flushing  nmethod 0x0000019e67da7f10
Event: 91891.443 Thread 0x0000019e61e14ab0 flushing  nmethod 0x0000019e67de1290
Event: 91891.443 Thread 0x0000019e61e14ab0 flushing  nmethod 0x0000019e67df0e10
Event: 91891.443 Thread 0x0000019e61e14ab0 flushing  nmethod 0x0000019e67e14910
Event: 91891.443 Thread 0x0000019e61e14ab0 flushing  nmethod 0x0000019e67e2cd90
Event: 91891.443 Thread 0x0000019e61e14ab0 flushing  nmethod 0x0000019e67e2e390
Event: 91891.443 Thread 0x0000019e61e14ab0 flushing  nmethod 0x0000019e67e2ed10
Event: 91891.443 Thread 0x0000019e61e14ab0 flushing  nmethod 0x0000019e67e30510
Event: 91891.443 Thread 0x0000019e61e14ab0 flushing  nmethod 0x0000019e67e31490
Event: 91891.443 Thread 0x0000019e61e14ab0 flushing  nmethod 0x0000019e67e4d290

Events (20 events):
Event: 94546.133 Thread 0x0000019e4d1ed2c0 Thread exited: 0x0000019e4d1ed2c0
Event: 94546.133 Thread 0x0000019e488eefb0 Thread exited: 0x0000019e488eefb0
Event: 94546.133 Thread 0x0000019e4d1ea4d0 Thread exited: 0x0000019e4d1ea4d0
Event: 94546.145 Thread 0x0000019e4d1ecc30 Thread exited: 0x0000019e4d1ecc30
Event: 94546.157 Thread 0x0000019e4d1e9e40 Thread exited: 0x0000019e4d1e9e40
Event: 94564.126 Thread 0x0000019e488f2430 Thread exited: 0x0000019e488f2430
Event: 94564.332 Thread 0x0000019e4d1eb880 Thread exited: 0x0000019e4d1eb880
Event: 94564.332 Thread 0x0000019e488f58b0 Thread exited: 0x0000019e488f58b0
Event: 94564.435 Thread 0x0000019e488f3e70 Thread exited: 0x0000019e488f3e70
Event: 94564.447 Thread 0x0000019e488f3150 Thread exited: 0x0000019e488f3150
Event: 94572.362 Thread 0x0000019e488f4500 Thread exited: 0x0000019e488f4500
Event: 94591.761 Thread 0x0000019e4d1ec5a0 Thread exited: 0x0000019e4d1ec5a0
Event: 94651.761 Thread 0x0000019e46545940 Thread exited: 0x0000019e46545940
Event: 94711.762 Thread 0x0000019e4d1eb1f0 Thread exited: 0x0000019e4d1eb1f0
Event: 94771.764 Thread 0x0000019e4d1ef390 Thread exited: 0x0000019e4d1ef390
Event: 99207.204 Thread 0x0000019e488efcd0 Thread added: 0x0000019e46544590
Event: 99207.372 Thread 0x0000019e79bfe760 Thread added: 0x0000019e48bd1d90
Event: 99207.823 Thread 0x0000019e48bd1d90 Thread added: 0x0000019e48bd3fa0
Event: 99207.823 Thread 0x0000019e48bd1d90 Thread added: 0x0000019e48bd2460
Event: 99208.117 Thread 0x0000019e48bd2460 Thread exited: 0x0000019e48bd2460


Dynamic libraries:
0x00007ff6a6d10000 - 0x00007ff6a6d1e000 	c:\Users\Thinhpa\.vscode\extensions\redhat.java-1.54.0-win32-x64\jre\21.0.10-win32-x86_64\bin\java.exe
0x00007ff9dad80000 - 0x00007ff9dafe7000 	C:\WINDOWS\SYSTEM32\ntdll.dll
0x00007ff9d9220000 - 0x00007ff9d92e9000 	C:\WINDOWS\System32\KERNEL32.DLL
0x00007ff9d8000000 - 0x00007ff9d83f4000 	C:\WINDOWS\System32\KERNELBASE.dll
0x00007ff9d8400000 - 0x00007ff9d854b000 	C:\WINDOWS\System32\ucrtbase.dll
0x00007ff9534b0000 - 0x00007ff9534c8000 	c:\Users\Thinhpa\.vscode\extensions\redhat.java-1.54.0-win32-x64\jre\21.0.10-win32-x86_64\bin\jli.dll
0x00007ff9d8e60000 - 0x00007ff9d9025000 	C:\WINDOWS\System32\USER32.dll
0x00007ff9d8550000 - 0x00007ff9d8577000 	C:\WINDOWS\System32\win32u.dll
0x00007ff9da210000 - 0x00007ff9da23b000 	C:\WINDOWS\System32\GDI32.dll
0x00007ff953490000 - 0x00007ff9534ae000 	c:\Users\Thinhpa\.vscode\extensions\redhat.java-1.54.0-win32-x64\jre\21.0.10-win32-x86_64\bin\VCRUNTIME140.dll
0x00007ff9d86f0000 - 0x00007ff9d881b000 	C:\WINDOWS\System32\gdi32full.dll
0x00007ff9d8a60000 - 0x00007ff9d8b03000 	C:\WINDOWS\System32\msvcp_win.dll
0x00007ff9b7da0000 - 0x00007ff9b8033000 	C:\WINDOWS\WinSxS\amd64_microsoft.windows.common-controls_6595b64144ccf1df_6.0.26100.8115_none_3e075c82e3354f9c\COMCTL32.dll
0x00007ff9d8b10000 - 0x00007ff9d8bb9000 	C:\WINDOWS\System32\msvcrt.dll
0x00007ff9d98d0000 - 0x00007ff9d9902000 	C:\WINDOWS\System32\IMM32.DLL
0x00007ff953480000 - 0x00007ff95348c000 	c:\Users\Thinhpa\.vscode\extensions\redhat.java-1.54.0-win32-x64\jre\21.0.10-win32-x86_64\bin\vcruntime140_1.dll
0x00007ff9533f0000 - 0x00007ff95347d000 	c:\Users\Thinhpa\.vscode\extensions\redhat.java-1.54.0-win32-x64\jre\21.0.10-win32-x86_64\bin\msvcp140.dll
0x00007ff951d40000 - 0x00007ff952ae1000 	c:\Users\Thinhpa\.vscode\extensions\redhat.java-1.54.0-win32-x64\jre\21.0.10-win32-x86_64\bin\server\jvm.dll
0x00007ff9d9380000 - 0x00007ff9d9436000 	C:\WINDOWS\System32\ADVAPI32.dll
0x00007ff9d99f0000 - 0x00007ff9d9a97000 	C:\WINDOWS\System32\sechost.dll
0x00007ff9da320000 - 0x00007ff9da438000 	C:\WINDOWS\System32\RPCRT4.dll
0x00007ff9da240000 - 0x00007ff9da2c0000 	C:\WINDOWS\System32\WS2_32.dll
0x00007ff9cdce0000 - 0x00007ff9cdd16000 	C:\WINDOWS\SYSTEM32\WINMM.dll
0x00007ff9d74b0000 - 0x00007ff9d750e000 	C:\WINDOWS\SYSTEM32\POWRPROF.dll
0x00007ff9c8c40000 - 0x00007ff9c8c4b000 	C:\WINDOWS\SYSTEM32\VERSION.dll
0x00007ff9d7490000 - 0x00007ff9d74a4000 	C:\WINDOWS\SYSTEM32\UMPDC.dll
0x00007ff9d63a0000 - 0x00007ff9d63bb000 	C:\WINDOWS\SYSTEM32\kernel.appcore.dll
0x00007ff9533e0000 - 0x00007ff9533ea000 	c:\Users\Thinhpa\.vscode\extensions\redhat.java-1.54.0-win32-x64\jre\21.0.10-win32-x86_64\bin\jimage.dll
0x00007ff9d5010000 - 0x00007ff9d5252000 	C:\WINDOWS\SYSTEM32\DBGHELP.DLL
0x00007ff9da730000 - 0x00007ff9daab2000 	C:\WINDOWS\System32\combase.dll
0x00007ff9d9910000 - 0x00007ff9d99e8000 	C:\WINDOWS\System32\OLEAUT32.dll
0x00007ff9ab8f0000 - 0x00007ff9ab92b000 	C:\WINDOWS\SYSTEM32\dbgcore.DLL
0x00007ff9d7650000 - 0x00007ff9d76f5000 	C:\WINDOWS\System32\bcryptPrimitives.dll
0x00007ff9533d0000 - 0x00007ff9533df000 	c:\Users\Thinhpa\.vscode\extensions\redhat.java-1.54.0-win32-x64\jre\21.0.10-win32-x86_64\bin\instrument.dll
0x00007ff9533b0000 - 0x00007ff9533d0000 	c:\Users\Thinhpa\.vscode\extensions\redhat.java-1.54.0-win32-x64\jre\21.0.10-win32-x86_64\bin\java.dll
0x00007ff9d9aa0000 - 0x00007ff9da207000 	C:\WINDOWS\System32\SHELL32.dll
0x00007ff9d8580000 - 0x00007ff9d86ea000 	C:\WINDOWS\System32\wintypes.dll
0x00007ff9d7790000 - 0x00007ff9d7ff8000 	C:\WINDOWS\System32\windows.storage.dll
0x00007ff9d9030000 - 0x00007ff9d9128000 	C:\WINDOWS\System32\SHCORE.dll
0x00007ff9daac0000 - 0x00007ff9dab26000 	C:\WINDOWS\System32\shlwapi.dll
0x00007ff9d7570000 - 0x00007ff9d7599000 	C:\WINDOWS\SYSTEM32\profapi.dll
0x00007ff953390000 - 0x00007ff9533a8000 	c:\Users\Thinhpa\.vscode\extensions\redhat.java-1.54.0-win32-x64\jre\21.0.10-win32-x86_64\bin\zip.dll
0x00007ff953380000 - 0x00007ff953390000 	C:\Users\Thinhpa\.vscode\extensions\redhat.java-1.54.0-win32-x64\jre\21.0.10-win32-x86_64\bin\net.dll
0x00007ff9ccd40000 - 0x00007ff9cce6d000 	C:\WINDOWS\SYSTEM32\WINHTTP.dll
0x00007ff9d68f0000 - 0x00007ff9d695c000 	C:\WINDOWS\system32\mswsock.dll
0x00007ff9531b0000 - 0x00007ff9531c6000 	C:\Users\Thinhpa\.vscode\extensions\redhat.java-1.54.0-win32-x64\jre\21.0.10-win32-x86_64\bin\nio.dll
0x00007ff953370000 - 0x00007ff953380000 	c:\Users\Thinhpa\.vscode\extensions\redhat.java-1.54.0-win32-x64\jre\21.0.10-win32-x86_64\bin\verify.dll
0x00007ff955490000 - 0x00007ff9554d5000 	C:\Users\Thinhpa\AppData\Roaming\Code\User\globalStorage\redhat.java\1.54.0\config_win\org.eclipse.equinox.launcher\org.eclipse.equinox.launcher.win32.win32.x86_64_1.3.0.v20260203-2149\eclipse_11919.dll
0x00007ff9d8cc0000 - 0x00007ff9d8e57000 	C:\WINDOWS\System32\ole32.dll
0x00007ff9d6cf0000 - 0x00007ff9d6d0b000 	C:\WINDOWS\SYSTEM32\CRYPTSP.dll
0x00007ff9d6300000 - 0x00007ff9d6339000 	C:\WINDOWS\system32\rsaenh.dll
0x00007ff9d69a0000 - 0x00007ff9d69d3000 	C:\WINDOWS\SYSTEM32\USERENV.dll
0x00007ff9d7540000 - 0x00007ff9d756a000 	C:\WINDOWS\SYSTEM32\bcrypt.dll
0x00007ff9d6b50000 - 0x00007ff9d6b5c000 	C:\WINDOWS\SYSTEM32\CRYPTBASE.dll
0x00007ff9d5d80000 - 0x00007ff9d5db2000 	C:\WINDOWS\SYSTEM32\IPHLPAPI.DLL
0x00007ff9d9130000 - 0x00007ff9d913a000 	C:\WINDOWS\System32\NSI.dll
0x00007ff9a3ed0000 - 0x00007ff9a3f19000 	C:\Users\Thinhpa\AppData\Local\Temp\jna-318679808\jna15543658087358283561.dll
0x00007ff9d9370000 - 0x00007ff9d9378000 	C:\WINDOWS\System32\PSAPI.DLL
0x00007ff9c8c20000 - 0x00007ff9c8c3d000 	C:\WINDOWS\SYSTEM32\dhcpcsvc6.DLL
0x00007ff9c8c50000 - 0x00007ff9c8c75000 	C:\WINDOWS\SYSTEM32\dhcpcsvc.DLL
0x00007ff9d64c0000 - 0x00007ff9d64f6000 	C:\WINDOWS\SYSTEM32\ntmarta.dll
0x00007ff9d23b0000 - 0x00007ff9d23be000 	C:\Users\Thinhpa\.vscode\extensions\redhat.java-1.54.0-win32-x64\jre\21.0.10-win32-x86_64\bin\sunmscapi.dll
0x00007ff9d8820000 - 0x00007ff9d8997000 	C:\WINDOWS\System32\CRYPT32.dll
0x00007ff9d6e50000 - 0x00007ff9d6e80000 	C:\WINDOWS\SYSTEM32\ncrypt.dll
0x00007ff9d6e00000 - 0x00007ff9d6e3f000 	C:\WINDOWS\SYSTEM32\NTASN1.dll

JVMTI agents:
c:\Users\Thinhpa\.vscode\extensions\redhat.java-1.54.0-win32-x64\lombok\lombok-1.18.39-4050.jar path:c:\Users\Thinhpa\.vscode\extensions\redhat.java-1.54.0-win32-x64\jre\21.0.10-win32-x86_64\bin\instrument.dll, loaded, initialized, instrumentlib options:none

dbghelp: loaded successfully - version: 4.0.5 - missing functions: none
symbol engine: initialized successfully - sym options: 0x614 - pdb path: .;c:\Users\Thinhpa\.vscode\extensions\redhat.java-1.54.0-win32-x64\jre\21.0.10-win32-x86_64\bin;C:\WINDOWS\SYSTEM32;C:\WINDOWS\WinSxS\amd64_microsoft.windows.common-controls_6595b64144ccf1df_6.0.26100.8115_none_3e075c82e3354f9c;c:\Users\Thinhpa\.vscode\extensions\redhat.java-1.54.0-win32-x64\jre\21.0.10-win32-x86_64\bin\server;C:\Users\Thinhpa\AppData\Roaming\Code\User\globalStorage\redhat.java\1.54.0\config_win\org.eclipse.equinox.launcher\org.eclipse.equinox.launcher.win32.win32.x86_64_1.3.0.v20260203-2149;C:\Users\Thinhpa\AppData\Local\Temp\jna-318679808

VM Arguments:
jvm_args: --add-modules=ALL-SYSTEM --add-opens=java.base/java.util=ALL-UNNAMED --add-opens=java.base/java.lang=ALL-UNNAMED --add-opens=java.base/sun.nio.fs=ALL-UNNAMED -Declipse.application=org.eclipse.jdt.ls.core.id1 -Dosgi.bundles.defaultStartLevel=4 -Declipse.product=org.eclipse.jdt.ls.core.product -Djava.import.generatesMetadataFilesAtProjectRoot=false -DDetectVMInstallationsJob.disabled=true -Dfile.encoding=utf8 -XX:+UseParallelGC -XX:GCTimeRatio=4 -XX:AdaptiveSizePolicyWeight=90 -Dsun.zip.disableMemoryMapping=true -Xmx2G -Xms100m -Xlog:disable -javaagent:c:\Users\Thinhpa\.vscode\extensions\redhat.java-1.54.0-win32-x64\lombok\lombok-1.18.39-4050.jar -XX:+HeapDumpOnOutOfMemoryError -XX:HeapDumpPath=c:\Users\Thinhpa\AppData\Roaming\Code\User\workspaceStorage\fa1a3e468aabf42a35b8464760eae321\redhat.java -Daether.dependencyCollector.impl=bf 
java_command: c:\Users\Thinhpa\.vscode\extensions\redhat.java-1.54.0-win32-x64\server\plugins\org.eclipse.equinox.launcher_1.7.100.v20251111-0406.jar -configuration c:\Users\Thinhpa\AppData\Roaming\Code\User\globalStorage\redhat.java\1.54.0\config_win -data c:\Users\Thinhpa\AppData\Roaming\Code\User\workspaceStorage\fa1a3e468aabf42a35b8464760eae321\redhat.java\jdt_ws --pipe=\\.\pipe\lsp-7206bcf4ef98dba4133f1000c2b80a1d-sock
java_class_path (initial): c:\Users\Thinhpa\.vscode\extensions\redhat.java-1.54.0-win32-x64\server\plugins\org.eclipse.equinox.launcher_1.7.100.v20251111-0406.jar
Launcher Type: SUN_STANDARD

[Global flags]
    uintx AdaptiveSizePolicyWeight                 = 90                                        {product} {command line}
     intx CICompilerCount                          = 12                                        {product} {ergonomic}
    uintx GCTimeRatio                              = 4                                         {product} {command line}
     bool HeapDumpOnOutOfMemoryError               = true                                   {manageable} {command line}
    ccstr HeapDumpPath                             = c:\Users\Thinhpa\AppData\Roaming\Code\User\workspaceStorage\fa1a3e468aabf42a35b8464760eae321\redhat.java         {manageable} {command line}
   size_t InitialHeapSize                          = 104857600                                 {product} {command line}
   size_t MaxHeapSize                              = 2147483648                                {product} {command line}
   size_t MaxNewSize                               = 715653120                                 {product} {ergonomic}
   size_t MinHeapDeltaBytes                        = 524288                                    {product} {ergonomic}
   size_t MinHeapSize                              = 104857600                                 {product} {command line}
   size_t NewSize                                  = 34603008                                  {product} {ergonomic}
    uintx NonNMethodCodeHeapSize                   = 7602480                                {pd product} {ergonomic}
    uintx NonProfiledCodeHeapSize                  = 122027880                              {pd product} {ergonomic}
   size_t OldSize                                  = 70254592                                  {product} {ergonomic}
    uintx ProfiledCodeHeapSize                     = 122027880                              {pd product} {ergonomic}
    uintx ReservedCodeCacheSize                    = 251658240                              {pd product} {ergonomic}
     bool SegmentedCodeCache                       = true                                      {product} {ergonomic}
   size_t SoftMaxHeapSize                          = 2147483648                             {manageable} {ergonomic}
     bool UseCompressedOops                        = true                           {product lp64_product} {ergonomic}
     bool UseLargePagesIndividualAllocation        = false                                  {pd product} {ergonomic}
     bool UseParallelGC                            = true                                      {product} {command line}

Logging:
Log output configuration:
 #0: stdout all=off uptime,level,tags foldmultilines=false
 #1: stderr all=off uptime,level,tags foldmultilines=false

Release file:
JAVA_VERSION="21.0.10" 
MODULES="java.base java.compiler java.datatransfer java.xml java.prefs java.desktop java.instrument java.logging java.management java.security.sasl java.naming java.rmi java.management.rmi java.net.http java.scripting java.security.jgss java.transaction.xa java.sql java.sql.rowset java.xml.crypto java.se java.smartcardio jdk.accessibility jdk.internal.jvmstat jdk.attach jdk.charsets jdk.internal.opt jdk.zipfs jdk.compiler jdk.crypto.ec jdk.crypto.cryptoki jdk.crypto.mscapi jdk.dynalink jdk.internal.ed jdk.editpad jdk.hotspot.agent jdk.httpserver jdk.internal.le jdk.internal.vm.ci jdk.internal.vm.compiler jdk.internal.vm.compiler.management jdk.jartool jdk.javadoc jdk.jcmd jdk.management jdk.management.agent jdk.jconsole jdk.jdeps jdk.jdwp.agent jdk.jdi jdk.jfr jdk.jshell jdk.jsobject jdk.jstatd jdk.localedata jdk.management.jfr jdk.naming.dns jdk.naming.rmi jdk.net jdk.nio.mapmode jdk.random jdk.sctp jdk.security.auth jdk.security.jgss jdk.unsupported jdk.unsupported.desktop jdk.xml.dom" 

Environment Variables:
JAVA_HOME=C:\Program Files\Eclipse Adoptium\jdk-17.0.14.7-hotspot\
PATH=C:\Users\Thinhpa\AppData\Local\Programs\Microsoft VS Code;D:\D\bin\;C:\Program Files\Common Files\Oracle\Java\javapath;C:\Program Files\Eclipse Adoptium\jdk-17.0.14.7-hotspot\bin;C:\Windows\system32;C:\Windows;C:\Windows\System32\Wbem;C:\Windows\System32\WindowsPowerShell\v1.0\;C:\Windows\System32\OpenSSH\;C:\Program Files (x86)\NVIDIA Corporation\PhysX\Common;C:\xampp\php;C:\ProgramData\ComposerSetup\bin;C:\Program Files\Apache\maven\bin;C:\Program Files\nodejs\;C:\WINDOWS\system32;C:\WINDOWS;C:\WINDOWS\System32\Wbem;C:\WINDOWS\System32\WindowsPowerShell\v1.0\;C:\WINDOWS\System32\OpenSSH\;C:\Program Files\Docker\Docker\resources\bin;C:\Program Files\Git\cmd;C:\Program Files\PostgreSQL\18\bin;C:\Users\Thinhpa\AppData\Roaming\npm;D:\D\bin\;C:\Program Files\Common Files\Oracle\Java\javapath;C:\Program Files\Eclipse Adoptium\jdk-17.0.14.7-hotspot\bin;C:\Windows\system32;C:\Windows;C:\Windows\System32\Wbem;C:\Windows\System32\WindowsPowerShell\v1.0\;C:\Windows\System32\OpenSSH\;C:\Program Files (x86)\NVIDIA Corporation\PhysX\Common;C:\xampp\php;C:\ProgramData\ComposerSetup\bin;C:\Program Files\Apache\maven\bin;C:\Program Files\nodejs\;C:\WINDOWS\system32;C:\WINDOWS;C:\WINDOWS\System32\Wbem;C:\WINDOWS\System32\WindowsPowerShell\v1.0\;C:\WINDOWS\System32\OpenSSH\;C:\Program Files\Docker\Docker\resources\bin;C:\Program Files\Git\cmd;C:\Program Files\PostgreSQL\18\bin;C:\Users\Thinhpa\AppData\Roaming\npm;;C:\Users\Thinhpa\AppData\Roaming\npm;C:\Users\Thinhpa\AppData\Local\Programs\Microsoft VS Code\bin
USERNAME=Thinhpa
OS=Windows_NT
PROCESSOR_IDENTIFIER=Intel64 Family 6 Model 154 Stepping 3, GenuineIntel
TMP=C:\Users\Thinhpa\AppData\Local\Temp
TEMP=C:\Users\Thinhpa\AppData\Local\Temp




Periodic native trim disabled

---------------  S Y S T E M  ---------------

OS:
 Windows 11 , 64 bit Build 26100 (10.0.26100.8246)
OS uptime: 1 days 3:34 hours
Hyper-V role detected

CPU: total 16 (initial active 16) (8 cores per cpu, 2 threads per core) family 6 model 154 stepping 3 microcode 0x423, cx8, cmov, fxsr, ht, mmx, 3dnowpref, sse, sse2, sse3, ssse3, sse4.1, sse4.2, popcnt, lzcnt, tsc, tscinvbit, avx, avx2, aes, erms, clmul, bmi1, bmi2, adx, sha, fma, vzeroupper, clflush, clflushopt, clwb, hv, serialize, rdtscp, rdpid, fsrm, f16c, cet_ibt, cet_ss
Processor Information for processor 0
  Max Mhz: 3100, Current Mhz: 3100, Mhz Limit: 3100
Processor Information for processor 1
  Max Mhz: 3100, Current Mhz: 3100, Mhz Limit: 3100
Processor Information for processor 2
  Max Mhz: 3100, Current Mhz: 3100, Mhz Limit: 3100
Processor Information for processor 3
  Max Mhz: 3100, Current Mhz: 3100, Mhz Limit: 3100
Processor Information for processor 4
  Max Mhz: 3100, Current Mhz: 3100, Mhz Limit: 3100
Processor Information for processor 5
  Max Mhz: 3100, Current Mhz: 3100, Mhz Limit: 3100
Processor Information for processor 6
  Max Mhz: 3100, Current Mhz: 3100, Mhz Limit: 3100
Processor Information for processor 7
  Max Mhz: 3100, Current Mhz: 3100, Mhz Limit: 3100
Processor Information for processor 8
  Max Mhz: 3100, Current Mhz: 2232, Mhz Limit: 2232
Processor Information for processor 9
  Max Mhz: 3100, Current Mhz: 2232, Mhz Limit: 2232
Processor Information for processor 10
  Max Mhz: 3100, Current Mhz: 2232, Mhz Limit: 2232
Processor Information for processor 11
  Max Mhz: 3100, Current Mhz: 2232, Mhz Limit: 2232
Processor Information for processor 12
  Max Mhz: 3100, Current Mhz: 2232, Mhz Limit: 2232
Processor Information for processor 13
  Max Mhz: 3100, Current Mhz: 2232, Mhz Limit: 2232
Processor Information for processor 14
  Max Mhz: 3100, Current Mhz: 2232, Mhz Limit: 2232
Processor Information for processor 15
  Max Mhz: 3100, Current Mhz: 2232, Mhz Limit: 2232

Memory: 4k page, system-wide physical 16088M (1097M free)
TotalPageFile size 29068M (AvailPageFile size 16M)
current process WorkingSet (physical memory assigned to process): 220M, peak: 1364M
current process commit charge ("private bytes"): 1748M, peak: 1804M

vm_info: OpenJDK 64-Bit Server VM (21.0.10+7-LTS) for windows-amd64 JRE (21.0.10+7-LTS), built on 2026-01-20T00:00:00Z by "admin" with MS VC++ 17.12 (VS2022)

END.
